{
  "text": " Apollo 11, Houston we got a recommendation for you on your Soyuz VEA GLEME GVA. Alright, okay, we like to see you guys. They make it one or two on the helmet. We're going to have a B1 and you can put the other one on the mic helmet with those GVA blizzard frames. I got them better now than you want. I got the other one right there. They're going to the leak reshaping. We got them in there. I'm in the bag. And I just, I don't know how to speak to you. Yeah. I'm in the helmet bag. I'm in the leases. I'm in the bag. Right here. Right here. I'm thinking Nick and me ought to say, Okay, fine, we weren't sure of that, just a suggestion. We thought we'd, you could check it out. I guess we're going to come up with it, let us know. Okay, no problem. No problem. No problem. No problem. We'll let you know when the end of the night. Bye.",
  "segments": [
    {
      "id": 0,
      "seek": 0,
      "start": 0.64,
      "end": 6.86,
      "text": " Apollo 11, Houston we got a recommendation for you on your Soyuz VEA GLEME GVA.",
      "tokens": [
        25187,
        2975,
        11,
        18717,
        321,
        658,
        257,
        11879,
        337,
        291,
        322,
        428,
        24758,
        3334,
        691,
        36,
        32,
        460,
        2634,
        15454,
        460,
        20914,
        13
      ],
      "temperature": 0.1,
      "avg_logprob": -0.7245735356837143,
      "compression_ratio": 1.3697916666666667,
      "no_speech_prob": 0.4499817192554474,
      "confidence": 0.538,
      "words": [
        {
          "text": "Apollo",
          "start": 0.64,
          "end": 0.98,
          "confidence": 0.154
        },
        {
          "text": "11,",
          "start": 0.98,
          "end": 1.42,
          "confidence": 0.977
        },
        {
          "text": "Houston",
          "start": 1.42,
          "end": 1.78,
          "confidence": 0.986
        },
        {
          "text": "we",
          "start": 1.78,
          "end": 1.98,
          "confidence": 0.519
        },
        {
          "text": "got",
          "start": 1.98,
          "end": 2.16,
          "confidence": 0.823
        },
        {
          "text": "a",
          "start": 2.16,
          "end": 2.32,
          "confidence": 0.989
        },
        {
          "text": "recommendation",
          "start": 2.32,
          "end": 3.08,
          "confidence": 0.968
        },
        {
          "text": "for",
          "start": 3.08,
          "end": 3.5,
          "confidence": 0.946
        },
        {
          "text": "you",
          "start": 3.5,
          "end": 3.72,
          "confidence": 0.984
        },
        {
          "text": "on",
          "start": 3.72,
          "end": 4.24,
          "confidence": 0.91
        },
        {
          "text": "your",
          "start": 4.24,
          "end": 4.28,
          "confidence": 0.972
        },
        {
          "text": "Soyuz",
          "start": 4.28,
          "end": 4.92,
          "confidence": 0.283
        },
        {
          "text": "VEA",
          "start": 4.92,
          "end": 5.44,
          "confidence": 0.336
        },
        {
          "text": "GLEME",
          "start": 5.44,
          "end": 6.04,
          "confidence": 0.456
        },
        {
          "text": "GVA.",
          "start": 6.04,
          "end": 6.86,
          "confidence": 0.394
        }
      ]
    },
    {
      "id": 1,
      "seek": 0,
      "start": 10.82,
      "end": 15.24,
      "text": " Alright, okay, we like to see you guys.",
      "tokens": [
        2798,
        11,
        1392,
        11,
        321,
        411,
        281,
        536,
        291,
        1074,
        13
      ],
      "temperature": 0.1,
      "avg_logprob": -0.7245735356837143,
      "compression_ratio": 1.3697916666666667,
      "no_speech_prob": 0.4499817192554474,
      "confidence": 0.32,
      "words": [
        {
          "text": "Alright,",
          "start": 10.82,
          "end": 12.5,
          "confidence": 0.301
        },
        {
          "text": "okay,",
          "start": 12.5,
          "end": 12.9,
          "confidence": 0.502
        },
        {
          "text": "we",
          "start": 12.9,
          "end": 13.0,
          "confidence": 0.601
        },
        {
          "text": "like",
          "start": 13.0,
          "end": 13.4,
          "confidence": 0.501
        },
        {
          "text": "to",
          "start": 13.4,
          "end": 13.66,
          "confidence": 0.26
        },
        {
          "text": "see",
          "start": 13.66,
          "end": 14.04,
          "confidence": 0.09
        },
        {
          "text": "you",
          "start": 14.04,
          "end": 14.08,
          "confidence": 0.145
        },
        {
          "text": "guys.",
          "start": 14.08,
          "end": 15.24,
          "confidence": 0.711
        }
      ]
    },
    {
      "id": 2,
      "seek": 0,
      "start": 15.24,
      "end": 17.2,
      "text": " They make it one or two on the helmet.",
      "tokens": [
        814,
        652,
        309,
        472,
        420,
        732,
        322,
        264,
        15922,
        13
      ],
      "temperature": 0.1,
      "avg_logprob": -0.7245735356837143,
      "compression_ratio": 1.3697916666666667,
      "no_speech_prob": 0.4499817192554474,
      "confidence": 0.489,
      "words": [
        {
          "text": "They",
          "start": 15.24,
          "end": 15.58,
          "confidence": 0.524
        },
        {
          "text": "make",
          "start": 15.58,
          "end": 15.76,
          "confidence": 0.518
        },
        {
          "text": "it",
          "start": 15.76,
          "end": 15.92,
          "confidence": 0.285
        },
        {
          "text": "one",
          "start": 15.92,
          "end": 16.12,
          "confidence": 0.315
        },
        {
          "text": "or",
          "start": 16.12,
          "end": 16.34,
          "confidence": 0.154
        },
        {
          "text": "two",
          "start": 16.34,
          "end": 16.46,
          "confidence": 0.971
        },
        {
          "text": "on",
          "start": 16.46,
          "end": 16.72,
          "confidence": 0.693
        },
        {
          "text": "the",
          "start": 16.72,
          "end": 16.92,
          "confidence": 0.88
        },
        {
          "text": "helmet.",
          "start": 16.92,
          "end": 17.2,
          "confidence": 0.724
        }
      ]
    },
    {
      "id": 3,
      "seek": 0,
      "start": 17.2,
      "end": 24.7,
      "text": " We're going to have a B1 and you can put the other one on the mic helmet with those GVA blizzard frames.",
      "tokens": [
        492,
        434,
        516,
        281,
        362,
        257,
        363,
        16,
        293,
        291,
        393,
        829,
        264,
        661,
        472,
        322,
        264,
        3123,
        15922,
        365,
        729,
        460,
        20914,
        888,
        31062,
        12083,
        13
      ],
      "temperature": 0.1,
      "avg_logprob": -0.7245735356837143,
      "compression_ratio": 1.3697916666666667,
      "no_speech_prob": 0.4499817192554474,
      "confidence": 0.541,
      "words": [
        {
          "text": "We're",
          "start": 17.2,
          "end": 17.84,
          "confidence": 0.623
        },
        {
          "text": "going",
          "start": 17.84,
          "end": 18.04,
          "confidence": 0.551
        },
        {
          "text": "to",
          "start": 18.04,
          "end": 18.26,
          "confidence": 0.993
        },
        {
          "text": "have",
          "start": 18.26,
          "end": 18.3,
          "confidence": 0.948
        },
        {
          "text": "a",
          "start": 18.3,
          "end": 18.4,
          "confidence": 0.351
        },
        {
          "text": "B1",
          "start": 18.4,
          "end": 19.22,
          "confidence": 0.826
        },
        {
          "text": "and",
          "start": 19.22,
          "end": 20.16,
          "confidence": 0.483
        },
        {
          "text": "you",
          "start": 20.16,
          "end": 20.34,
          "confidence": 0.847
        },
        {
          "text": "can",
          "start": 20.34,
          "end": 20.54,
          "confidence": 0.686
        },
        {
          "text": "put",
          "start": 20.54,
          "end": 20.72,
          "confidence": 0.968
        },
        {
          "text": "the",
          "start": 20.72,
          "end": 20.86,
          "confidence": 0.975
        },
        {
          "text": "other",
          "start": 20.86,
          "end": 21.06,
          "confidence": 0.995
        },
        {
          "text": "one",
          "start": 21.06,
          "end": 21.26,
          "confidence": 0.97
        },
        {
          "text": "on",
          "start": 21.26,
          "end": 21.68,
          "confidence": 0.981
        },
        {
          "text": "the",
          "start": 21.68,
          "end": 21.8,
          "confidence": 0.614
        },
        {
          "text": "mic",
          "start": 21.8,
          "end": 22.56,
          "confidence": 0.462
        },
        {
          "text": "helmet",
          "start": 22.56,
          "end": 22.92,
          "confidence": 0.933
        },
        {
          "text": "with",
          "start": 22.92,
          "end": 23.2,
          "confidence": 0.422
        },
        {
          "text": "those",
          "start": 23.2,
          "end": 23.5,
          "confidence": 0.352
        },
        {
          "text": "GVA",
          "start": 23.5,
          "end": 23.86,
          "confidence": 0.318
        },
        {
          "text": "blizzard",
          "start": 23.86,
          "end": 24.3,
          "confidence": 0.104
        },
        {
          "text": "frames.",
          "start": 24.3,
          "end": 24.7,
          "confidence": 0.225
        }
      ]
    },
    {
      "id": 4,
      "seek": 2500,
      "start": 31.36,
      "end": 35.21,
      "text": " I got them better now than you want.",
      "tokens": [
        286,
        658,
        552,
        1101,
        586,
        813,
        291,
        528,
        13
      ],
      "temperature": 0.1,
      "avg_logprob": -0.70227476755778,
      "compression_ratio": 1.7228260869565217,
      "no_speech_prob": 0.8235694169998169,
      "confidence": 0.332,
      "words": [
        {
          "text": "I",
          "start": 31.36,
          "end": 31.54,
          "confidence": 0.121
        },
        {
          "text": "got",
          "start": 31.54,
          "end": 32.0,
          "confidence": 0.463
        },
        {
          "text": "them",
          "start": 32.0,
          "end": 32.16,
          "confidence": 0.265
        },
        {
          "text": "better",
          "start": 32.16,
          "end": 33.78,
          "confidence": 0.205
        },
        {
          "text": "now",
          "start": 33.78,
          "end": 34.16,
          "confidence": 0.77
        },
        {
          "text": "than",
          "start": 34.16,
          "end": 34.4,
          "confidence": 0.442
        },
        {
          "text": "you",
          "start": 34.4,
          "end": 34.72,
          "confidence": 0.177
        },
        {
          "text": "want.",
          "start": 34.72,
          "end": 35.21,
          "confidence": 0.811
        }
      ]
    },
    {
      "id": 5,
      "seek": 2500,
      "start": 35.21,
      "end": 36.52,
      "text": " I got the other one right there.",
      "tokens": [
        286,
        658,
        264,
        661,
        472,
        558,
        456,
        13
      ],
      "temperature": 0.1,
      "avg_logprob": -0.70227476755778,
      "compression_ratio": 1.7228260869565217,
      "no_speech_prob": 0.8235694169998169,
      "confidence": 0.359,
      "words": [
        {
          "text": "I",
          "start": 35.21,
          "end": 35.38,
          "confidence": 0.287
        },
        {
          "text": "got",
          "start": 35.38,
          "end": 35.58,
          "confidence": 0.438
        },
        {
          "text": "the",
          "start": 35.58,
          "end": 35.74,
          "confidence": 0.261
        },
        {
          "text": "other",
          "start": 35.74,
          "end": 35.78,
          "confidence": 0.319
        },
        {
          "text": "one",
          "start": 35.78,
          "end": 35.9,
          "confidence": 0.811
        },
        {
          "text": "right",
          "start": 35.9,
          "end": 36.12,
          "confidence": 0.199
        },
        {
          "text": "there.",
          "start": 36.12,
          "end": 36.52,
          "confidence": 0.454
        }
      ]
    },
    {
      "id": 6,
      "seek": 2500,
      "start": 37.7,
      "end": 39.38,
      "text": " They're going to the leak reshaping.",
      "tokens": [
        814,
        434,
        516,
        281,
        264,
        17143,
        725,
        71,
        569,
        278,
        13
      ],
      "temperature": 0.1,
      "avg_logprob": -0.70227476755778,
      "compression_ratio": 1.7228260869565217,
      "no_speech_prob": 0.8235694169998169,
      "confidence": 0.252,
      "words": [
        {
          "text": "They're",
          "start": 37.7,
          "end": 38.18,
          "confidence": 0.313
        },
        {
          "text": "going",
          "start": 38.18,
          "end": 38.22,
          "confidence": 0.906
        },
        {
          "text": "to",
          "start": 38.22,
          "end": 38.5,
          "confidence": 0.271
        },
        {
          "text": "the",
          "start": 38.5,
          "end": 38.54,
          "confidence": 0.097
        },
        {
          "text": "leak",
          "start": 38.54,
          "end": 38.84,
          "confidence": 0.076
        },
        {
          "text": "reshaping.",
          "start": 38.84,
          "end": 39.38,
          "confidence": 0.277
        }
      ]
    },
    {
      "id": 7,
      "seek": 2500,
      "start": 39.94,
      "end": 41.12,
      "text": " We got them in there.",
      "tokens": [
        492,
        658,
        552,
        294,
        456,
        13
      ],
      "temperature": 0.1,
      "avg_logprob": -0.70227476755778,
      "compression_ratio": 1.7228260869565217,
      "no_speech_prob": 0.8235694169998169,
      "confidence": 0.676,
      "words": [
        {
          "text": "We",
          "start": 39.94,
          "end": 40.28,
          "confidence": 0.567
        },
        {
          "text": "got",
          "start": 40.28,
          "end": 40.54,
          "confidence": 0.534
        },
        {
          "text": "them",
          "start": 40.54,
          "end": 40.72,
          "confidence": 0.836
        },
        {
          "text": "in",
          "start": 40.72,
          "end": 40.84,
          "confidence": 0.949
        },
        {
          "text": "there.",
          "start": 40.84,
          "end": 41.12,
          "confidence": 0.586
        }
      ]
    },
    {
      "id": 8,
      "seek": 2500,
      "start": 41.4,
      "end": 42.7,
      "text": " I'm in the bag.",
      "tokens": [
        286,
        478,
        294,
        264,
        3411,
        13
      ],
      "temperature": 0.1,
      "avg_logprob": -0.70227476755778,
      "compression_ratio": 1.7228260869565217,
      "no_speech_prob": 0.8235694169998169,
      "confidence": 0.257,
      "words": [
        {
          "text": "I'm",
          "start": 41.4,
          "end": 41.54,
          "confidence": 0.209
        },
        {
          "text": "in",
          "start": 41.54,
          "end": 41.72,
          "confidence": 0.249
        },
        {
          "text": "the",
          "start": 41.72,
          "end": 41.8,
          "confidence": 0.188
        },
        {
          "text": "bag.",
          "start": 41.8,
          "end": 42.7,
          "confidence": 0.551
        }
      ]
    },
    {
      "id": 9,
      "seek": 2500,
      "start": 43.54,
      "end": 45.32,
      "text": " And I just, I don't know how to speak to you.",
      "tokens": [
        400,
        286,
        445,
        11,
        286,
        500,
        380,
        458,
        577,
        281,
        1710,
        281,
        291,
        13
      ],
      "temperature": 0.1,
      "avg_logprob": -0.70227476755778,
      "compression_ratio": 1.7228260869565217,
      "no_speech_prob": 0.8235694169998169,
      "confidence": 0.48,
      "words": [
        {
          "text": "And",
          "start": 43.54,
          "end": 43.94,
          "confidence": 0.46
        },
        {
          "text": "I",
          "start": 43.94,
          "end": 44.02,
          "confidence": 0.453
        },
        {
          "text": "just,",
          "start": 44.02,
          "end": 44.52,
          "confidence": 0.27
        },
        {
          "text": "I",
          "start": 44.52,
          "end": 44.56,
          "confidence": 0.415
        },
        {
          "text": "don't",
          "start": 44.56,
          "end": 44.6,
          "confidence": 0.592
        },
        {
          "text": "know",
          "start": 44.6,
          "end": 44.64,
          "confidence": 0.887
        },
        {
          "text": "how",
          "start": 44.64,
          "end": 44.74,
          "confidence": 0.437
        },
        {
          "text": "to",
          "start": 44.74,
          "end": 44.8,
          "confidence": 0.765
        },
        {
          "text": "speak",
          "start": 44.8,
          "end": 45.0,
          "confidence": 0.212
        },
        {
          "text": "to",
          "start": 45.0,
          "end": 45.22,
          "confidence": 0.496
        },
        {
          "text": "you.",
          "start": 45.22,
          "end": 45.32,
          "confidence": 0.586
        }
      ]
    },
    {
      "id": 10,
      "seek": 2500,
      "start": 46.24,
      "end": 46.28,
      "text": " Yeah.",
      "tokens": [
        865,
        13
      ],
      "temperature": 0.1,
      "avg_logprob": -0.70227476755778,
      "compression_ratio": 1.7228260869565217,
      "no_speech_prob": 0.8235694169998169,
      "confidence": 0.357,
      "words": [
        {
          "text": "Yeah.",
          "start": 46.24,
          "end": 46.28,
          "confidence": 0.357
        }
      ]
    },
    {
      "id": 11,
      "seek": 2500,
      "start": 46.28,
      "end": 47.72,
      "text": " I'm in the helmet bag.",
      "tokens": [
        286,
        478,
        294,
        264,
        15922,
        3411,
        13
      ],
      "temperature": 0.1,
      "avg_logprob": -0.70227476755778,
      "compression_ratio": 1.7228260869565217,
      "no_speech_prob": 0.8235694169998169,
      "confidence": 0.522,
      "words": [
        {
          "text": "I'm",
          "start": 46.28,
          "end": 46.46,
          "confidence": 0.478
        },
        {
          "text": "in",
          "start": 46.46,
          "end": 46.72,
          "confidence": 0.91
        },
        {
          "text": "the",
          "start": 46.72,
          "end": 46.88,
          "confidence": 0.942
        },
        {
          "text": "helmet",
          "start": 46.88,
          "end": 47.12,
          "confidence": 0.135
        },
        {
          "text": "bag.",
          "start": 47.12,
          "end": 47.72,
          "confidence": 0.762
        }
      ]
    },
    {
      "id": 12,
      "seek": 2500,
      "start": 48.38,
      "end": 48.98,
      "text": " I'm in the leases.",
      "tokens": [
        286,
        478,
        294,
        264,
        476,
        1957,
        13
      ],
      "temperature": 0.1,
      "avg_logprob": -0.70227476755778,
      "compression_ratio": 1.7228260869565217,
      "no_speech_prob": 0.8235694169998169,
      "confidence": 0.566,
      "words": [
        {
          "text": "I'm",
          "start": 48.38,
          "end": 48.5,
          "confidence": 0.514
        },
        {
          "text": "in",
          "start": 48.5,
          "end": 48.54,
          "confidence": 0.724
        },
        {
          "text": "the",
          "start": 48.54,
          "end": 48.58,
          "confidence": 0.963
        },
        {
          "text": "leases.",
          "start": 48.58,
          "end": 48.98,
          "confidence": 0.423
        }
      ]
    },
    {
      "id": 13,
      "seek": 2500,
      "start": 48.98,
      "end": 49.74,
      "text": " I'm in the bag.",
      "tokens": [
        286,
        478,
        294,
        264,
        3411,
        13
      ],
      "temperature": 0.1,
      "avg_logprob": -0.70227476755778,
      "compression_ratio": 1.7228260869565217,
      "no_speech_prob": 0.8235694169998169,
      "confidence": 0.732,
      "words": [
        {
          "text": "I'm",
          "start": 48.98,
          "end": 49.18,
          "confidence": 0.82
        },
        {
          "text": "in",
          "start": 49.18,
          "end": 49.22,
          "confidence": 0.974
        },
        {
          "text": "the",
          "start": 49.22,
          "end": 49.32,
          "confidence": 0.979
        },
        {
          "text": "bag.",
          "start": 49.32,
          "end": 49.74,
          "confidence": 0.327
        }
      ]
    },
    {
      "id": 14,
      "seek": 2500,
      "start": 50.22,
      "end": 50.8,
      "text": " Right here.",
      "tokens": [
        1779,
        510,
        13
      ],
      "temperature": 0.1,
      "avg_logprob": -0.70227476755778,
      "compression_ratio": 1.7228260869565217,
      "no_speech_prob": 0.8235694169998169,
      "confidence": 0.391,
      "words": [
        {
          "text": "Right",
          "start": 50.22,
          "end": 50.44,
          "confidence": 0.259
        },
        {
          "text": "here.",
          "start": 50.44,
          "end": 50.8,
          "confidence": 0.589
        }
      ]
    },
    {
      "id": 15,
      "seek": 2500,
      "start": 51.56,
      "end": 52.1,
      "text": " Right here.",
      "tokens": [
        1779,
        510,
        13
      ],
      "temperature": 0.1,
      "avg_logprob": -0.70227476755778,
      "compression_ratio": 1.7228260869565217,
      "no_speech_prob": 0.8235694169998169,
      "confidence": 0.813,
      "words": [
        {
          "text": "Right",
          "start": 51.56,
          "end": 51.76,
          "confidence": 0.711
        },
        {
          "text": "here.",
          "start": 51.76,
          "end": 52.1,
          "confidence": 0.929
        }
      ]
    },
    {
      "id": 16,
      "seek": 2500,
      "start": 53.28,
      "end": 54.48,
      "text": " I'm thinking Nick and me ought to say,",
      "tokens": [
        286,
        478,
        1953,
        9449,
        293,
        385,
        13416,
        281,
        584,
        11
      ],
      "temperature": 0.1,
      "avg_logprob": -0.70227476755778,
      "compression_ratio": 1.7228260869565217,
      "no_speech_prob": 0.8235694169998169,
      "confidence": 0.426,
      "words": [
        {
          "text": "I'm",
          "start": 53.28,
          "end": 53.46,
          "confidence": 0.524
        },
        {
          "text": "thinking",
          "start": 53.46,
          "end": 53.64,
          "confidence": 0.65
        },
        {
          "text": "Nick",
          "start": 53.64,
          "end": 53.94,
          "confidence": 0.198
        },
        {
          "text": "and",
          "start": 53.94,
          "end": 54.14,
          "confidence": 0.2
        },
        {
          "text": "me",
          "start": 54.14,
          "end": 54.18,
          "confidence": 0.464
        },
        {
          "text": "ought",
          "start": 54.18,
          "end": 54.22,
          "confidence": 0.558
        },
        {
          "text": "to",
          "start": 54.22,
          "end": 54.36,
          "confidence": 0.854
        },
        {
          "text": "say,",
          "start": 54.36,
          "end": 54.48,
          "confidence": 0.294
        }
      ]
    },
    {
      "id": 17,
      "seek": 5400,
      "start": 56.54,
      "end": 57.82,
      "text": " Okay, fine, we weren't sure of that, just a suggestion.",
      "tokens": [
        1033,
        11,
        2489,
        11,
        321,
        4999,
        380,
        988,
        295,
        300,
        11,
        445,
        257,
        16541,
        13
      ],
      "temperature": 0.1,
      "avg_logprob": -0.6377420714407256,
      "compression_ratio": 1.3941605839416058,
      "no_speech_prob": 0.6836410760879517,
      "confidence": 0.591,
      "words": [
        {
          "text": "Okay,",
          "start": 56.54,
          "end": 56.58,
          "confidence": 0.077
        },
        {
          "text": "fine,",
          "start": 56.58,
          "end": 56.62,
          "confidence": 0.181
        },
        {
          "text": "we",
          "start": 56.62,
          "end": 56.66,
          "confidence": 0.911
        },
        {
          "text": "weren't",
          "start": 56.66,
          "end": 57.22,
          "confidence": 0.973
        },
        {
          "text": "sure",
          "start": 57.22,
          "end": 57.44,
          "confidence": 0.9
        },
        {
          "text": "of",
          "start": 57.44,
          "end": 57.48,
          "confidence": 0.583
        },
        {
          "text": "that,",
          "start": 57.48,
          "end": 57.52,
          "confidence": 0.989
        },
        {
          "text": "just",
          "start": 57.52,
          "end": 57.56,
          "confidence": 0.635
        },
        {
          "text": "a",
          "start": 57.56,
          "end": 57.6,
          "confidence": 0.78
        },
        {
          "text": "suggestion.",
          "start": 57.6,
          "end": 57.82,
          "confidence": 0.996
        }
      ]
    },
    {
      "id": 18,
      "seek": 5400,
      "start": 65.34,
      "end": 66.52,
      "text": " We thought we'd, you could check it out.",
      "tokens": [
        492,
        1194,
        321,
        1116,
        11,
        291,
        727,
        1520,
        309,
        484,
        13
      ],
      "temperature": 0.1,
      "avg_logprob": -0.6377420714407256,
      "compression_ratio": 1.3941605839416058,
      "no_speech_prob": 0.6836410760879517,
      "confidence": 0.735,
      "words": [
        {
          "text": "We",
          "start": 65.34,
          "end": 65.44,
          "confidence": 0.626
        },
        {
          "text": "thought",
          "start": 65.44,
          "end": 65.6,
          "confidence": 0.965
        },
        {
          "text": "we'd,",
          "start": 65.6,
          "end": 65.92,
          "confidence": 0.649
        },
        {
          "text": "you",
          "start": 65.92,
          "end": 66.3,
          "confidence": 0.42
        },
        {
          "text": "could",
          "start": 66.3,
          "end": 66.4,
          "confidence": 0.774
        },
        {
          "text": "check",
          "start": 66.4,
          "end": 66.44,
          "confidence": 0.773
        },
        {
          "text": "it",
          "start": 66.44,
          "end": 66.48,
          "confidence": 0.986
        },
        {
          "text": "out.",
          "start": 66.48,
          "end": 66.52,
          "confidence": 0.995
        }
      ]
    },
    {
      "id": 19,
      "seek": 5400,
      "start": 70.44,
      "end": 72.48,
      "text": " I guess we're going to come up with it, let us know.",
      "tokens": [
        286,
        2041,
        321,
        434,
        516,
        281,
        808,
        493,
        365,
        309,
        11,
        718,
        505,
        458,
        13
      ],
      "temperature": 0.1,
      "avg_logprob": -0.6377420714407256,
      "compression_ratio": 1.3941605839416058,
      "no_speech_prob": 0.6836410760879517,
      "confidence": 0.613,
      "words": [
        {
          "text": "I",
          "start": 70.44,
          "end": 70.48,
          "confidence": 0.202
        },
        {
          "text": "guess",
          "start": 70.48,
          "end": 70.54,
          "confidence": 0.484
        },
        {
          "text": "we're",
          "start": 70.54,
          "end": 71.12,
          "confidence": 0.558
        },
        {
          "text": "going",
          "start": 71.12,
          "end": 71.26,
          "confidence": 0.412
        },
        {
          "text": "to",
          "start": 71.26,
          "end": 71.3,
          "confidence": 0.985
        },
        {
          "text": "come",
          "start": 71.3,
          "end": 71.46,
          "confidence": 0.94
        },
        {
          "text": "up",
          "start": 71.46,
          "end": 71.66,
          "confidence": 0.87
        },
        {
          "text": "with",
          "start": 71.66,
          "end": 71.9,
          "confidence": 0.959
        },
        {
          "text": "it,",
          "start": 71.9,
          "end": 72.08,
          "confidence": 0.265
        },
        {
          "text": "let",
          "start": 72.08,
          "end": 72.12,
          "confidence": 0.676
        },
        {
          "text": "us",
          "start": 72.12,
          "end": 72.3,
          "confidence": 0.994
        },
        {
          "text": "know.",
          "start": 72.3,
          "end": 72.48,
          "confidence": 0.996
        }
      ]
    },
    {
      "id": 20,
      "seek": 5400,
      "start": 74.2,
      "end": 74.5,
      "text": " Okay, no problem.",
      "tokens": [
        1033,
        11,
        572,
        1154,
        13
      ],
      "temperature": 0.1,
      "avg_logprob": -0.6377420714407256,
      "compression_ratio": 1.3941605839416058,
      "no_speech_prob": 0.6836410760879517,
      "confidence": 0.782,
      "words": [
        {
          "text": "Okay,",
          "start": 74.2,
          "end": 74.42,
          "confidence": 0.542
        },
        {
          "text": "no",
          "start": 74.42,
          "end": 74.46,
          "confidence": 0.914
        },
        {
          "text": "problem.",
          "start": 74.46,
          "end": 74.5,
          "confidence": 0.965
        }
      ]
    },
    {
      "id": 21,
      "seek": 5400,
      "start": 74.5,
      "end": 75.48,
      "text": " No problem.",
      "tokens": [
        883,
        1154,
        13
      ],
      "temperature": 0.1,
      "avg_logprob": -0.6377420714407256,
      "compression_ratio": 1.3941605839416058,
      "no_speech_prob": 0.6836410760879517,
      "confidence": 0.483,
      "words": [
        {
          "text": "No",
          "start": 74.5,
          "end": 74.54,
          "confidence": 0.248
        },
        {
          "text": "problem.",
          "start": 74.54,
          "end": 75.48,
          "confidence": 0.941
        }
      ]
    },
    {
      "id": 22,
      "seek": 5400,
      "start": 75.96,
      "end": 76.25,
      "text": " No problem.",
      "tokens": [
        883,
        1154,
        13
      ],
      "temperature": 0.1,
      "avg_logprob": -0.6377420714407256,
      "compression_ratio": 1.3941605839416058,
      "no_speech_prob": 0.6836410760879517,
      "confidence": 0.237,
      "words": [
        {
          "text": "No",
          "start": 75.96,
          "end": 76.12,
          "confidence": 0.295
        },
        {
          "text": "problem.",
          "start": 76.12,
          "end": 76.25,
          "confidence": 0.19
        }
      ]
    },
    {
      "id": 23,
      "seek": 7600,
      "start": 76.25,
      "end": 76.66,
      "text": " No problem.",
      "tokens": [
        883,
        1154,
        13
      ],
      "temperature": 0.1,
      "avg_logprob": -0.726235548655192,
      "compression_ratio": 0.9393939393939394,
      "no_speech_prob": 0.35716888308525085,
      "confidence": 0.653,
      "words": [
        {
          "text": "No",
          "start": 76.25,
          "end": 76.29,
          "confidence": 0.463
        },
        {
          "text": "problem.",
          "start": 76.29,
          "end": 76.66,
          "confidence": 0.922
        }
      ]
    },
    {
      "id": 24,
      "seek": 7600,
      "start": 76.66,
      "end": 78.26,
      "text": " We'll let you know when the end of the night.",
      "tokens": [
        492,
        603,
        718,
        291,
        458,
        562,
        264,
        917,
        295,
        264,
        1818,
        13
      ],
      "temperature": 0.1,
      "avg_logprob": -0.726235548655192,
      "compression_ratio": 0.9393939393939394,
      "no_speech_prob": 0.35716888308525085,
      "confidence": 0.568,
      "words": [
        {
          "text": "We'll",
          "start": 76.66,
          "end": 77.02,
          "confidence": 0.617
        },
        {
          "text": "let",
          "start": 77.02,
          "end": 77.06,
          "confidence": 0.824
        },
        {
          "text": "you",
          "start": 77.06,
          "end": 77.16,
          "confidence": 0.36
        },
        {
          "text": "know",
          "start": 77.16,
          "end": 77.22,
          "confidence": 0.993
        },
        {
          "text": "when",
          "start": 77.22,
          "end": 77.36,
          "confidence": 0.328
        },
        {
          "text": "the",
          "start": 77.36,
          "end": 77.44,
          "confidence": 0.944
        },
        {
          "text": "end",
          "start": 77.44,
          "end": 77.62,
          "confidence": 0.976
        },
        {
          "text": "of",
          "start": 77.62,
          "end": 77.9,
          "confidence": 0.978
        },
        {
          "text": "the",
          "start": 77.9,
          "end": 77.94,
          "confidence": 0.256
        },
        {
          "text": "night.",
          "start": 77.94,
          "end": 78.26,
          "confidence": 0.233
        }
      ]
    },
    {
      "id": 25,
      "seek": 7800,
      "start": 78.26,
      "end": 78.38,
      "text": " Bye.",
      "tokens": [
        50364,
        4621,
        13,
        50414
      ],
      "temperature": 0.1,
      "avg_logprob": -1.461983585357666,
      "compression_ratio": 0.3333333333333333,
      "no_speech_prob": 0.49769291281700134,
      "confidence": 0.047,
      "words": [
        {
          "text": "Bye.",
          "start": 78.26,
          "end": 78.38,
          "confidence": 0.047
        }
      ]
    }
  ],
  "language": "en"
}