{
  "text": "いきます ニュースタブでのサイトメイション機が 実際と違う検に関するご質問いただいております同じ度メインでデレクトリーごとに 別再度として管理上をしているサイトバリマスのサプテレクトリーごとにわけたサイトは それぞれ パブリシャーセンターに登録していくぐるニュース上ではサイトとして認識され パブリコンアイコンはサイトボトフのものが 正しく標準されますしかし ルグル検査結果のニュースタブでは パブリコンサイトメイショー機ともに 正しくない以上時にいいなりますではありません パブリコンはサブデレクトリーごとに 設定した",
  "segments": [
    {
      "id": 0,
      "seek": 0,
      "start": 0.08,
      "end": 5.94,
      "text": "いきます ニュースタブでのサイトメイション機が 実際と違う検に関するご質問いただいております",
      "tokens": [
        47348,
        15096,
        233,
        26167,
        3384,
        9550,
        12144,
        28889,
        2474,
        2972,
        23607,
        8040,
        7588,
        21647,
        8040,
        43891,
        4824,
        17543,
        5142,
        220,
        33197,
        34837,
        3193,
        49806,
        38739,
        250,
        4108,
        5196,
        95,
        22570,
        9991,
        43450,
        11361,
        32418,
        18549,
        6117,
        19420
      ],
      "temperature": 0.0,
      "avg_logprob": -0.4397886953046245,
      "compression_ratio": 1.6122448979591837,
      "no_speech_prob": 0.18977823853492737,
      "confidence": 0.0,
      "words": [
        {
          "text": "いきます",
          "start": 0.08,
          "end": 0.6,
          "confidence": 0.246
        },
        {
          "text": " ニ",
          "start": 0.6,
          "end": 0.9,
          "confidence": 0.188
        },
        {
          "text": "ュ",
          "start": 0.9,
          "end": 1.32,
          "confidence": 0.0
        },
        {
          "text": "ー",
          "start": 1.32,
          "end": 1.4,
          "confidence": 0.003
        },
        {
          "text": "ス",
          "start": 1.4,
          "end": 1.52,
          "confidence": 0.018
        },
        {
          "text": "タ",
          "start": 1.52,
          "end": 1.56,
          "confidence": 0.0
        },
        {
          "text": "ブ",
          "start": 1.56,
          "end": 1.68,
          "confidence": 0.0
        },
        {
          "text": "で",
          "start": 1.68,
          "end": 1.82,
          "confidence": 0.0
        },
        {
          "text": "の",
          "start": 1.82,
          "end": 2.02,
          "confidence": 0.004
        },
        {
          "text": "サ",
          "start": 2.02,
          "end": 2.28,
          "confidence": 0.0
        },
        {
          "text": "イ",
          "start": 2.28,
          "end": 2.58,
          "confidence": 0.0
        },
        {
          "text": "ト",
          "start": 2.58,
          "end": 2.68,
          "confidence": 0.0
        },
        {
          "text": "メ",
          "start": 2.68,
          "end": 2.78,
          "confidence": 0.0
        },
        {
          "text": "イ",
          "start": 2.78,
          "end": 2.94,
          "confidence": 0.002
        },
        {
          "text": "ショ",
          "start": 2.94,
          "end": 3.0,
          "confidence": 0.002
        },
        {
          "text": "ン",
          "start": 3.0,
          "end": 3.14,
          "confidence": 0.001
        },
        {
          "text": "機",
          "start": 3.14,
          "end": 3.2,
          "confidence": 0.0
        },
        {
          "text": "が",
          "start": 3.2,
          "end": 3.34,
          "confidence": 0.001
        },
        {
          "text": " ",
          "start": 3.34,
          "end": 3.5,
          "confidence": 0.001
        },
        {
          "text": "実",
          "start": 3.5,
          "end": 3.54,
          "confidence": 0.221
        },
        {
          "text": "際",
          "start": 3.54,
          "end": 3.76,
          "confidence": 0.0
        },
        {
          "text": "と",
          "start": 3.76,
          "end": 3.92,
          "confidence": 0.0
        },
        {
          "text": "違う",
          "start": 3.92,
          "end": 4.1,
          "confidence": 0.0
        },
        {
          "text": "検",
          "start": 4.1,
          "end": 4.4,
          "confidence": 0.0
        },
        {
          "text": "に",
          "start": 4.4,
          "end": 4.58,
          "confidence": 0.0
        },
        {
          "text": "関",
          "start": 4.58,
          "end": 4.66,
          "confidence": 0.0
        },
        {
          "text": "する",
          "start": 4.66,
          "end": 4.74,
          "confidence": 0.0
        },
        {
          "text": "ご",
          "start": 4.74,
          "end": 4.92,
          "confidence": 0.0
        },
        {
          "text": "質",
          "start": 4.92,
          "end": 4.96,
          "confidence": 0.0
        },
        {
          "text": "問",
          "start": 4.96,
          "end": 5.14,
          "confidence": 0.0
        },
        {
          "text": "いただ",
          "start": 5.14,
          "end": 5.3,
          "confidence": 0.0
        },
        {
          "text": "いて",
          "start": 5.3,
          "end": 5.48,
          "confidence": 0.0
        },
        {
          "text": "お",
          "start": 5.48,
          "end": 5.62,
          "confidence": 0.0
        },
        {
          "text": "ります",
          "start": 5.62,
          "end": 5.94,
          "confidence": 0.0
        }
      ]
    },
    {
      "id": 1,
      "seek": 0,
      "start": 7.1,
      "end": 13.58,
      "text": "同じ度メインでデレクトリーごとに 別再度として管理上をしているサイトバリマスの",
      "tokens": [
        13089,
        9257,
        13127,
        21647,
        8040,
        4824,
        2474,
        31327,
        16680,
        10825,
        7588,
        12376,
        3384,
        9991,
        3193,
        4108,
        220,
        16158,
        8623,
        13127,
        3193,
        8822,
        23131,
        13876,
        5708,
        5998,
        8822,
        22979,
        23607,
        8040,
        7588,
        18593,
        12376,
        13258,
        9550,
        2972
      ],
      "temperature": 0.0,
      "avg_logprob": -0.4397886953046245,
      "compression_ratio": 1.6122448979591837,
      "no_speech_prob": 0.18977823853492737,
      "confidence": 0.518,
      "words": [
        {
          "text": "同",
          "start": 7.1,
          "end": 7.26,
          "confidence": 0.257
        },
        {
          "text": "じ",
          "start": 7.26,
          "end": 7.46,
          "confidence": 0.178
        },
        {
          "text": "度",
          "start": 7.46,
          "end": 7.62,
          "confidence": 0.172
        },
        {
          "text": "メ",
          "start": 7.62,
          "end": 7.74,
          "confidence": 0.217
        },
        {
          "text": "イ",
          "start": 7.74,
          "end": 7.84,
          "confidence": 0.885
        },
        {
          "text": "ン",
          "start": 7.84,
          "end": 7.88,
          "confidence": 0.905
        },
        {
          "text": "で",
          "start": 7.88,
          "end": 8.0,
          "confidence": 0.974
        },
        {
          "text": "デ",
          "start": 8.0,
          "end": 8.14,
          "confidence": 0.373
        },
        {
          "text": "レ",
          "start": 8.14,
          "end": 8.3,
          "confidence": 0.67
        },
        {
          "text": "ク",
          "start": 8.3,
          "end": 8.36,
          "confidence": 0.974
        },
        {
          "text": "ト",
          "start": 8.36,
          "end": 8.5,
          "confidence": 0.981
        },
        {
          "text": "リ",
          "start": 8.5,
          "end": 8.64,
          "confidence": 0.961
        },
        {
          "text": "ー",
          "start": 8.64,
          "end": 8.72,
          "confidence": 0.691
        },
        {
          "text": "ご",
          "start": 8.72,
          "end": 8.86,
          "confidence": 0.273
        },
        {
          "text": "と",
          "start": 8.86,
          "end": 9.0,
          "confidence": 0.993
        },
        {
          "text": "に",
          "start": 9.0,
          "end": 9.16,
          "confidence": 0.971
        },
        {
          "text": " ",
          "start": 9.16,
          "end": 9.36,
          "confidence": 0.105
        },
        {
          "text": "別",
          "start": 9.36,
          "end": 9.42,
          "confidence": 0.491
        },
        {
          "text": "再",
          "start": 9.42,
          "end": 9.6,
          "confidence": 0.368
        },
        {
          "text": "度",
          "start": 9.6,
          "end": 9.74,
          "confidence": 0.414
        },
        {
          "text": "と",
          "start": 9.74,
          "end": 9.92,
          "confidence": 0.896
        },
        {
          "text": "して",
          "start": 9.92,
          "end": 10.42,
          "confidence": 0.998
        },
        {
          "text": "管",
          "start": 10.42,
          "end": 10.88,
          "confidence": 0.596
        },
        {
          "text": "理",
          "start": 10.88,
          "end": 11.08,
          "confidence": 1.0
        },
        {
          "text": "上",
          "start": 11.08,
          "end": 11.38,
          "confidence": 0.425
        },
        {
          "text": "を",
          "start": 11.38,
          "end": 11.56,
          "confidence": 0.988
        },
        {
          "text": "して",
          "start": 11.56,
          "end": 11.86,
          "confidence": 0.927
        },
        {
          "text": "いる",
          "start": 11.86,
          "end": 12.16,
          "confidence": 0.922
        },
        {
          "text": "サ",
          "start": 12.16,
          "end": 12.52,
          "confidence": 0.061
        },
        {
          "text": "イ",
          "start": 12.52,
          "end": 12.6,
          "confidence": 0.985
        },
        {
          "text": "ト",
          "start": 12.6,
          "end": 12.7,
          "confidence": 0.976
        },
        {
          "text": "バ",
          "start": 12.7,
          "end": 12.84,
          "confidence": 0.256
        },
        {
          "text": "リ",
          "start": 12.84,
          "end": 12.96,
          "confidence": 0.406
        },
        {
          "text": "マ",
          "start": 12.96,
          "end": 13.12,
          "confidence": 0.19
        },
        {
          "text": "ス",
          "start": 13.12,
          "end": 13.2,
          "confidence": 0.855
        },
        {
          "text": "の",
          "start": 13.2,
          "end": 13.58,
          "confidence": 0.652
        }
      ]
    },
    {
      "id": 2,
      "seek": 0,
      "start": 13.68,
      "end": 20.42,
      "text": "サプテレクトリーごとにわけたサイトは それぞれ パブリシャーセンターに登録していくぐるニュース上では",
      "tokens": [
        23607,
        20953,
        22985,
        16680,
        10825,
        7588,
        12376,
        3384,
        9991,
        3193,
        4108,
        9206,
        7625,
        3368,
        23607,
        8040,
        7588,
        3065,
        47765,
        31563,
        4132,
        15096,
        239,
        28889,
        12376,
        11054,
        17233,
        3384,
        31223,
        4824,
        30736,
        4108,
        46246,
        8822,
        49394,
        35849,
        4895,
        34737,
        26167,
        3384,
        9550,
        5708,
        16719
      ],
      "temperature": 0.0,
      "avg_logprob": -0.4397886953046245,
      "compression_ratio": 1.6122448979591837,
      "no_speech_prob": 0.18977823853492737,
      "confidence": 0.008,
      "words": [
        {
          "text": "サ",
          "start": 13.68,
          "end": 14.24,
          "confidence": 0.42
        },
        {
          "text": "プ",
          "start": 14.24,
          "end": 14.32,
          "confidence": 0.541
        },
        {
          "text": "テ",
          "start": 14.32,
          "end": 14.42,
          "confidence": 0.642
        },
        {
          "text": "レ",
          "start": 14.42,
          "end": 14.58,
          "confidence": 0.835
        },
        {
          "text": "ク",
          "start": 14.58,
          "end": 14.66,
          "confidence": 0.471
        },
        {
          "text": "ト",
          "start": 14.66,
          "end": 14.78,
          "confidence": 0.972
        },
        {
          "text": "リ",
          "start": 14.78,
          "end": 14.94,
          "confidence": 0.871
        },
        {
          "text": "ー",
          "start": 14.94,
          "end": 15.04,
          "confidence": 0.924
        },
        {
          "text": "ご",
          "start": 15.04,
          "end": 15.1,
          "confidence": 0.016
        },
        {
          "text": "と",
          "start": 15.1,
          "end": 15.38,
          "confidence": 0.991
        },
        {
          "text": "に",
          "start": 15.38,
          "end": 15.86,
          "confidence": 0.484
        },
        {
          "text": "わ",
          "start": 15.86,
          "end": 16.02,
          "confidence": 0.751
        },
        {
          "text": "け",
          "start": 16.02,
          "end": 16.16,
          "confidence": 0.989
        },
        {
          "text": "た",
          "start": 16.16,
          "end": 16.28,
          "confidence": 0.951
        },
        {
          "text": "サ",
          "start": 16.28,
          "end": 16.42,
          "confidence": 0.788
        },
        {
          "text": "イ",
          "start": 16.42,
          "end": 16.52,
          "confidence": 0.979
        },
        {
          "text": "ト",
          "start": 16.52,
          "end": 16.62,
          "confidence": 0.898
        },
        {
          "text": "は",
          "start": 16.62,
          "end": 17.1,
          "confidence": 0.976
        },
        {
          "text": " それ",
          "start": 17.1,
          "end": 17.46,
          "confidence": 0.135
        },
        {
          "text": "ぞ",
          "start": 17.46,
          "end": 17.62,
          "confidence": 0.847
        },
        {
          "text": "れ",
          "start": 17.62,
          "end": 17.74,
          "confidence": 0.996
        },
        {
          "text": " パ",
          "start": 17.74,
          "end": 17.86,
          "confidence": 0.196
        },
        {
          "text": "ブ",
          "start": 17.86,
          "end": 17.9,
          "confidence": 0.0
        },
        {
          "text": "リ",
          "start": 17.9,
          "end": 17.94,
          "confidence": 0.0
        },
        {
          "text": "シ",
          "start": 17.94,
          "end": 18.06,
          "confidence": 0.0
        },
        {
          "text": "ャ",
          "start": 18.06,
          "end": 18.18,
          "confidence": 0.0
        },
        {
          "text": "ー",
          "start": 18.18,
          "end": 18.26,
          "confidence": 0.008
        },
        {
          "text": "セ",
          "start": 18.26,
          "end": 18.42,
          "confidence": 0.037
        },
        {
          "text": "ン",
          "start": 18.42,
          "end": 18.46,
          "confidence": 0.0
        },
        {
          "text": "ター",
          "start": 18.46,
          "end": 18.52,
          "confidence": 0.001
        },
        {
          "text": "に",
          "start": 18.52,
          "end": 18.62,
          "confidence": 0.0
        },
        {
          "text": "登録",
          "start": 18.62,
          "end": 18.78,
          "confidence": 0.0
        },
        {
          "text": "して",
          "start": 18.78,
          "end": 19.14,
          "confidence": 0.0
        },
        {
          "text": "いく",
          "start": 19.14,
          "end": 19.38,
          "confidence": 0.0
        },
        {
          "text": "ぐ",
          "start": 19.38,
          "end": 19.64,
          "confidence": 0.0
        },
        {
          "text": "る",
          "start": 19.64,
          "end": 19.8,
          "confidence": 0.005
        },
        {
          "text": "ニ",
          "start": 19.8,
          "end": 19.9,
          "confidence": 0.0
        },
        {
          "text": "ュ",
          "start": 19.9,
          "end": 20.02,
          "confidence": 0.0
        },
        {
          "text": "ー",
          "start": 20.02,
          "end": 20.14,
          "confidence": 0.001
        },
        {
          "text": "ス",
          "start": 20.14,
          "end": 20.18,
          "confidence": 0.004
        },
        {
          "text": "上",
          "start": 20.18,
          "end": 20.24,
          "confidence": 0.0
        },
        {
          "text": "では",
          "start": 20.24,
          "end": 20.42,
          "confidence": 0.0
        }
      ]
    },
    {
      "id": 3,
      "seek": 2088,
      "start": 20.44,
      "end": 26.6,
      "text": "サイトとして認識され パブリコンアイコンはサイトボトフのものが 正しく標準されます",
      "tokens": [
        23607,
        8040,
        7588,
        3193,
        8822,
        22041,
        43143,
        6722,
        4132,
        15096,
        239,
        28889,
        12376,
        18066,
        4824,
        12817,
        8040,
        18066,
        4824,
        3065,
        23607,
        8040,
        7588,
        37626,
        7588,
        17320,
        2972,
        44726,
        5142,
        220,
        15789,
        26568,
        46299,
        28220,
        6722,
        4132,
        5368
      ],
      "temperature": 0.0,
      "avg_logprob": -0.3731720664284446,
      "compression_ratio": 1.6896551724137931,
      "no_speech_prob": 0.0019870297983288765,
      "confidence": 0.001,
      "words": [
        {
          "text": "サ",
          "start": 20.44,
          "end": 21.22,
          "confidence": 0.0
        },
        {
          "text": "イ",
          "start": 21.22,
          "end": 21.34,
          "confidence": 0.898
        },
        {
          "text": "ト",
          "start": 21.34,
          "end": 21.46,
          "confidence": 0.495
        },
        {
          "text": "と",
          "start": 21.46,
          "end": 21.6,
          "confidence": 0.829
        },
        {
          "text": "して",
          "start": 21.6,
          "end": 21.82,
          "confidence": 0.986
        },
        {
          "text": "認",
          "start": 21.82,
          "end": 22.08,
          "confidence": 0.09
        },
        {
          "text": "識",
          "start": 22.08,
          "end": 22.22,
          "confidence": 0.984
        },
        {
          "text": "さ",
          "start": 22.22,
          "end": 22.34,
          "confidence": 0.978
        },
        {
          "text": "れ",
          "start": 22.34,
          "end": 22.66,
          "confidence": 0.94
        },
        {
          "text": " パ",
          "start": 22.66,
          "end": 22.84,
          "confidence": 0.158
        },
        {
          "text": "ブ",
          "start": 22.84,
          "end": 22.88,
          "confidence": 0.0
        },
        {
          "text": "リ",
          "start": 22.88,
          "end": 23.0,
          "confidence": 0.001
        },
        {
          "text": "コ",
          "start": 23.0,
          "end": 23.2,
          "confidence": 0.477
        },
        {
          "text": "ン",
          "start": 23.2,
          "end": 23.24,
          "confidence": 0.004
        },
        {
          "text": "ア",
          "start": 23.24,
          "end": 23.34,
          "confidence": 0.001
        },
        {
          "text": "イ",
          "start": 23.34,
          "end": 23.46,
          "confidence": 0.005
        },
        {
          "text": "コ",
          "start": 23.46,
          "end": 23.52,
          "confidence": 0.0
        },
        {
          "text": "ン",
          "start": 23.52,
          "end": 23.64,
          "confidence": 0.001
        },
        {
          "text": "は",
          "start": 23.64,
          "end": 23.86,
          "confidence": 0.005
        },
        {
          "text": "サ",
          "start": 23.86,
          "end": 23.9,
          "confidence": 0.0
        },
        {
          "text": "イ",
          "start": 23.9,
          "end": 24.06,
          "confidence": 0.0
        },
        {
          "text": "ト",
          "start": 24.06,
          "end": 24.16,
          "confidence": 0.0
        },
        {
          "text": "ボ",
          "start": 24.16,
          "end": 24.24,
          "confidence": 0.0
        },
        {
          "text": "ト",
          "start": 24.24,
          "end": 24.4,
          "confidence": 0.0
        },
        {
          "text": "フ",
          "start": 24.4,
          "end": 24.52,
          "confidence": 0.0
        },
        {
          "text": "の",
          "start": 24.52,
          "end": 24.7,
          "confidence": 0.014
        },
        {
          "text": "もの",
          "start": 24.7,
          "end": 24.74,
          "confidence": 0.001
        },
        {
          "text": "が",
          "start": 24.74,
          "end": 24.92,
          "confidence": 0.0
        },
        {
          "text": " ",
          "start": 24.92,
          "end": 25.1,
          "confidence": 0.011
        },
        {
          "text": "正",
          "start": 25.1,
          "end": 25.34,
          "confidence": 0.191
        },
        {
          "text": "しく",
          "start": 25.34,
          "end": 25.42,
          "confidence": 0.0
        },
        {
          "text": "標",
          "start": 25.42,
          "end": 25.66,
          "confidence": 0.0
        },
        {
          "text": "準",
          "start": 25.66,
          "end": 25.92,
          "confidence": 0.0
        },
        {
          "text": "さ",
          "start": 25.92,
          "end": 26.1,
          "confidence": 0.0
        },
        {
          "text": "れ",
          "start": 26.1,
          "end": 26.28,
          "confidence": 0.0
        },
        {
          "text": "ます",
          "start": 26.28,
          "end": 26.6,
          "confidence": 0.0
        }
      ]
    },
    {
      "id": 4,
      "seek": 2088,
      "start": 27.3,
      "end": 33.14,
      "text": "しかし ルグル検査結果のニュースタブでは パブリコンサイトメイショー機ともに 正しくない以上時にいいなります",
      "tokens": [
        32156,
        2849,
        220,
        9405,
        23839,
        9405,
        38739,
        250,
        17238,
        119,
        35181,
        2972,
        34737,
        26167,
        3384,
        9550,
        12144,
        28889,
        16719,
        15096,
        239,
        28889,
        12376,
        18066,
        4824,
        23607,
        8040,
        7588,
        21647,
        8040,
        43891,
        3384,
        17543,
        3193,
        4801,
        4108,
        220,
        15789,
        26568,
        9311,
        29497,
        6611,
        4108,
        13806,
        3203,
        19420
      ],
      "temperature": 0.0,
      "avg_logprob": -0.3731720664284446,
      "compression_ratio": 1.6896551724137931,
      "no_speech_prob": 0.0019870297983288765,
      "confidence": 0.0,
      "words": [
        {
          "text": "しか",
          "start": 27.3,
          "end": 27.58,
          "confidence": 0.736
        },
        {
          "text": "し",
          "start": 27.58,
          "end": 27.74,
          "confidence": 0.984
        },
        {
          "text": " ",
          "start": 27.74,
          "end": 27.88,
          "confidence": 0.052
        },
        {
          "text": "ル",
          "start": 27.88,
          "end": 27.92,
          "confidence": 0.325
        },
        {
          "text": "グ",
          "start": 27.92,
          "end": 28.02,
          "confidence": 0.507
        },
        {
          "text": "ル",
          "start": 28.02,
          "end": 28.16,
          "confidence": 0.988
        },
        {
          "text": "検",
          "start": 28.16,
          "end": 28.26,
          "confidence": 0.568
        },
        {
          "text": "査",
          "start": 28.26,
          "end": 28.32,
          "confidence": 0.0
        },
        {
          "text": "結果",
          "start": 28.32,
          "end": 28.44,
          "confidence": 0.0
        },
        {
          "text": "の",
          "start": 28.44,
          "end": 28.48,
          "confidence": 0.0
        },
        {
          "text": "ニ",
          "start": 28.48,
          "end": 28.74,
          "confidence": 0.0
        },
        {
          "text": "ュ",
          "start": 28.74,
          "end": 28.94,
          "confidence": 0.0
        },
        {
          "text": "ー",
          "start": 28.94,
          "end": 29.08,
          "confidence": 0.0
        },
        {
          "text": "ス",
          "start": 29.08,
          "end": 29.16,
          "confidence": 0.0
        },
        {
          "text": "タ",
          "start": 29.16,
          "end": 29.22,
          "confidence": 0.0
        },
        {
          "text": "ブ",
          "start": 29.22,
          "end": 29.26,
          "confidence": 0.0
        },
        {
          "text": "では",
          "start": 29.26,
          "end": 29.36,
          "confidence": 0.0
        },
        {
          "text": " パ",
          "start": 29.36,
          "end": 29.44,
          "confidence": 0.0
        },
        {
          "text": "ブ",
          "start": 29.44,
          "end": 29.7,
          "confidence": 0.0
        },
        {
          "text": "リ",
          "start": 29.7,
          "end": 30.02,
          "confidence": 0.0
        },
        {
          "text": "コ",
          "start": 30.02,
          "end": 30.06,
          "confidence": 0.0
        },
        {
          "text": "ン",
          "start": 30.06,
          "end": 30.16,
          "confidence": 0.0
        },
        {
          "text": "サ",
          "start": 30.16,
          "end": 30.34,
          "confidence": 0.0
        },
        {
          "text": "イ",
          "start": 30.34,
          "end": 30.38,
          "confidence": 0.0
        },
        {
          "text": "ト",
          "start": 30.38,
          "end": 30.42,
          "confidence": 0.0
        },
        {
          "text": "メ",
          "start": 30.42,
          "end": 30.54,
          "confidence": 0.0
        },
        {
          "text": "イ",
          "start": 30.54,
          "end": 30.64,
          "confidence": 0.972
        },
        {
          "text": "ショ",
          "start": 30.64,
          "end": 30.74,
          "confidence": 0.0
        },
        {
          "text": "ー",
          "start": 30.74,
          "end": 30.88,
          "confidence": 0.0
        },
        {
          "text": "機",
          "start": 30.88,
          "end": 30.92,
          "confidence": 0.0
        },
        {
          "text": "と",
          "start": 30.92,
          "end": 31.04,
          "confidence": 0.0
        },
        {
          "text": "も",
          "start": 31.04,
          "end": 31.08,
          "confidence": 0.0
        },
        {
          "text": "に",
          "start": 31.08,
          "end": 31.24,
          "confidence": 0.0
        },
        {
          "text": " ",
          "start": 31.24,
          "end": 31.44,
          "confidence": 0.018
        },
        {
          "text": "正",
          "start": 31.44,
          "end": 31.56,
          "confidence": 0.0
        },
        {
          "text": "しく",
          "start": 31.56,
          "end": 31.66,
          "confidence": 0.0
        },
        {
          "text": "ない",
          "start": 31.66,
          "end": 31.82,
          "confidence": 0.0
        },
        {
          "text": "以上",
          "start": 31.82,
          "end": 31.98,
          "confidence": 0.0
        },
        {
          "text": "時",
          "start": 31.98,
          "end": 32.18,
          "confidence": 0.0
        },
        {
          "text": "に",
          "start": 32.18,
          "end": 32.4,
          "confidence": 0.0
        },
        {
          "text": "いい",
          "start": 32.4,
          "end": 32.7,
          "confidence": 0.062
        },
        {
          "text": "な",
          "start": 32.7,
          "end": 32.98,
          "confidence": 0.0
        },
        {
          "text": "ります",
          "start": 32.98,
          "end": 33.14,
          "confidence": 0.0
        }
      ]
    },
    {
      "id": 5,
      "seek": 3408,
      "start": 34.26,
      "end": 40.04,
      "text": "ではありません パブリコンはサブデレクトリーごとに 設定した",
      "tokens": [
        50364,
        16719,
        14498,
        30250,
        15096,
        239,
        28889,
        12376,
        18066,
        4824,
        3065,
        23607,
        28889,
        31327,
        16680,
        10825,
        7588,
        12376,
        3384,
        9991,
        3193,
        4108,
        220,
        39035,
        12088,
        8533,
        50892
      ],
      "temperature": 0.0,
      "avg_logprob": -0.3611671243395124,
      "compression_ratio": 1.048780487804878,
      "no_speech_prob": 0.04666684567928314,
      "confidence": 0.001,
      "words": [
        {
          "text": "では",
          "start": 34.26,
          "end": 35.22,
          "confidence": 0.027
        },
        {
          "text": "あり",
          "start": 35.22,
          "end": 35.7,
          "confidence": 0.704
        },
        {
          "text": "ません",
          "start": 35.7,
          "end": 36.2,
          "confidence": 0.998
        },
        {
          "text": " パ",
          "start": 36.2,
          "end": 36.44,
          "confidence": 0.142
        },
        {
          "text": "ブ",
          "start": 36.44,
          "end": 36.92,
          "confidence": 0.0
        },
        {
          "text": "リ",
          "start": 36.92,
          "end": 37.04,
          "confidence": 0.004
        },
        {
          "text": "コ",
          "start": 37.04,
          "end": 37.08,
          "confidence": 0.188
        },
        {
          "text": "ン",
          "start": 37.08,
          "end": 37.18,
          "confidence": 0.0
        },
        {
          "text": "は",
          "start": 37.18,
          "end": 37.8,
          "confidence": 0.021
        },
        {
          "text": "サ",
          "start": 37.8,
          "end": 37.84,
          "confidence": 0.0
        },
        {
          "text": "ブ",
          "start": 37.84,
          "end": 38.24,
          "confidence": 0.0
        },
        {
          "text": "デ",
          "start": 38.24,
          "end": 38.32,
          "confidence": 0.0
        },
        {
          "text": "レ",
          "start": 38.32,
          "end": 38.42,
          "confidence": 0.001
        },
        {
          "text": "ク",
          "start": 38.42,
          "end": 38.56,
          "confidence": 0.0
        },
        {
          "text": "ト",
          "start": 38.56,
          "end": 38.66,
          "confidence": 0.001
        },
        {
          "text": "リ",
          "start": 38.66,
          "end": 38.78,
          "confidence": 0.0
        },
        {
          "text": "ー",
          "start": 38.78,
          "end": 38.92,
          "confidence": 0.0
        },
        {
          "text": "ご",
          "start": 38.92,
          "end": 38.98,
          "confidence": 0.005
        },
        {
          "text": "と",
          "start": 38.98,
          "end": 39.08,
          "confidence": 0.001
        },
        {
          "text": "に",
          "start": 39.08,
          "end": 39.26,
          "confidence": 0.0
        },
        {
          "text": " ",
          "start": 39.26,
          "end": 39.52,
          "confidence": 0.001
        },
        {
          "text": "設",
          "start": 39.52,
          "end": 39.64,
          "confidence": 0.561
        },
        {
          "text": "定",
          "start": 39.64,
          "end": 39.84,
          "confidence": 0.0
        },
        {
          "text": "した",
          "start": 39.84,
          "end": 40.04,
          "confidence": 0.0
        }
      ]
    }
  ],
  "language": "ja"
}