{
  "text": " Bonjour!",
  "segments": [
    {
      "id": 0,
      "seek": 0,
      "start": 0.16,
      "end": 0.64,
      "text": " Bonjour!",
      "tokens": [
        50364,
        25431,
        2298,
        50414
      ],
      "temperature": 0.0,
      "avg_logprob": -0.5790318965911865,
      "compression_ratio": 0.5,
      "no_speech_prob": 0.03466038405895233,
      "confidence": 0.618,
      "words": [
        {
          "text": "Bonjour!",
          "start": 0.16,
          "end": 0.64,
          "confidence": 0.618
        }
      ]
    }
  ],
  "language": "fr"
}