{
  "text": " Wie wieder zu dazu ist Meshfuchs von 1962 als Meshale für die außerordentliche Form des grullischen Rätos ist dann nicht so weitergegangen wie sich Papsbelle dick das gewünscht hatte. Das hat er als Mhrethos. Wie wieder zu dazu ist Meshfuchs von 1962 als Meshale für die außerordentliche Form des grullischen Rätos ist dann nicht so weitergegangen wie sich Papsbelle dick das gewünscht hatte. Das hat er als Mhrethos.",
  "segments": [
    {
      "id": 0,
      "seek": 0,
      "start": 0.92,
      "end": 12.78,
      "text": " Wie wieder zu dazu ist Meshfuchs von 1962 als Meshale für die außerordentliche Form des grullischen Rätos ist dann nicht so weitergegangen wie sich Papsbelle dick das gewünscht hatte.",
      "tokens": [
        9233,
        6216,
        2164,
        13034,
        1418,
        376,
        14935,
        69,
        37503,
        2957,
        39498,
        3907,
        376,
        14935,
        1220,
        2959,
        978,
        39428,
        765,
        7698,
        68,
        10126,
        730,
        677,
        858,
        6282,
        497,
        3628,
        329,
        1418,
        3594,
        1979,
        370,
        8988,
        432,
        47152,
        3355,
        3041,
        430,
        2382,
        65,
        4434,
        18659,
        1482,
        6906,
        3412,
        82,
        4701,
        13299,
        13
      ],
      "temperature": 0.0,
      "avg_logprob": -0.6554825415978065,
      "compression_ratio": 1.2619047619047619,
      "no_speech_prob": 0.11066817492246628,
      "confidence": 0.541,
      "words": [
        {
          "text": "Wie",
          "start": 0.92,
          "end": 1.1,
          "confidence": 0.477
        },
        {
          "text": "wieder",
          "start": 1.1,
          "end": 1.4,
          "confidence": 0.901
        },
        {
          "text": "zu",
          "start": 1.4,
          "end": 1.6,
          "confidence": 0.249
        },
        {
          "text": "dazu",
          "start": 1.6,
          "end": 1.9,
          "confidence": 0.132
        },
        {
          "text": "ist",
          "start": 1.9,
          "end": 2.14,
          "confidence": 0.588
        },
        {
          "text": "Meshfuchs",
          "start": 2.14,
          "end": 2.74,
          "confidence": 0.332
        },
        {
          "text": "von",
          "start": 2.74,
          "end": 3.22,
          "confidence": 0.627
        },
        {
          "text": "1962",
          "start": 3.22,
          "end": 4.84,
          "confidence": 0.208
        },
        {
          "text": "als",
          "start": 4.84,
          "end": 5.24,
          "confidence": 0.885
        },
        {
          "text": "Meshale",
          "start": 5.24,
          "end": 5.78,
          "confidence": 0.385
        },
        {
          "text": "für",
          "start": 5.78,
          "end": 5.94,
          "confidence": 0.932
        },
        {
          "text": "die",
          "start": 5.94,
          "end": 6.08,
          "confidence": 0.972
        },
        {
          "text": "außerordentliche",
          "start": 6.08,
          "end": 7.04,
          "confidence": 0.899
        },
        {
          "text": "Form",
          "start": 7.04,
          "end": 7.4,
          "confidence": 0.657
        },
        {
          "text": "des",
          "start": 7.4,
          "end": 7.62,
          "confidence": 0.971
        },
        {
          "text": "grullischen",
          "start": 7.62,
          "end": 8.04,
          "confidence": 0.383
        },
        {
          "text": "Rätos",
          "start": 8.04,
          "end": 9.18,
          "confidence": 0.367
        },
        {
          "text": "ist",
          "start": 9.18,
          "end": 9.62,
          "confidence": 0.555
        },
        {
          "text": "dann",
          "start": 9.62,
          "end": 9.78,
          "confidence": 0.501
        },
        {
          "text": "nicht",
          "start": 9.78,
          "end": 9.94,
          "confidence": 0.937
        },
        {
          "text": "so",
          "start": 9.94,
          "end": 10.12,
          "confidence": 0.953
        },
        {
          "text": "weitergegangen",
          "start": 10.12,
          "end": 10.88,
          "confidence": 0.739
        },
        {
          "text": "wie",
          "start": 10.88,
          "end": 11.04,
          "confidence": 0.703
        },
        {
          "text": "sich",
          "start": 11.04,
          "end": 11.24,
          "confidence": 0.939
        },
        {
          "text": "Papsbelle",
          "start": 11.24,
          "end": 11.7,
          "confidence": 0.355
        },
        {
          "text": "dick",
          "start": 11.7,
          "end": 11.9,
          "confidence": 0.317
        },
        {
          "text": "das",
          "start": 11.9,
          "end": 12.08,
          "confidence": 0.844
        },
        {
          "text": "gewünscht",
          "start": 12.08,
          "end": 12.58,
          "confidence": 0.818
        },
        {
          "text": "hatte.",
          "start": 12.58,
          "end": 12.78,
          "confidence": 0.923
        }
      ]
    },
    {
      "id": 0,
      "seek": 0,
      "start": 13.48,
      "end": 15.34,
      "text": " Das hat er als Mhrethos.",
      "tokens": [
        2846,
        2385,
        1189,
        3907,
        376,
        71,
        265,
        392,
        329,
        13
      ],
      "temperature": 0.0,
      "avg_logprob": -0.6554825415978065,
      "compression_ratio": 1.2619047619047619,
      "no_speech_prob": 0.11066817492246628,
      "confidence": 0.441,
      "words": [
        {
          "text": "Das",
          "start": 13.48,
          "end": 14.2,
          "confidence": 0.827
        },
        {
          "text": "hat",
          "start": 14.2,
          "end": 14.4,
          "confidence": 0.959
        },
        {
          "text": "er",
          "start": 14.4,
          "end": 14.52,
          "confidence": 0.727
        },
        {
          "text": "als",
          "start": 14.52,
          "end": 14.72,
          "confidence": 0.801
        },
        {
          "text": "Mhrethos.",
          "start": 14.72,
          "end": 15.34,
          "confidence": 0.267
        }
      ]
    }
  ],
  "language": "de"
}