{
  "text": " Hello, my dear. No, fine. How are you? I'm okay. Why will we? I said she could stay with us, but she feels better. Oh, she can. There's more to be for long. What if you can stay as long as you want? My whole friend will be missed, yeah? Oh, okay.",
  "segments": [
    {
      "id": 0,
      "seek": 0,
      "start": 0.98,
      "end": 2.54,
      "text": " Hello, my dear.",
      "tokens": [
        2425,
        11,
        452,
        6875,
        13
      ],
      "temperature": 0.0,
      "avg_logprob": -0.5723120506773604,
      "compression_ratio": 1.409356725146199,
      "no_speech_prob": 0.18142351508140564,
      "confidence": 0.202,
      "words": [
        {
          "text": "Hello,",
          "start": 0.98,
          "end": 1.8,
          "confidence": 0.419
        },
        {
          "text": "my",
          "start": 2.04,
          "end": 2.2,
          "confidence": 0.108
        },
        {
          "text": "dear.",
          "start": 2.2,
          "end": 2.54,
          "confidence": 0.181
        }
      ]
    },
    {
      "id": 1,
      "seek": 0,
      "start": 2.6,
      "end": 4.58,
      "text": " No, fine.",
      "tokens": [
        883,
        11,
        2489,
        13
      ],
      "temperature": 0.0,
      "avg_logprob": -0.5723120506773604,
      "compression_ratio": 1.409356725146199,
      "no_speech_prob": 0.18142351508140564,
      "confidence": 0.316,
      "words": [
        {
          "text": "No,",
          "start": 2.6,
          "end": 4.16,
          "confidence": 0.355
        },
        {
          "text": "fine.",
          "start": 4.48,
          "end": 4.58,
          "confidence": 0.281
        }
      ]
    },
    {
      "id": 2,
      "seek": 0,
      "start": 5.48,
      "end": 6.46,
      "text": " How are you?",
      "tokens": [
        1012,
        366,
        291,
        30
      ],
      "temperature": 0.0,
      "avg_logprob": -0.5723120506773604,
      "compression_ratio": 1.409356725146199,
      "no_speech_prob": 0.18142351508140564,
      "confidence": 0.499,
      "words": [
        {
          "text": "How",
          "start": 5.48,
          "end": 5.8,
          "confidence": 0.355
        },
        {
          "text": "are",
          "start": 5.8,
          "end": 6.14,
          "confidence": 0.365
        },
        {
          "text": "you?",
          "start": 6.14,
          "end": 6.46,
          "confidence": 0.957
        }
      ]
    },
    {
      "id": 3,
      "seek": 0,
      "start": 6.74,
      "end": 7.8,
      "text": " I'm okay.",
      "tokens": [
        286,
        478,
        1392,
        13
      ],
      "temperature": 0.0,
      "avg_logprob": -0.5723120506773604,
      "compression_ratio": 1.409356725146199,
      "no_speech_prob": 0.18142351508140564,
      "confidence": 0.802,
      "words": [
        {
          "text": "I'm",
          "start": 6.74,
          "end": 7.1,
          "confidence": 0.811
        },
        {
          "text": "okay.",
          "start": 7.1,
          "end": 7.8,
          "confidence": 0.786
        }
      ]
    },
    {
      "id": 4,
      "seek": 0,
      "start": 8.38,
      "end": 9.08,
      "text": " Why will we?",
      "tokens": [
        1545,
        486,
        321,
        30
      ],
      "temperature": 0.0,
      "avg_logprob": -0.5723120506773604,
      "compression_ratio": 1.409356725146199,
      "no_speech_prob": 0.18142351508140564,
      "confidence": 0.384,
      "words": [
        {
          "text": "Why",
          "start": 8.38,
          "end": 8.64,
          "confidence": 0.396
        },
        {
          "text": "will",
          "start": 8.64,
          "end": 8.96,
          "confidence": 0.486
        },
        {
          "text": "we?",
          "start": 8.96,
          "end": 9.08,
          "confidence": 0.293
        }
      ]
    },
    {
      "id": 5,
      "seek": 0,
      "start": 9.42,
      "end": 10.39,
      "text": " I said she could stay with us,",
      "tokens": [
        286,
        848,
        750,
        727,
        1754,
        365,
        505,
        11
      ],
      "temperature": 0.0,
      "avg_logprob": -0.5723120506773604,
      "compression_ratio": 1.409356725146199,
      "no_speech_prob": 0.18142351508140564,
      "confidence": 0.719,
      "words": [
        {
          "text": "I",
          "start": 9.42,
          "end": 9.52,
          "confidence": 0.263
        },
        {
          "text": "said",
          "start": 9.52,
          "end": 9.66,
          "confidence": 0.616
        },
        {
          "text": "she",
          "start": 9.66,
          "end": 9.82,
          "confidence": 0.851
        },
        {
          "text": "could",
          "start": 9.82,
          "end": 9.98,
          "confidence": 0.919
        },
        {
          "text": "stay",
          "start": 9.98,
          "end": 10.14,
          "confidence": 0.992
        },
        {
          "text": "with",
          "start": 10.14,
          "end": 10.26,
          "confidence": 0.985
        },
        {
          "text": "us,",
          "start": 10.26,
          "end": 10.39,
          "confidence": 0.805
        }
      ]
    },
    {
      "id": 6,
      "seek": 0,
      "start": 10.39,
      "end": 11.52,
      "text": " but she feels better.",
      "tokens": [
        457,
        750,
        3417,
        1101,
        13
      ],
      "temperature": 0.0,
      "avg_logprob": -0.5723120506773604,
      "compression_ratio": 1.409356725146199,
      "no_speech_prob": 0.18142351508140564,
      "confidence": 0.719,
      "words": [
        {
          "text": "but",
          "start": 10.39,
          "end": 10.76,
          "confidence": 0.381
        },
        {
          "text": "she",
          "start": 10.76,
          "end": 10.94,
          "confidence": 0.945
        },
        {
          "text": "feels",
          "start": 10.94,
          "end": 11.22,
          "confidence": 0.754
        },
        {
          "text": "better.",
          "start": 11.22,
          "end": 11.52,
          "confidence": 0.987
        }
      ]
    },
    {
      "id": 7,
      "seek": 0,
      "start": 12.2,
      "end": 13.32,
      "text": " Oh, she can.",
      "tokens": [
        876,
        11,
        750,
        393,
        13
      ],
      "temperature": 0.0,
      "avg_logprob": -0.5723120506773604,
      "compression_ratio": 1.409356725146199,
      "no_speech_prob": 0.18142351508140564,
      "confidence": 0.307,
      "words": [
        {
          "text": "Oh,",
          "start": 12.2,
          "end": 12.58,
          "confidence": 0.227
        },
        {
          "text": "she",
          "start": 12.72,
          "end": 12.96,
          "confidence": 0.667
        },
        {
          "text": "can.",
          "start": 12.96,
          "end": 13.32,
          "confidence": 0.192
        }
      ]
    },
    {
      "id": 8,
      "seek": 0,
      "start": 13.46,
      "end": 15.2,
      "text": " There's more to be for long.",
      "tokens": [
        821,
        311,
        544,
        281,
        312,
        337,
        938,
        13
      ],
      "temperature": 0.0,
      "avg_logprob": -0.5723120506773604,
      "compression_ratio": 1.409356725146199,
      "no_speech_prob": 0.18142351508140564,
      "confidence": 0.665,
      "words": [
        {
          "text": "There's",
          "start": 13.46,
          "end": 14.44,
          "confidence": 0.476
        },
        {
          "text": "more",
          "start": 14.44,
          "end": 14.56,
          "confidence": 0.805
        },
        {
          "text": "to",
          "start": 14.56,
          "end": 14.74,
          "confidence": 0.421
        },
        {
          "text": "be",
          "start": 14.74,
          "end": 14.8,
          "confidence": 0.94
        },
        {
          "text": "for",
          "start": 14.8,
          "end": 15.0,
          "confidence": 0.985
        },
        {
          "text": "long.",
          "start": 15.0,
          "end": 15.2,
          "confidence": 0.809
        }
      ]
    },
    {
      "id": 9,
      "seek": 0,
      "start": 15.38,
      "end": 16.86,
      "text": " What if you can stay as long as you want?",
      "tokens": [
        708,
        498,
        291,
        393,
        1754,
        382,
        938,
        382,
        291,
        528,
        30
      ],
      "temperature": 0.0,
      "avg_logprob": -0.5723120506773604,
      "compression_ratio": 1.409356725146199,
      "no_speech_prob": 0.18142351508140564,
      "confidence": 0.787,
      "words": [
        {
          "text": "What",
          "start": 15.38,
          "end": 15.54,
          "confidence": 0.419
        },
        {
          "text": "if",
          "start": 15.54,
          "end": 15.62,
          "confidence": 0.903
        },
        {
          "text": "you",
          "start": 15.62,
          "end": 15.7,
          "confidence": 0.96
        },
        {
          "text": "can",
          "start": 15.7,
          "end": 15.98,
          "confidence": 0.956
        },
        {
          "text": "stay",
          "start": 15.98,
          "end": 16.14,
          "confidence": 0.944
        },
        {
          "text": "as",
          "start": 16.14,
          "end": 16.26,
          "confidence": 0.389
        },
        {
          "text": "long",
          "start": 16.26,
          "end": 16.36,
          "confidence": 0.99
        },
        {
          "text": "as",
          "start": 16.36,
          "end": 16.52,
          "confidence": 0.97
        },
        {
          "text": "you",
          "start": 16.52,
          "end": 16.62,
          "confidence": 0.946
        },
        {
          "text": "want?",
          "start": 16.62,
          "end": 16.86,
          "confidence": 0.789
        }
      ]
    },
    {
      "id": 10,
      "seek": 0,
      "start": 16.86,
      "end": 19.1,
      "text": " My whole friend will be missed, yeah?",
      "tokens": [
        1222,
        1379,
        1277,
        486,
        312,
        6721,
        11,
        1338,
        30
      ],
      "temperature": 0.0,
      "avg_logprob": -0.5723120506773604,
      "compression_ratio": 1.409356725146199,
      "no_speech_prob": 0.18142351508140564,
      "confidence": 0.287,
      "words": [
        {
          "text": "My",
          "start": 16.86,
          "end": 17.34,
          "confidence": 0.115
        },
        {
          "text": "whole",
          "start": 17.34,
          "end": 17.62,
          "confidence": 0.156
        },
        {
          "text": "friend",
          "start": 17.62,
          "end": 17.9,
          "confidence": 0.238
        },
        {
          "text": "will",
          "start": 17.9,
          "end": 18.2,
          "confidence": 0.288
        },
        {
          "text": "be",
          "start": 18.2,
          "end": 18.38,
          "confidence": 0.833
        },
        {
          "text": "missed,",
          "start": 18.38,
          "end": 18.8,
          "confidence": 0.306
        },
        {
          "text": "yeah?",
          "start": 19.08,
          "end": 19.1,
          "confidence": 0.517
        }
      ]
    },
    {
      "id": 11,
      "seek": 1900,
      "start": 19.64,
      "end": 20.5,
      "text": " Oh, okay.",
      "tokens": [
        50364,
        876,
        11,
        1392,
        13,
        51064
      ],
      "temperature": 0.0,
      "avg_logprob": -0.8199716295514788,
      "compression_ratio": 0.5294117647058824,
      "no_speech_prob": 0.41655418276786804,
      "confidence": 0.136,
      "words": [
        {
          "text": "Oh,",
          "start": 19.64,
          "end": 20.06,
          "confidence": 0.234
        },
        {
          "text": "okay.",
          "start": 20.06,
          "end": 20.5,
          "confidence": 0.08
        }
      ]
    }
  ],
  "language": "en"
}