{
  "text": " Thank you.",
  "segments": [
    {
      "id": 0,
      "seek": 0,
      "start": 0.16,
      "end": 0.68,
      "text": " Thank you.",
      "tokens": [
        50364,
        1044,
        291,
        13,
        50414
      ],
      "temperature": 0.0,
      "avg_logprob": -0.9013299147288004,
      "compression_ratio": 0.5555555555555556,
      "no_speech_prob": 0.42993900179862976,
      "confidence": 0.35,
      "words": [
        {
          "text": "Thank",
          "start": 0.16,
          "end": 0.36,
          "confidence": 0.078
        },
        {
          "text": "you.",
          "start": 0.36,
          "end": 0.68,
          "confidence": 0.743
        }
      ]
    }
  ],
  "language": "en"
}