You,0.06,0.6
can't,0.6,0.78
do,0.78,0.96
it,0.96,1.36
you,1.36,1.46
can't,1.46,1.68
do,1.68,1.78
it,1.78,1.88
