start	end	text
380	2400	Dis-moi, est-ce que l'avion vole?
