Dis-moi,0.38,1.3
est-ce,1.3,1.46
que,1.46,1.64
l'avion,1.64,2.0
vole,2.0,2.4
