{
  "text": " Mohoo, let's go with it again Mohoo, let's go with it again",
  "segments": [
    {
      "id": 0,
      "seek": 0,
      "start": 0.44,
      "end": 2.74,
      "text": " Mohoo, let's go with it again",
      "tokens": [
        50363,
        337,
        1219,
        2238,
        11,
        1309,
        338,
        467,
        351,
        340,
        757,
        50501
      ],
      "temperature": 0.0,
      "avg_logprob": -0.7670458280123197,
      "compression_ratio": 0.7837837837837838,
      "no_speech_prob": 0.11795500665903091,
      "confidence": 0.485,
      "words": [
        {
          "text": "Mohoo,",
          "start": 0.44,
          "end": 1.86,
          "confidence": 0.245
        },
        {
          "text": "let's",
          "start": 1.86,
          "end": 2.04,
          "confidence": 0.91
        },
        {
          "text": "go",
          "start": 2.04,
          "end": 2.18,
          "confidence": 0.908
        },
        {
          "text": "with",
          "start": 2.18,
          "end": 2.38,
          "confidence": 0.286
        },
        {
          "text": "it",
          "start": 2.38,
          "end": 2.44,
          "confidence": 0.939
        },
        {
          "text": "again",
          "start": 2.44,
          "end": 2.74,
          "confidence": 0.997
        }
      ]
    },
    {
      "id": 1,
      "seek": 3000,
      "start": 29.58,
      "end": 35.24,
      "text": " Mohoo, let's go with it again",
      "tokens": [
        50413,
        337,
        1219,
        2238,
        11,
        1309,
        338,
        467,
        351,
        340,
        757,
        50663
      ],
      "temperature": 0.0,
      "avg_logprob": -0.37833675971397984,
      "compression_ratio": 0.7837837837837838,
      "no_speech_prob": 0.10371549427509308,
      "confidence": 0.001,
      "words": [
        {
          "text": "Mohoo,",
          "start": 29.58,
          "end": 34.28,
          "confidence": 0.004
        },
        {
          "text": "let's",
          "start": 34.28,
          "end": 34.58,
          "confidence": 0.001
        },
        {
          "text": "go",
          "start": 34.58,
          "end": 34.76,
          "confidence": 0.0
        },
        {
          "text": "with",
          "start": 34.76,
          "end": 34.96,
          "confidence": 0.0
        },
        {
          "text": "it",
          "start": 34.96,
          "end": 35.0,
          "confidence": 0.001
        },
        {
          "text": "again",
          "start": 35.0,
          "end": 35.24,
          "confidence": 0.001
        }
      ]
    }
  ],
  "language": "en"
}