{
  "text": " Je suis très très très très très très très très très très très très très très très très très très très très très très très très très très très très très très très très très très très très très très très très très très très très très très très très très très très très très très très très très très très très très très très très très très très très très très très très très très très très très très très très très très très très très très très très très très très très très très très très très très très très très très très très très très très très très très très très très très très très très très très très très très très très très très très très très très très très très très très très très très très très très très très très très très très très très très très très très très très très très très très très très très très très très très très très très très très très très très très très très très très très très très très très très très très très très très très très très très très très très très très très très très très très très très très très très très très très très très très très très très très très très",
  "segments": [
    {
      "id": 0,
      "seek": 0,
      "start": 0.16,
      "end": 29.98,
      "text": " Je suis très très très très très très très très très très très très très très très très très très très très très très très très très très très très très très très très très très très très très très très très très très très très très très très très très très très très très très très très très très très très très très très très très très très très très très très très très très très très très très très très très très très très très très très très très très très très très très très très très très très très très très très très très très très très très très très très très très très très très très très très très très très très très très très très très très très très très très très très très très très très très très très très très très très très très très très très très très très très très très très très très très très très très très très très très très très très très très très très très très très très très très très très très très très très très très très très très très très très très très très très très très très très très très très très très très très très très très très très très très très très très",
      "tokens": [
        50364,
        2588,
        7624,
        5732,
        5732,
        5732,
        5732,
        5732,
        5732,
        5732,
        5732,
        5732,
        5732,
        5732,
        5732,
        5732,
        5732,
        5732,
        5732,
        5732,
        5732,
        5732,
        5732,
        5732,
        5732,
        5732,
        5732,
        5732,
        5732,
        5732,
        5732,
        5732,
        5732,
        5732,
        5732,
        5732,
        5732,
        5732,
        5732,
        5732,
        5732,
        5732,
        5732,
        5732,
        5732,
        5732,
        5732,
        5732,
        5732,
        5732,
        5732,
        5732,
        5732,
        5732,
        5732,
        5732,
        5732,
        5732,
        5732,
        5732,
        5732,
        5732,
        5732,
        5732,
        5732,
        5732,
        5732,
        5732,
        5732,
        5732,
        5732,
        5732,
        5732,
        5732,
        5732,
        5732,
        5732,
        5732,
        5732,
        5732,
        5732,
        5732,
        5732,
        5732,
        5732,
        5732,
        5732,
        5732,
        5732,
        5732,
        5732,
        5732,
        5732,
        5732,
        5732,
        5732,
        5732,
        5732,
        5732,
        5732,
        5732,
        5732,
        5732,
        5732,
        5732,
        5732,
        5732,
        5732,
        5732,
        5732,
        5732,
        5732,
        5732,
        5732,
        5732,
        5732,
        5732,
        5732,
        5732,
        5732,
        5732,
        5732,
        5732,
        5732,
        5732,
        5732,
        5732,
        5732,
        5732,
        5732,
        5732,
        5732,
        5732,
        5732,
        5732,
        5732,
        5732,
        5732,
        5732,
        5732,
        5732,
        5732,
        5732,
        5732,
        5732,
        5732,
        5732,
        5732,
        5732,
        5732,
        5732,
        5732,
        5732,
        5732,
        5732,
        5732,
        5732,
        5732,
        5732,
        5732,
        5732,
        5732,
        5732,
        5732,
        5732,
        5732,
        5732,
        5732,
        5732,
        5732,
        5732,
        5732,
        5732,
        5732,
        5732,
        5732,
        5732,
        5732,
        5732,
        5732,
        5732,
        5732,
        5732,
        5732,
        5732,
        5732,
        5732,
        5732,
        5732,
        5732,
        5732,
        5732,
        5732,
        5732,
        5732,
        5732,
        5732,
        5732,
        5732,
        5732,
        5732,
        5732,
        5732,
        5732,
        5732,
        5732,
        5732,
        5732,
        5732,
        5732,
        5732,
        5732,
        5732,
        5732,
        5732,
        5732,
        5732,
        5732,
        5732,
        5732,
        5732,
        5732,
        5732,
        5732
      ],
      "temperature": 0.0,
      "avg_logprob": -0.29288587782118053,
      "compression_ratio": 43.0,
      "no_speech_prob": 0.18142351508140564,
      "confidence": 0.745,
      "words": [
        {
          "text": "Je",
          "start": 0.16,
          "end": 4.38,
          "confidence": 0.046
        },
        {
          "text": "suis",
          "start": 4.38,
          "end": 5.92,
          "confidence": 0.162
        },
        {
          "text": "très",
          "start": 5.92,
          "end": 6.2,
          "confidence": 0.054
        },
        {
          "text": "très",
          "start": 6.2,
          "end": 10.56,
          "confidence": 0.101
        },
        {
          "text": "très",
          "start": 10.56,
          "end": 11.22,
          "confidence": 0.154
        },
        {
          "text": "très",
          "start": 11.22,
          "end": 11.34,
          "confidence": 0.183
        },
        {
          "text": "très",
          "start": 11.34,
          "end": 11.36,
          "confidence": 0.201
        },
        {
          "text": "très",
          "start": 11.36,
          "end": 11.38,
          "confidence": 0.233
        },
        {
          "text": "très",
          "start": 11.38,
          "end": 11.4,
          "confidence": 0.261
        },
        {
          "text": "très",
          "start": 11.4,
          "end": 11.42,
          "confidence": 0.29
        },
        {
          "text": "très",
          "start": 11.42,
          "end": 11.44,
          "confidence": 0.332
        },
        {
          "text": "très",
          "start": 11.44,
          "end": 11.46,
          "confidence": 0.391
        },
        {
          "text": "très",
          "start": 11.46,
          "end": 11.48,
          "confidence": 0.461
        },
        {
          "text": "très",
          "start": 11.48,
          "end": 11.5,
          "confidence": 0.537
        },
        {
          "text": "très",
          "start": 11.5,
          "end": 11.52,
          "confidence": 0.586
        },
        {
          "text": "très",
          "start": 11.52,
          "end": 11.54,
          "confidence": 0.63
        },
        {
          "text": "très",
          "start": 11.54,
          "end": 11.56,
          "confidence": 0.664
        },
        {
          "text": "très",
          "start": 11.56,
          "end": 11.58,
          "confidence": 0.682
        },
        {
          "text": "très",
          "start": 11.58,
          "end": 11.6,
          "confidence": 0.697
        },
        {
          "text": "très",
          "start": 11.6,
          "end": 11.62,
          "confidence": 0.712
        },
        {
          "text": "très",
          "start": 11.62,
          "end": 11.64,
          "confidence": 0.716
        },
        {
          "text": "très",
          "start": 11.64,
          "end": 11.66,
          "confidence": 0.728
        },
        {
          "text": "très",
          "start": 11.66,
          "end": 11.68,
          "confidence": 0.732
        },
        {
          "text": "très",
          "start": 11.68,
          "end": 11.7,
          "confidence": 0.743
        },
        {
          "text": "très",
          "start": 11.7,
          "end": 11.72,
          "confidence": 0.743
        },
        {
          "text": "très",
          "start": 11.72,
          "end": 11.74,
          "confidence": 0.74
        },
        {
          "text": "très",
          "start": 11.74,
          "end": 11.76,
          "confidence": 0.744
        },
        {
          "text": "très",
          "start": 11.76,
          "end": 11.78,
          "confidence": 0.743
        },
        {
          "text": "très",
          "start": 11.78,
          "end": 11.8,
          "confidence": 0.748
        },
        {
          "text": "très",
          "start": 11.8,
          "end": 11.82,
          "confidence": 0.747
        },
        {
          "text": "très",
          "start": 11.82,
          "end": 11.84,
          "confidence": 0.746
        },
        {
          "text": "très",
          "start": 11.84,
          "end": 11.86,
          "confidence": 0.751
        },
        {
          "text": "très",
          "start": 11.86,
          "end": 11.88,
          "confidence": 0.753
        },
        {
          "text": "très",
          "start": 11.88,
          "end": 11.9,
          "confidence": 0.752
        },
        {
          "text": "très",
          "start": 11.9,
          "end": 11.92,
          "confidence": 0.751
        },
        {
          "text": "très",
          "start": 11.92,
          "end": 11.94,
          "confidence": 0.752
        },
        {
          "text": "très",
          "start": 11.94,
          "end": 11.96,
          "confidence": 0.751
        },
        {
          "text": "très",
          "start": 11.96,
          "end": 11.98,
          "confidence": 0.752
        },
        {
          "text": "très",
          "start": 11.98,
          "end": 12.0,
          "confidence": 0.755
        },
        {
          "text": "très",
          "start": 12.0,
          "end": 12.02,
          "confidence": 0.754
        },
        {
          "text": "très",
          "start": 12.02,
          "end": 12.8,
          "confidence": 0.756
        },
        {
          "text": "très",
          "start": 12.8,
          "end": 12.82,
          "confidence": 0.759
        },
        {
          "text": "très",
          "start": 12.82,
          "end": 13.64,
          "confidence": 0.762
        },
        {
          "text": "très",
          "start": 13.64,
          "end": 14.74,
          "confidence": 0.757
        },
        {
          "text": "très",
          "start": 14.74,
          "end": 14.92,
          "confidence": 0.755
        },
        {
          "text": "très",
          "start": 14.92,
          "end": 14.94,
          "confidence": 0.755
        },
        {
          "text": "très",
          "start": 14.94,
          "end": 14.96,
          "confidence": 0.757
        },
        {
          "text": "très",
          "start": 14.96,
          "end": 15.92,
          "confidence": 0.759
        },
        {
          "text": "très",
          "start": 15.92,
          "end": 15.94,
          "confidence": 0.76
        },
        {
          "text": "très",
          "start": 15.94,
          "end": 15.96,
          "confidence": 0.761
        },
        {
          "text": "très",
          "start": 15.96,
          "end": 15.98,
          "confidence": 0.764
        },
        {
          "text": "très",
          "start": 15.98,
          "end": 16.0,
          "confidence": 0.765
        },
        {
          "text": "très",
          "start": 16.0,
          "end": 16.02,
          "confidence": 0.761
        },
        {
          "text": "très",
          "start": 16.02,
          "end": 16.04,
          "confidence": 0.761
        },
        {
          "text": "très",
          "start": 16.04,
          "end": 16.06,
          "confidence": 0.761
        },
        {
          "text": "très",
          "start": 16.06,
          "end": 17.5,
          "confidence": 0.768
        },
        {
          "text": "très",
          "start": 17.5,
          "end": 17.52,
          "confidence": 0.766
        },
        {
          "text": "très",
          "start": 17.52,
          "end": 17.54,
          "confidence": 0.771
        },
        {
          "text": "très",
          "start": 17.54,
          "end": 17.56,
          "confidence": 0.77
        },
        {
          "text": "très",
          "start": 17.56,
          "end": 17.58,
          "confidence": 0.775
        },
        {
          "text": "très",
          "start": 17.58,
          "end": 18.58,
          "confidence": 0.773
        },
        {
          "text": "très",
          "start": 18.58,
          "end": 18.76,
          "confidence": 0.775
        },
        {
          "text": "très",
          "start": 18.76,
          "end": 18.78,
          "confidence": 0.775
        },
        {
          "text": "très",
          "start": 18.78,
          "end": 18.8,
          "confidence": 0.78
        },
        {
          "text": "très",
          "start": 18.8,
          "end": 18.82,
          "confidence": 0.782
        },
        {
          "text": "très",
          "start": 18.82,
          "end": 18.84,
          "confidence": 0.785
        },
        {
          "text": "très",
          "start": 18.84,
          "end": 18.86,
          "confidence": 0.787
        },
        {
          "text": "très",
          "start": 18.86,
          "end": 18.88,
          "confidence": 0.786
        },
        {
          "text": "très",
          "start": 18.88,
          "end": 19.32,
          "confidence": 0.791
        },
        {
          "text": "très",
          "start": 19.32,
          "end": 19.34,
          "confidence": 0.792
        },
        {
          "text": "très",
          "start": 19.34,
          "end": 20.14,
          "confidence": 0.796
        },
        {
          "text": "très",
          "start": 20.14,
          "end": 20.16,
          "confidence": 0.799
        },
        {
          "text": "très",
          "start": 20.16,
          "end": 20.18,
          "confidence": 0.802
        },
        {
          "text": "très",
          "start": 20.18,
          "end": 20.2,
          "confidence": 0.805
        },
        {
          "text": "très",
          "start": 20.2,
          "end": 20.5,
          "confidence": 0.808
        },
        {
          "text": "très",
          "start": 20.5,
          "end": 20.52,
          "confidence": 0.809
        },
        {
          "text": "très",
          "start": 20.52,
          "end": 20.54,
          "confidence": 0.814
        },
        {
          "text": "très",
          "start": 20.54,
          "end": 20.56,
          "confidence": 0.814
        },
        {
          "text": "très",
          "start": 20.56,
          "end": 20.58,
          "confidence": 0.816
        },
        {
          "text": "très",
          "start": 20.58,
          "end": 20.6,
          "confidence": 0.819
        },
        {
          "text": "très",
          "start": 20.6,
          "end": 20.62,
          "confidence": 0.828
        },
        {
          "text": "très",
          "start": 20.62,
          "end": 20.64,
          "confidence": 0.827
        },
        {
          "text": "très",
          "start": 20.64,
          "end": 20.66,
          "confidence": 0.832
        },
        {
          "text": "très",
          "start": 20.66,
          "end": 20.68,
          "confidence": 0.832
        },
        {
          "text": "très",
          "start": 20.68,
          "end": 20.7,
          "confidence": 0.835
        },
        {
          "text": "très",
          "start": 20.7,
          "end": 20.72,
          "confidence": 0.834
        },
        {
          "text": "très",
          "start": 20.72,
          "end": 20.74,
          "confidence": 0.836
        },
        {
          "text": "très",
          "start": 20.74,
          "end": 20.76,
          "confidence": 0.839
        },
        {
          "text": "très",
          "start": 20.76,
          "end": 20.78,
          "confidence": 0.841
        },
        {
          "text": "très",
          "start": 20.78,
          "end": 20.8,
          "confidence": 0.841
        },
        {
          "text": "très",
          "start": 20.8,
          "end": 20.82,
          "confidence": 0.84
        },
        {
          "text": "très",
          "start": 20.82,
          "end": 20.84,
          "confidence": 0.842
        },
        {
          "text": "très",
          "start": 20.84,
          "end": 20.86,
          "confidence": 0.845
        },
        {
          "text": "très",
          "start": 20.86,
          "end": 20.88,
          "confidence": 0.843
        },
        {
          "text": "très",
          "start": 20.88,
          "end": 20.9,
          "confidence": 0.845
        },
        {
          "text": "très",
          "start": 20.9,
          "end": 20.92,
          "confidence": 0.845
        },
        {
          "text": "très",
          "start": 20.92,
          "end": 20.94,
          "confidence": 0.846
        },
        {
          "text": "très",
          "start": 20.94,
          "end": 20.96,
          "confidence": 0.847
        },
        {
          "text": "très",
          "start": 20.96,
          "end": 20.98,
          "confidence": 0.847
        },
        {
          "text": "très",
          "start": 20.98,
          "end": 21.0,
          "confidence": 0.848
        },
        {
          "text": "très",
          "start": 21.0,
          "end": 21.02,
          "confidence": 0.85
        },
        {
          "text": "très",
          "start": 21.02,
          "end": 21.04,
          "confidence": 0.849
        },
        {
          "text": "très",
          "start": 21.04,
          "end": 21.06,
          "confidence": 0.851
        },
        {
          "text": "très",
          "start": 21.06,
          "end": 21.08,
          "confidence": 0.853
        },
        {
          "text": "très",
          "start": 21.08,
          "end": 21.1,
          "confidence": 0.856
        },
        {
          "text": "très",
          "start": 21.1,
          "end": 21.12,
          "confidence": 0.857
        },
        {
          "text": "très",
          "start": 21.12,
          "end": 21.14,
          "confidence": 0.857
        },
        {
          "text": "très",
          "start": 21.14,
          "end": 21.16,
          "confidence": 0.858
        },
        {
          "text": "très",
          "start": 21.16,
          "end": 21.18,
          "confidence": 0.856
        },
        {
          "text": "très",
          "start": 21.18,
          "end": 21.2,
          "confidence": 0.856
        },
        {
          "text": "très",
          "start": 21.2,
          "end": 21.22,
          "confidence": 0.857
        },
        {
          "text": "très",
          "start": 21.22,
          "end": 21.24,
          "confidence": 0.856
        },
        {
          "text": "très",
          "start": 21.24,
          "end": 21.26,
          "confidence": 0.855
        },
        {
          "text": "très",
          "start": 21.26,
          "end": 21.28,
          "confidence": 0.854
        },
        {
          "text": "très",
          "start": 21.28,
          "end": 21.3,
          "confidence": 0.856
        },
        {
          "text": "très",
          "start": 21.3,
          "end": 21.32,
          "confidence": 0.857
        },
        {
          "text": "très",
          "start": 21.32,
          "end": 21.34,
          "confidence": 0.853
        },
        {
          "text": "très",
          "start": 21.34,
          "end": 21.36,
          "confidence": 0.85
        },
        {
          "text": "très",
          "start": 21.36,
          "end": 21.38,
          "confidence": 0.854
        },
        {
          "text": "très",
          "start": 21.38,
          "end": 21.4,
          "confidence": 0.852
        },
        {
          "text": "très",
          "start": 21.4,
          "end": 21.42,
          "confidence": 0.851
        },
        {
          "text": "très",
          "start": 21.42,
          "end": 21.44,
          "confidence": 0.848
        },
        {
          "text": "très",
          "start": 21.44,
          "end": 21.46,
          "confidence": 0.852
        },
        {
          "text": "très",
          "start": 21.46,
          "end": 21.48,
          "confidence": 0.852
        },
        {
          "text": "très",
          "start": 21.48,
          "end": 21.5,
          "confidence": 0.853
        },
        {
          "text": "très",
          "start": 21.5,
          "end": 21.52,
          "confidence": 0.851
        },
        {
          "text": "très",
          "start": 21.52,
          "end": 21.54,
          "confidence": 0.852
        },
        {
          "text": "très",
          "start": 21.54,
          "end": 21.56,
          "confidence": 0.853
        },
        {
          "text": "très",
          "start": 21.56,
          "end": 21.58,
          "confidence": 0.848
        },
        {
          "text": "très",
          "start": 21.58,
          "end": 21.6,
          "confidence": 0.854
        },
        {
          "text": "très",
          "start": 21.6,
          "end": 21.62,
          "confidence": 0.856
        },
        {
          "text": "très",
          "start": 21.62,
          "end": 21.64,
          "confidence": 0.854
        },
        {
          "text": "très",
          "start": 21.64,
          "end": 21.66,
          "confidence": 0.855
        },
        {
          "text": "très",
          "start": 21.66,
          "end": 21.68,
          "confidence": 0.852
        },
        {
          "text": "très",
          "start": 21.68,
          "end": 21.7,
          "confidence": 0.854
        },
        {
          "text": "très",
          "start": 21.7,
          "end": 21.72,
          "confidence": 0.855
        },
        {
          "text": "très",
          "start": 21.72,
          "end": 21.74,
          "confidence": 0.853
        },
        {
          "text": "très",
          "start": 21.74,
          "end": 21.76,
          "confidence": 0.854
        },
        {
          "text": "très",
          "start": 21.76,
          "end": 21.78,
          "confidence": 0.848
        },
        {
          "text": "très",
          "start": 21.78,
          "end": 21.8,
          "confidence": 0.853
        },
        {
          "text": "très",
          "start": 21.8,
          "end": 21.82,
          "confidence": 0.852
        },
        {
          "text": "très",
          "start": 21.82,
          "end": 21.84,
          "confidence": 0.854
        },
        {
          "text": "très",
          "start": 21.84,
          "end": 21.86,
          "confidence": 0.853
        },
        {
          "text": "très",
          "start": 21.86,
          "end": 21.88,
          "confidence": 0.849
        },
        {
          "text": "très",
          "start": 21.88,
          "end": 21.9,
          "confidence": 0.845
        },
        {
          "text": "très",
          "start": 21.9,
          "end": 21.92,
          "confidence": 0.844
        },
        {
          "text": "très",
          "start": 21.92,
          "end": 21.94,
          "confidence": 0.843
        },
        {
          "text": "très",
          "start": 21.94,
          "end": 21.96,
          "confidence": 0.843
        },
        {
          "text": "très",
          "start": 21.96,
          "end": 21.98,
          "confidence": 0.848
        },
        {
          "text": "très",
          "start": 21.98,
          "end": 22.0,
          "confidence": 0.848
        },
        {
          "text": "très",
          "start": 22.0,
          "end": 22.02,
          "confidence": 0.851
        },
        {
          "text": "très",
          "start": 22.02,
          "end": 22.04,
          "confidence": 0.847
        },
        {
          "text": "très",
          "start": 22.04,
          "end": 22.06,
          "confidence": 0.846
        },
        {
          "text": "très",
          "start": 22.06,
          "end": 22.08,
          "confidence": 0.845
        },
        {
          "text": "très",
          "start": 22.08,
          "end": 22.1,
          "confidence": 0.844
        },
        {
          "text": "très",
          "start": 22.1,
          "end": 22.12,
          "confidence": 0.845
        },
        {
          "text": "très",
          "start": 22.12,
          "end": 22.14,
          "confidence": 0.843
        },
        {
          "text": "très",
          "start": 22.14,
          "end": 22.16,
          "confidence": 0.85
        },
        {
          "text": "très",
          "start": 22.16,
          "end": 22.18,
          "confidence": 0.845
        },
        {
          "text": "très",
          "start": 22.18,
          "end": 22.2,
          "confidence": 0.846
        },
        {
          "text": "très",
          "start": 22.2,
          "end": 22.22,
          "confidence": 0.849
        },
        {
          "text": "très",
          "start": 22.22,
          "end": 22.24,
          "confidence": 0.845
        },
        {
          "text": "très",
          "start": 22.24,
          "end": 22.26,
          "confidence": 0.848
        },
        {
          "text": "très",
          "start": 22.26,
          "end": 22.28,
          "confidence": 0.846
        },
        {
          "text": "très",
          "start": 22.28,
          "end": 22.3,
          "confidence": 0.845
        },
        {
          "text": "très",
          "start": 22.3,
          "end": 22.32,
          "confidence": 0.844
        },
        {
          "text": "très",
          "start": 22.32,
          "end": 22.34,
          "confidence": 0.841
        },
        {
          "text": "très",
          "start": 22.34,
          "end": 22.36,
          "confidence": 0.842
        },
        {
          "text": "très",
          "start": 22.36,
          "end": 22.38,
          "confidence": 0.841
        },
        {
          "text": "très",
          "start": 22.38,
          "end": 22.4,
          "confidence": 0.838
        },
        {
          "text": "très",
          "start": 22.4,
          "end": 22.42,
          "confidence": 0.842
        },
        {
          "text": "très",
          "start": 22.42,
          "end": 22.44,
          "confidence": 0.834
        },
        {
          "text": "très",
          "start": 22.44,
          "end": 22.46,
          "confidence": 0.832
        },
        {
          "text": "très",
          "start": 22.46,
          "end": 22.48,
          "confidence": 0.833
        },
        {
          "text": "très",
          "start": 22.48,
          "end": 22.5,
          "confidence": 0.835
        },
        {
          "text": "très",
          "start": 22.5,
          "end": 22.52,
          "confidence": 0.83
        },
        {
          "text": "très",
          "start": 22.52,
          "end": 22.54,
          "confidence": 0.831
        },
        {
          "text": "très",
          "start": 22.54,
          "end": 22.56,
          "confidence": 0.838
        },
        {
          "text": "très",
          "start": 22.56,
          "end": 22.58,
          "confidence": 0.838
        },
        {
          "text": "très",
          "start": 22.58,
          "end": 22.6,
          "confidence": 0.835
        },
        {
          "text": "très",
          "start": 22.6,
          "end": 22.62,
          "confidence": 0.839
        },
        {
          "text": "très",
          "start": 22.62,
          "end": 22.64,
          "confidence": 0.836
        },
        {
          "text": "très",
          "start": 22.64,
          "end": 22.66,
          "confidence": 0.833
        },
        {
          "text": "très",
          "start": 22.66,
          "end": 22.68,
          "confidence": 0.835
        },
        {
          "text": "très",
          "start": 22.68,
          "end": 22.7,
          "confidence": 0.841
        },
        {
          "text": "très",
          "start": 22.7,
          "end": 22.72,
          "confidence": 0.84
        },
        {
          "text": "très",
          "start": 22.72,
          "end": 22.74,
          "confidence": 0.836
        },
        {
          "text": "très",
          "start": 22.74,
          "end": 22.76,
          "confidence": 0.839
        },
        {
          "text": "très",
          "start": 22.76,
          "end": 22.78,
          "confidence": 0.838
        },
        {
          "text": "très",
          "start": 22.78,
          "end": 22.8,
          "confidence": 0.836
        },
        {
          "text": "très",
          "start": 22.8,
          "end": 22.82,
          "confidence": 0.834
        },
        {
          "text": "très",
          "start": 22.82,
          "end": 22.84,
          "confidence": 0.841
        },
        {
          "text": "très",
          "start": 22.84,
          "end": 22.86,
          "confidence": 0.833
        },
        {
          "text": "très",
          "start": 22.86,
          "end": 22.88,
          "confidence": 0.836
        },
        {
          "text": "très",
          "start": 22.88,
          "end": 22.9,
          "confidence": 0.833
        },
        {
          "text": "très",
          "start": 22.9,
          "end": 22.92,
          "confidence": 0.831
        },
        {
          "text": "très",
          "start": 22.92,
          "end": 22.94,
          "confidence": 0.832
        },
        {
          "text": "très",
          "start": 22.94,
          "end": 22.96,
          "confidence": 0.834
        },
        {
          "text": "très",
          "start": 22.96,
          "end": 22.98,
          "confidence": 0.837
        },
        {
          "text": "très",
          "start": 22.98,
          "end": 23.0,
          "confidence": 0.829
        },
        {
          "text": "très",
          "start": 23.0,
          "end": 23.02,
          "confidence": 0.832
        },
        {
          "text": "très",
          "start": 23.02,
          "end": 23.04,
          "confidence": 0.828
        },
        {
          "text": "très",
          "start": 23.04,
          "end": 23.06,
          "confidence": 0.835
        },
        {
          "text": "très",
          "start": 23.06,
          "end": 23.08,
          "confidence": 0.831
        },
        {
          "text": "très",
          "start": 23.08,
          "end": 23.1,
          "confidence": 0.83
        },
        {
          "text": "très",
          "start": 23.1,
          "end": 23.12,
          "confidence": 0.837
        },
        {
          "text": "très",
          "start": 23.12,
          "end": 23.14,
          "confidence": 0.836
        },
        {
          "text": "très",
          "start": 23.14,
          "end": 23.16,
          "confidence": 0.832
        },
        {
          "text": "très",
          "start": 23.16,
          "end": 23.18,
          "confidence": 0.832
        },
        {
          "text": "très",
          "start": 23.18,
          "end": 23.2,
          "confidence": 0.825
        },
        {
          "text": "très",
          "start": 23.2,
          "end": 23.22,
          "confidence": 0.829
        },
        {
          "text": "très",
          "start": 23.22,
          "end": 23.24,
          "confidence": 0.831
        },
        {
          "text": "très",
          "start": 23.24,
          "end": 23.26,
          "confidence": 0.826
        },
        {
          "text": "très",
          "start": 23.26,
          "end": 23.28,
          "confidence": 0.832
        },
        {
          "text": "très",
          "start": 23.28,
          "end": 23.3,
          "confidence": 0.826
        },
        {
          "text": "très",
          "start": 23.3,
          "end": 23.32,
          "confidence": 0.826
        },
        {
          "text": "très",
          "start": 23.32,
          "end": 23.34,
          "confidence": 0.831
        },
        {
          "text": "très",
          "start": 23.34,
          "end": 23.36,
          "confidence": 0.838
        },
        {
          "text": "très",
          "start": 23.36,
          "end": 23.38,
          "confidence": 0.835
        },
        {
          "text": "très",
          "start": 23.38,
          "end": 23.4,
          "confidence": 0.838
        },
        {
          "text": "très",
          "start": 23.4,
          "end": 23.42,
          "confidence": 0.85
        },
        {
          "text": "très",
          "start": 23.42,
          "end": 23.44,
          "confidence": 0.833
        },
        {
          "text": "très",
          "start": 23.44,
          "end": 29.98,
          "confidence": 0.829
        }
      ]
    }
  ],
  "language": "fr"
}