{
  "text": " OK et plus...",
  "segments": [
    {
      "id": 0,
      "seek": 0,
      "start": 0.18,
      "end": 0.72,
      "text": " OK et plus...",
      "tokens": [
        50364,
        2264,
        1030,
        1804,
        485,
        50408
      ],
      "temperature": 1.0,
      "avg_logprob": -3.6782133919852122,
      "compression_ratio": 0.6190476190476191,
      "no_speech_prob": 0.42993900179862976,
      "confidence": 0.005,
      "words": [
        {
          "text": "OK",
          "start": 0.18,
          "end": 0.4,
          "confidence": 0.001
        },
        {
          "text": "et",
          "start": 0.4,
          "end": 0.5,
          "confidence": 0.004
        },
        {
          "text": "plus...",
          "start": 0.5,
          "end": 0.72,
          "confidence": 0.011
        }
      ]
    }
  ],
  "language": "fr"
}