{
  "text": " Je ne suis pas en train de",
  "segments": [
    {
      "id": 0,
      "seek": 0,
      "start": 0.16,
      "end": 1.62,
      "text": " Je ne suis pas en train de",
      "tokens": [
        2588,
        408,
        7624,
        1736,
        465,
        3847,
        368,
        4865,
        2788,
        13
      ],
      "temperature": 0.0,
      "avg_logprob": -1.531572048480694,
      "compression_ratio": 0.8222222222222222,
      "no_speech_prob": 0.37774592638015747,
      "confidence": 0.174,
      "words": [
        {
          "text": "Je",
          "start": 0.16,
          "end": 0.78,
          "confidence": 0.067
        },
        {
          "text": "ne",
          "start": 0.78,
          "end": 0.8,
          "confidence": 0.139
        },
        {
          "text": "suis",
          "start": 0.8,
          "end": 1.04,
          "confidence": 0.184
        },
        {
          "text": "pas",
          "start": 1.04,
          "end": 1.16,
          "confidence": 0.803
        },
        {
          "text": "en",
          "start": 1.16,
          "end": 1.38,
          "confidence": 0.106
        },
        {
          "text": "train",
          "start": 1.38,
          "end": 1.46,
          "confidence": 0.136
        },
        {
          "text": "de",
          "start": 1.46,
          "end": 1.62,
          "confidence": 0.632
        }
      ]
    }
  ],
  "language": "fr"
}