{
  "text": " Dima et ce que l'on vole.",
  "segments": [
    {
      "id": 0,
      "seek": 0,
      "start": 0.42,
      "end": 2.36,
      "text": " Dima et ce que l'on vole.",
      "tokens": [
        413,
        4775,
        1030,
        1769,
        631,
        287,
        6,
        266,
        49877,
        13
      ],
      "temperature": 0.0,
      "avg_logprob": -0.9100304383497971,
      "compression_ratio": 0.7575757575757576,
      "no_speech_prob": 0.0011753258295357227,
      "confidence": 0.438,
      "words": [
        {
          "text": "Dima",
          "start": 0.42,
          "end": 0.84,
          "confidence": 0.285
        },
        {
          "text": "et",
          "start": 0.84,
          "end": 1.38,
          "confidence": 0.33
        },
        {
          "text": "ce",
          "start": 1.38,
          "end": 1.56,
          "confidence": 0.529
        },
        {
          "text": "que",
          "start": 1.56,
          "end": 1.66,
          "confidence": 0.854
        },
        {
          "text": "l'on",
          "start": 1.66,
          "end": 2.02,
          "confidence": 0.568
        },
        {
          "text": "vole.",
          "start": 2.02,
          "end": 2.36,
          "confidence": 0.27
        }
      ]
    }
  ],
  "language": "fr"
}