{
  "text": "............",
  "segments": [
    {
      "id": 0,
      "seek": 0,
      "start": 0.08,
      "end": 0.76,
      "text": "...",
      "tokens": [
        50364,
        1097,
        50614
      ],
      "temperature": 0.0,
      "avg_logprob": -1.4191982746124268,
      "compression_ratio": 0.2727272727272727,
      "no_speech_prob": 0.5110077261924744,
      "confidence": 0.223,
      "words": [
        {
          "text": "...",
          "start": 0.08,
          "end": 0.76,
          "confidence": 0.223
        }
      ]
    },
    {
      "id": 1,
      "seek": 6000,
      "start": 60.02,
      "end": 69.4,
      "text": "...",
      "tokens": [
        50364,
        1097,
        51714
      ],
      "temperature": 0.0,
      "avg_logprob": -0.9681128859519958,
      "compression_ratio": 0.2727272727272727,
      "no_speech_prob": 0.8783581256866455,
      "confidence": 0.467,
      "words": [
        {
          "text": "...",
          "start": 60.02,
          "end": 69.4,
          "confidence": 0.467
        }
      ]
    },
    {
      "id": 2,
      "seek": 9000,
      "start": 96.42,
      "end": 96.46,
      "text": "...",
      "tokens": [
        1097
      ],
      "temperature": 0.0,
      "avg_logprob": -0.8225809097290039,
      "compression_ratio": 0.2727272727272727,
      "no_speech_prob": 0.6408440470695496,
      "confidence": 0.841,
      "words": [
        {
          "text": "...",
          "start": 96.42,
          "end": 96.46,
          "confidence": 0.841
        }
      ]
    },
    {
      "id": 3,
      "seek": 10500,
      "start": 105.04,
      "end": 117.74,
      "text": "...",
      "tokens": [
        50364,
        1097,
        51714
      ],
      "temperature": 0.0,
      "avg_logprob": -0.7174453139305115,
      "compression_ratio": 0.2727272727272727,
      "no_speech_prob": 0.25282058119773865,
      "confidence": 0.763,
      "words": [
        {
          "text": "...",
          "start": 105.04,
          "end": 117.74,
          "confidence": 0.763
        }
      ]
    }
  ],
  "language": "fr"
}