{
  "text": " Bonjour! Est-ce que vous allez bien? Bonjour! Est-ce que vous allez bien?",
  "segments": [
    {
      "id": 0,
      "seek": 0,
      "start": 0.44,
      "end": 1.42,
      "text": " Bonjour!",
      "tokens": [
        25431,
        2298
      ],
      "temperature": 0.0,
      "avg_logprob": -0.6449134190877278,
      "compression_ratio": 0.8181818181818182,
      "no_speech_prob": 0.0425008162856102,
      "confidence": 0.344,
      "words": [
        {
          "text": "Bonjour!",
          "start": 0.44,
          "end": 1.42,
          "confidence": 0.344
        }
      ]
    },
    {
      "id": 1,
      "seek": 170,
      "start": 1.86,
      "end": 3.14,
      "text": " Est-ce que vous allez bien?",
      "tokens": [
        50364,
        4410,
        12,
        384,
        631,
        2630,
        18146,
        3610,
        2506,
        50464
      ],
      "temperature": 0.0,
      "avg_logprob": -0.43231040781194513,
      "compression_ratio": 0.7714285714285715,
      "no_speech_prob": 0.044201210141181946,
      "confidence": 0.575,
      "words": [
        {
          "text": "Est-ce",
          "start": 1.86,
          "end": 2.14,
          "confidence": 0.436
        },
        {
          "text": "que",
          "start": 2.14,
          "end": 2.18,
          "confidence": 0.86
        },
        {
          "text": "vous",
          "start": 2.18,
          "end": 2.34,
          "confidence": 0.991
        },
        {
          "text": "allez",
          "start": 2.34,
          "end": 2.46,
          "confidence": 0.309
        },
        {
          "text": "bien?",
          "start": 2.46,
          "end": 3.14,
          "confidence": 0.741
        }
      ]
    },
    {
      "id": 2,
      "seek": 3170,
      "start": 32.98,
      "end": 33.64,
      "text": " Bonjour!",
      "tokens": [
        25431,
        2298
      ],
      "temperature": 0.0,
      "avg_logprob": -0.30261093775431314,
      "compression_ratio": 0.8181818181818182,
      "no_speech_prob": 0.5827401280403137,
      "confidence": 0.11,
      "words": [
        {
          "text": "Bonjour!",
          "start": 32.98,
          "end": 33.64,
          "confidence": 0.11
        }
      ]
    },
    {
      "id": 3,
      "seek": 3370,
      "start": 34.4,
      "end": 35.64,
      "text": " Est-ce que vous allez bien?",
      "tokens": [
        50364,
        4410,
        12,
        384,
        631,
        2630,
        18146,
        3610,
        2506,
        50464
      ],
      "temperature": 0.0,
      "avg_logprob": -0.1518009901046753,
      "compression_ratio": 0.7714285714285715,
      "no_speech_prob": 0.36904221773147583,
      "confidence": 0.471,
      "words": [
        {
          "text": "Est-ce",
          "start": 34.4,
          "end": 34.66,
          "confidence": 0.321
        },
        {
          "text": "que",
          "start": 34.66,
          "end": 34.72,
          "confidence": 0.753
        },
        {
          "text": "vous",
          "start": 34.72,
          "end": 34.86,
          "confidence": 0.994
        },
        {
          "text": "allez",
          "start": 34.86,
          "end": 35.0,
          "confidence": 0.203
        },
        {
          "text": "bien?",
          "start": 35.0,
          "end": 35.64,
          "confidence": 0.695
        }
      ]
    }
  ],
  "language": "fr"
}