Detecting language using up to the first 30 seconds. Use `--language` to specify the language
Detected language: Russian
[00:00.440 --> 00:00.780] Боже
[00:00.780 --> 00:02.480] улыл!
[00:02.500 --> 00:02.520] Ты
[00:02.520 --> 00:02.880] заканку
[00:02.880 --> 00:03.140] зорёвёвёвёвёв.
[00:32.960 --> 00:33.920] Муху,
[00:33.920 --> 00:34.640] Watka
[00:34.640 --> 00:35.860] glutinous
