[00:00.440 --> 00:01.380] Bonjour!
[00:01.860 --> 00:02.140] Est-ce
[00:02.140 --> 00:02.180] que
[00:02.180 --> 00:02.320] vous
[00:02.320 --> 00:02.460] allez
[00:02.460 --> 00:03.080] bien?
[00:32.980 --> 00:33.580] Bonjour!
[00:34.400 --> 00:34.660] Est-ce
[00:34.660 --> 00:34.700] que
[00:34.700 --> 00:34.860] vous
[00:34.860 --> 00:35.000] allez
[00:35.000 --> 00:35.620] bien?
