[00:00.440 --> 00:00.820] Bonjour!
[00:01.840 --> 00:02.200] Est-ce
[00:02.200 --> 00:02.260] que
[00:02.260 --> 00:02.360] vous
[00:02.360 --> 00:02.560] allez
[00:02.560 --> 00:03.020] bien?
[00:32.960 --> 00:33.300] Bonjour!
[00:34.400 --> 00:34.400] Bonjour!
[00:34.480 --> 00:34.700] Est-ce
[00:34.700 --> 00:34.800] que
[00:34.800 --> 00:34.900] vous
[00:34.900 --> 00:35.100] allez
[00:35.100 --> 00:35.560] bien?
