[00:00.460 --> 00:00.780] Боже
[00:00.780 --> 00:02.250] улыл!
[00:02.250 --> 00:02.290] Таков
[00:02.290 --> 00:02.400] уже
[00:02.400 --> 00:02.460] на
[00:02.460 --> 00:03.300] меня!
[00:32.980 --> 00:33.260] Боже
[00:33.260 --> 00:33.820] улыл!
[00:34.400 --> 00:34.800] Эскому
[00:34.800 --> 00:34.960] за
[00:34.960 --> 00:35.740] меня!
