[00:00.000 --> 00:01.440] Settlement.
[00:02.800 --> 00:03.600] Kentucky.
[00:04.920 --> 00:06.140] Causing.
[00:08.020 --> 00:08.980] Damage.
[00:10.850 --> 00:11.510] President.
[00:13.280 --> 00:14.800] Expansion.
[00:16.790 --> 00:17.590] Hospital.
[00:20.290 --> 00:21.430] Devastated.
