{
  "text": "3212122222222211111111111111111111111111111111111111111111111111111",
  "segments": [
    {
      "id": 0,
      "seek": 0,
      "start": 0.02,
      "end": 0.38,
      "text": "3",
      "tokens": [
        18
      ],
      "temperature": 0.0,
      "avg_logprob": -0.28690413995222613,
      "compression_ratio": 1.0,
      "no_speech_prob": 0.8406420350074768,
      "confidence": 0.002,
      "words": [
        {
          "text": "3",
          "start": 0.02,
          "end": 0.38,
          "confidence": 0.002
        }
      ]
    },
    {
      "id": 1,
      "seek": 0,
      "start": 1.52,
      "end": 2.08,
      "text": "2",
      "tokens": [
        17
      ],
      "temperature": 0.0,
      "avg_logprob": -0.28690413995222613,
      "compression_ratio": 1.0,
      "no_speech_prob": 0.8406420350074768,
      "confidence": 0.0,
      "words": [
        {
          "text": "2",
          "start": 1.52,
          "end": 2.08,
          "confidence": 0.0
        }
      ]
    },
    {
      "id": 2,
      "seek": 0,
      "start": 3.52,
      "end": 4.08,
      "text": "1",
      "tokens": [
        16
      ],
      "temperature": 0.0,
      "avg_logprob": -0.28690413995222613,
      "compression_ratio": 1.0,
      "no_speech_prob": 0.8406420350074768,
      "confidence": 0.003,
      "words": [
        {
          "text": "1",
          "start": 3.52,
          "end": 4.08,
          "confidence": 0.003
        }
      ]
    },
    {
      "id": 3,
      "seek": 0,
      "start": 5.52,
      "end": 5.74,
      "text": "2",
      "tokens": [
        17
      ],
      "temperature": 0.0,
      "avg_logprob": -0.28690413995222613,
      "compression_ratio": 1.0,
      "no_speech_prob": 0.8406420350074768,
      "confidence": 0.001,
      "words": [
        {
          "text": "2",
          "start": 5.52,
          "end": 5.74,
          "confidence": 0.001
        }
      ]
    },
    {
      "id": 4,
      "seek": 0,
      "start": 7.52,
      "end": 7.8,
      "text": "1",
      "tokens": [
        16
      ],
      "temperature": 0.0,
      "avg_logprob": -0.28690413995222613,
      "compression_ratio": 1.0,
      "no_speech_prob": 0.8406420350074768,
      "confidence": 0.001,
      "words": [
        {
          "text": "1",
          "start": 7.52,
          "end": 7.8,
          "confidence": 0.001
        }
      ]
    },
    {
      "id": 5,
      "seek": 0,
      "start": 9.52,
      "end": 10.54,
      "text": "2",
      "tokens": [
        17
      ],
      "temperature": 0.0,
      "avg_logprob": -0.28690413995222613,
      "compression_ratio": 1.0,
      "no_speech_prob": 0.8406420350074768,
      "confidence": 0.001,
      "words": [
        {
          "text": "2",
          "start": 9.52,
          "end": 10.54,
          "confidence": 0.001
        }
      ]
    },
    {
      "id": 6,
      "seek": 0,
      "start": 11.52,
      "end": 12.32,
      "text": "2",
      "tokens": [
        17
      ],
      "temperature": 0.0,
      "avg_logprob": -0.28690413995222613,
      "compression_ratio": 1.0,
      "no_speech_prob": 0.8406420350074768,
      "confidence": 0.001,
      "words": [
        {
          "text": "2",
          "start": 11.52,
          "end": 12.32,
          "confidence": 0.001
        }
      ]
    },
    {
      "id": 7,
      "seek": 0,
      "start": 13.52,
      "end": 13.98,
      "text": "2",
      "tokens": [
        17
      ],
      "temperature": 0.0,
      "avg_logprob": -0.28690413995222613,
      "compression_ratio": 1.0,
      "no_speech_prob": 0.8406420350074768,
      "confidence": 0.002,
      "words": [
        {
          "text": "2",
          "start": 13.52,
          "end": 13.98,
          "confidence": 0.002
        }
      ]
    },
    {
      "id": 8,
      "seek": 0,
      "start": 15.52,
      "end": 16.02,
      "text": "2",
      "tokens": [
        17
      ],
      "temperature": 0.0,
      "avg_logprob": -0.28690413995222613,
      "compression_ratio": 1.0,
      "no_speech_prob": 0.8406420350074768,
      "confidence": 0.0,
      "words": [
        {
          "text": "2",
          "start": 15.52,
          "end": 16.02,
          "confidence": 0.0
        }
      ]
    },
    {
      "id": 9,
      "seek": 0,
      "start": 17.52,
      "end": 18.16,
      "text": "2",
      "tokens": [
        17
      ],
      "temperature": 0.0,
      "avg_logprob": -0.28690413995222613,
      "compression_ratio": 1.0,
      "no_speech_prob": 0.8406420350074768,
      "confidence": 0.0,
      "words": [
        {
          "text": "2",
          "start": 17.52,
          "end": 18.16,
          "confidence": 0.0
        }
      ]
    },
    {
      "id": 10,
      "seek": 0,
      "start": 19.52,
      "end": 20.08,
      "text": "2",
      "tokens": [
        17
      ],
      "temperature": 0.0,
      "avg_logprob": -0.28690413995222613,
      "compression_ratio": 1.0,
      "no_speech_prob": 0.8406420350074768,
      "confidence": 0.001,
      "words": [
        {
          "text": "2",
          "start": 19.52,
          "end": 20.08,
          "confidence": 0.001
        }
      ]
    },
    {
      "id": 11,
      "seek": 0,
      "start": 21.94,
      "end": 22.24,
      "text": "2",
      "tokens": [
        17
      ],
      "temperature": 0.0,
      "avg_logprob": -0.28690413995222613,
      "compression_ratio": 1.0,
      "no_speech_prob": 0.8406420350074768,
      "confidence": 0.001,
      "words": [
        {
          "text": "2",
          "start": 21.94,
          "end": 22.24,
          "confidence": 0.001
        }
      ]
    },
    {
      "id": 12,
      "seek": 0,
      "start": 23.52,
      "end": 23.98,
      "text": "2",
      "tokens": [
        17
      ],
      "temperature": 0.0,
      "avg_logprob": -0.28690413995222613,
      "compression_ratio": 1.0,
      "no_speech_prob": 0.8406420350074768,
      "confidence": 0.0,
      "words": [
        {
          "text": "2",
          "start": 23.52,
          "end": 23.98,
          "confidence": 0.0
        }
      ]
    },
    {
      "id": 13,
      "seek": 0,
      "start": 25.52,
      "end": 26.08,
      "text": "2",
      "tokens": [
        17
      ],
      "temperature": 0.0,
      "avg_logprob": -0.28690413995222613,
      "compression_ratio": 1.0,
      "no_speech_prob": 0.8406420350074768,
      "confidence": 0.0,
      "words": [
        {
          "text": "2",
          "start": 25.52,
          "end": 26.08,
          "confidence": 0.0
        }
      ]
    },
    {
      "id": 14,
      "seek": 2800,
      "start": 27.52,
      "end": 28.0,
      "text": "1",
      "tokens": [
        16
      ],
      "temperature": 0.0,
      "avg_logprob": -0.12449874661185524,
      "compression_ratio": 1.2727272727272727,
      "no_speech_prob": 0.022917605936527252,
      "confidence": 0.001,
      "words": [
        {
          "text": "1",
          "start": 27.52,
          "end": 28.0,
          "confidence": 0.001
        }
      ]
    },
    {
      "id": 15,
      "seek": 2800,
      "start": 29.52,
      "end": 29.94,
      "text": "1",
      "tokens": [
        16
      ],
      "temperature": 0.0,
      "avg_logprob": -0.12449874661185524,
      "compression_ratio": 1.2727272727272727,
      "no_speech_prob": 0.022917605936527252,
      "confidence": 0.001,
      "words": [
        {
          "text": "1",
          "start": 29.52,
          "end": 29.94,
          "confidence": 0.001
        }
      ]
    },
    {
      "id": 16,
      "seek": 2800,
      "start": 34.44,
      "end": 34.48,
      "text": "1",
      "tokens": [
        16
      ],
      "temperature": 0.0,
      "avg_logprob": -0.12449874661185524,
      "compression_ratio": 1.2727272727272727,
      "no_speech_prob": 0.022917605936527252,
      "confidence": 0.0,
      "words": [
        {
          "text": "1",
          "start": 34.44,
          "end": 34.48,
          "confidence": 0.0
        }
      ]
    },
    {
      "id": 17,
      "seek": 2800,
      "start": 34.48,
      "end": 34.98,
      "text": "1",
      "tokens": [
        16
      ],
      "temperature": 0.0,
      "avg_logprob": -0.12449874661185524,
      "compression_ratio": 1.2727272727272727,
      "no_speech_prob": 0.022917605936527252,
      "confidence": 0.001,
      "words": [
        {
          "text": "1",
          "start": 34.48,
          "end": 34.98,
          "confidence": 0.001
        }
      ]
    },
    {
      "id": 18,
      "seek": 2800,
      "start": 38.44,
      "end": 38.48,
      "text": "1",
      "tokens": [
        16
      ],
      "temperature": 0.0,
      "avg_logprob": -0.12449874661185524,
      "compression_ratio": 1.2727272727272727,
      "no_speech_prob": 0.022917605936527252,
      "confidence": 0.001,
      "words": [
        {
          "text": "1",
          "start": 38.44,
          "end": 38.48,
          "confidence": 0.001
        }
      ]
    },
    {
      "id": 19,
      "seek": 2800,
      "start": 39.28,
      "end": 39.32,
      "text": "1",
      "tokens": [
        16
      ],
      "temperature": 0.0,
      "avg_logprob": -0.12449874661185524,
      "compression_ratio": 1.2727272727272727,
      "no_speech_prob": 0.022917605936527252,
      "confidence": 0.001,
      "words": [
        {
          "text": "1",
          "start": 39.28,
          "end": 39.32,
          "confidence": 0.001
        }
      ]
    },
    {
      "id": 20,
      "seek": 2800,
      "start": 39.52,
      "end": 39.9,
      "text": "1",
      "tokens": [
        16
      ],
      "temperature": 0.0,
      "avg_logprob": -0.12449874661185524,
      "compression_ratio": 1.2727272727272727,
      "no_speech_prob": 0.022917605936527252,
      "confidence": 0.001,
      "words": [
        {
          "text": "1",
          "start": 39.52,
          "end": 39.9,
          "confidence": 0.001
        }
      ]
    },
    {
      "id": 21,
      "seek": 2800,
      "start": 44.44,
      "end": 44.48,
      "text": "1",
      "tokens": [
        16
      ],
      "temperature": 0.0,
      "avg_logprob": -0.12449874661185524,
      "compression_ratio": 1.2727272727272727,
      "no_speech_prob": 0.022917605936527252,
      "confidence": 0.002,
      "words": [
        {
          "text": "1",
          "start": 44.44,
          "end": 44.48,
          "confidence": 0.002
        }
      ]
    },
    {
      "id": 22,
      "seek": 2800,
      "start": 44.94,
      "end": 44.98,
      "text": "1",
      "tokens": [
        16
      ],
      "temperature": 0.0,
      "avg_logprob": -0.12449874661185524,
      "compression_ratio": 1.2727272727272727,
      "no_speech_prob": 0.022917605936527252,
      "confidence": 0.001,
      "words": [
        {
          "text": "1",
          "start": 44.94,
          "end": 44.98,
          "confidence": 0.001
        }
      ]
    },
    {
      "id": 23,
      "seek": 2800,
      "start": 47.92,
      "end": 47.96,
      "text": "1",
      "tokens": [
        16
      ],
      "temperature": 0.0,
      "avg_logprob": -0.12449874661185524,
      "compression_ratio": 1.2727272727272727,
      "no_speech_prob": 0.022917605936527252,
      "confidence": 0.001,
      "words": [
        {
          "text": "1",
          "start": 47.92,
          "end": 47.96,
          "confidence": 0.001
        }
      ]
    },
    {
      "id": 24,
      "seek": 2800,
      "start": 47.96,
      "end": 48.1,
      "text": "1",
      "tokens": [
        16
      ],
      "temperature": 0.0,
      "avg_logprob": -0.12449874661185524,
      "compression_ratio": 1.2727272727272727,
      "no_speech_prob": 0.022917605936527252,
      "confidence": 0.001,
      "words": [
        {
          "text": "1",
          "start": 47.96,
          "end": 48.1,
          "confidence": 0.001
        }
      ]
    },
    {
      "id": 25,
      "seek": 2800,
      "start": 52.44,
      "end": 52.48,
      "text": "1",
      "tokens": [
        16
      ],
      "temperature": 0.0,
      "avg_logprob": -0.12449874661185524,
      "compression_ratio": 1.2727272727272727,
      "no_speech_prob": 0.022917605936527252,
      "confidence": 0.0,
      "words": [
        {
          "text": "1",
          "start": 52.44,
          "end": 52.48,
          "confidence": 0.0
        }
      ]
    },
    {
      "id": 26,
      "seek": 2800,
      "start": 54.44,
      "end": 54.48,
      "text": "1",
      "tokens": [
        16
      ],
      "temperature": 0.0,
      "avg_logprob": -0.12449874661185524,
      "compression_ratio": 1.2727272727272727,
      "no_speech_prob": 0.022917605936527252,
      "confidence": 0.001,
      "words": [
        {
          "text": "1",
          "start": 54.44,
          "end": 54.48,
          "confidence": 0.001
        }
      ]
    },
    {
      "id": 27,
      "seek": 2800,
      "start": 54.48,
      "end": 54.68,
      "text": "1",
      "tokens": [
        16
      ],
      "temperature": 0.0,
      "avg_logprob": -0.12449874661185524,
      "compression_ratio": 1.2727272727272727,
      "no_speech_prob": 0.022917605936527252,
      "confidence": 0.0,
      "words": [
        {
          "text": "1",
          "start": 54.48,
          "end": 54.68,
          "confidence": 0.0
        }
      ]
    },
    {
      "id": 28,
      "seek": 5600,
      "start": 55.52,
      "end": 55.62,
      "text": "1",
      "tokens": [
        16
      ],
      "temperature": 0.0,
      "avg_logprob": -0.18277477636569883,
      "compression_ratio": 1.1818181818181819,
      "no_speech_prob": 0.015843844041228294,
      "confidence": 0.0,
      "words": [
        {
          "text": "1",
          "start": 55.52,
          "end": 55.62,
          "confidence": 0.0
        }
      ]
    },
    {
      "id": 29,
      "seek": 5600,
      "start": 60.44,
      "end": 60.48,
      "text": "1",
      "tokens": [
        16
      ],
      "temperature": 0.0,
      "avg_logprob": -0.18277477636569883,
      "compression_ratio": 1.1818181818181819,
      "no_speech_prob": 0.015843844041228294,
      "confidence": 0.0,
      "words": [
        {
          "text": "1",
          "start": 60.44,
          "end": 60.48,
          "confidence": 0.0
        }
      ]
    },
    {
      "id": 30,
      "seek": 5600,
      "start": 60.48,
      "end": 60.64,
      "text": "1",
      "tokens": [
        16
      ],
      "temperature": 0.0,
      "avg_logprob": -0.18277477636569883,
      "compression_ratio": 1.1818181818181819,
      "no_speech_prob": 0.015843844041228294,
      "confidence": 0.0,
      "words": [
        {
          "text": "1",
          "start": 60.48,
          "end": 60.64,
          "confidence": 0.0
        }
      ]
    },
    {
      "id": 31,
      "seek": 5600,
      "start": 61.52,
      "end": 61.82,
      "text": "1",
      "tokens": [
        16
      ],
      "temperature": 0.0,
      "avg_logprob": -0.18277477636569883,
      "compression_ratio": 1.1818181818181819,
      "no_speech_prob": 0.015843844041228294,
      "confidence": 0.0,
      "words": [
        {
          "text": "1",
          "start": 61.52,
          "end": 61.82,
          "confidence": 0.0
        }
      ]
    },
    {
      "id": 32,
      "seek": 5600,
      "start": 68.44,
      "end": 68.48,
      "text": "1",
      "tokens": [
        16
      ],
      "temperature": 0.0,
      "avg_logprob": -0.18277477636569883,
      "compression_ratio": 1.1818181818181819,
      "no_speech_prob": 0.015843844041228294,
      "confidence": 0.0,
      "words": [
        {
          "text": "1",
          "start": 68.44,
          "end": 68.48,
          "confidence": 0.0
        }
      ]
    },
    {
      "id": 33,
      "seek": 5600,
      "start": 68.48,
      "end": 68.78,
      "text": "1",
      "tokens": [
        16
      ],
      "temperature": 0.0,
      "avg_logprob": -0.18277477636569883,
      "compression_ratio": 1.1818181818181819,
      "no_speech_prob": 0.015843844041228294,
      "confidence": 0.0,
      "words": [
        {
          "text": "1",
          "start": 68.48,
          "end": 68.78,
          "confidence": 0.0
        }
      ]
    },
    {
      "id": 34,
      "seek": 5600,
      "start": 69.72,
      "end": 70.0,
      "text": "1",
      "tokens": [
        16
      ],
      "temperature": 0.0,
      "avg_logprob": -0.18277477636569883,
      "compression_ratio": 1.1818181818181819,
      "no_speech_prob": 0.015843844041228294,
      "confidence": 0.0,
      "words": [
        {
          "text": "1",
          "start": 69.72,
          "end": 70.0,
          "confidence": 0.0
        }
      ]
    },
    {
      "id": 35,
      "seek": 5600,
      "start": 71.52,
      "end": 71.64,
      "text": "1",
      "tokens": [
        16
      ],
      "temperature": 0.0,
      "avg_logprob": -0.18277477636569883,
      "compression_ratio": 1.1818181818181819,
      "no_speech_prob": 0.015843844041228294,
      "confidence": 0.001,
      "words": [
        {
          "text": "1",
          "start": 71.52,
          "end": 71.64,
          "confidence": 0.001
        }
      ]
    },
    {
      "id": 36,
      "seek": 5600,
      "start": 76.44,
      "end": 76.48,
      "text": "1",
      "tokens": [
        16
      ],
      "temperature": 0.0,
      "avg_logprob": -0.18277477636569883,
      "compression_ratio": 1.1818181818181819,
      "no_speech_prob": 0.015843844041228294,
      "confidence": 0.0,
      "words": [
        {
          "text": "1",
          "start": 76.44,
          "end": 76.48,
          "confidence": 0.0
        }
      ]
    },
    {
      "id": 37,
      "seek": 5600,
      "start": 76.74,
      "end": 77.04,
      "text": "1",
      "tokens": [
        16
      ],
      "temperature": 0.0,
      "avg_logprob": -0.18277477636569883,
      "compression_ratio": 1.1818181818181819,
      "no_speech_prob": 0.015843844041228294,
      "confidence": 0.001,
      "words": [
        {
          "text": "1",
          "start": 76.74,
          "end": 77.04,
          "confidence": 0.001
        }
      ]
    },
    {
      "id": 38,
      "seek": 5600,
      "start": 80.44,
      "end": 80.48,
      "text": "1",
      "tokens": [
        16
      ],
      "temperature": 0.0,
      "avg_logprob": -0.18277477636569883,
      "compression_ratio": 1.1818181818181819,
      "no_speech_prob": 0.015843844041228294,
      "confidence": 0.002,
      "words": [
        {
          "text": "1",
          "start": 80.44,
          "end": 80.48,
          "confidence": 0.002
        }
      ]
    },
    {
      "id": 39,
      "seek": 5600,
      "start": 80.48,
      "end": 80.64,
      "text": "1",
      "tokens": [
        16
      ],
      "temperature": 0.0,
      "avg_logprob": -0.18277477636569883,
      "compression_ratio": 1.1818181818181819,
      "no_speech_prob": 0.015843844041228294,
      "confidence": 0.0,
      "words": [
        {
          "text": "1",
          "start": 80.48,
          "end": 80.64,
          "confidence": 0.0
        }
      ]
    },
    {
      "id": 40,
      "seek": 5600,
      "start": 84.44,
      "end": 84.48,
      "text": "1",
      "tokens": [
        16
      ],
      "temperature": 0.0,
      "avg_logprob": -0.18277477636569883,
      "compression_ratio": 1.1818181818181819,
      "no_speech_prob": 0.015843844041228294,
      "confidence": 0.0,
      "words": [
        {
          "text": "1",
          "start": 84.44,
          "end": 84.48,
          "confidence": 0.0
        }
      ]
    },
    {
      "id": 41,
      "seek": 8400,
      "start": 84.48,
      "end": 84.56,
      "text": "1",
      "tokens": [
        16
      ],
      "temperature": 0.0,
      "avg_logprob": -0.16125834860452792,
      "compression_ratio": 1.1818181818181819,
      "no_speech_prob": 0.0276973694562912,
      "confidence": 0.0,
      "words": [
        {
          "text": "1",
          "start": 84.48,
          "end": 84.56,
          "confidence": 0.0
        }
      ]
    },
    {
      "id": 42,
      "seek": 8400,
      "start": 88.44,
      "end": 88.48,
      "text": "1",
      "tokens": [
        16
      ],
      "temperature": 0.0,
      "avg_logprob": -0.16125834860452792,
      "compression_ratio": 1.1818181818181819,
      "no_speech_prob": 0.0276973694562912,
      "confidence": 0.001,
      "words": [
        {
          "text": "1",
          "start": 88.44,
          "end": 88.48,
          "confidence": 0.001
        }
      ]
    },
    {
      "id": 43,
      "seek": 8400,
      "start": 88.48,
      "end": 88.7,
      "text": "1",
      "tokens": [
        16
      ],
      "temperature": 0.0,
      "avg_logprob": -0.16125834860452792,
      "compression_ratio": 1.1818181818181819,
      "no_speech_prob": 0.0276973694562912,
      "confidence": 0.0,
      "words": [
        {
          "text": "1",
          "start": 88.48,
          "end": 88.7,
          "confidence": 0.0
        }
      ]
    },
    {
      "id": 44,
      "seek": 8400,
      "start": 89.52,
      "end": 89.56,
      "text": "1",
      "tokens": [
        16
      ],
      "temperature": 0.0,
      "avg_logprob": -0.16125834860452792,
      "compression_ratio": 1.1818181818181819,
      "no_speech_prob": 0.0276973694562912,
      "confidence": 0.0,
      "words": [
        {
          "text": "1",
          "start": 89.52,
          "end": 89.56,
          "confidence": 0.0
        }
      ]
    },
    {
      "id": 45,
      "seek": 8400,
      "start": 93.52,
      "end": 94.24,
      "text": "1",
      "tokens": [
        16
      ],
      "temperature": 0.0,
      "avg_logprob": -0.16125834860452792,
      "compression_ratio": 1.1818181818181819,
      "no_speech_prob": 0.0276973694562912,
      "confidence": 0.001,
      "words": [
        {
          "text": "1",
          "start": 93.52,
          "end": 94.24,
          "confidence": 0.001
        }
      ]
    },
    {
      "id": 46,
      "seek": 8400,
      "start": 95.52,
      "end": 96.14,
      "text": "1",
      "tokens": [
        16
      ],
      "temperature": 0.0,
      "avg_logprob": -0.16125834860452792,
      "compression_ratio": 1.1818181818181819,
      "no_speech_prob": 0.0276973694562912,
      "confidence": 0.001,
      "words": [
        {
          "text": "1",
          "start": 95.52,
          "end": 96.14,
          "confidence": 0.001
        }
      ]
    },
    {
      "id": 47,
      "seek": 8400,
      "start": 97.52,
      "end": 98.0,
      "text": "1",
      "tokens": [
        16
      ],
      "temperature": 0.0,
      "avg_logprob": -0.16125834860452792,
      "compression_ratio": 1.1818181818181819,
      "no_speech_prob": 0.0276973694562912,
      "confidence": 0.001,
      "words": [
        {
          "text": "1",
          "start": 97.52,
          "end": 98.0,
          "confidence": 0.001
        }
      ]
    },
    {
      "id": 48,
      "seek": 8400,
      "start": 99.52,
      "end": 99.92,
      "text": "1",
      "tokens": [
        16
      ],
      "temperature": 0.0,
      "avg_logprob": -0.16125834860452792,
      "compression_ratio": 1.1818181818181819,
      "no_speech_prob": 0.0276973694562912,
      "confidence": 0.001,
      "words": [
        {
          "text": "1",
          "start": 99.52,
          "end": 99.92,
          "confidence": 0.001
        }
      ]
    },
    {
      "id": 49,
      "seek": 8400,
      "start": 101.52,
      "end": 102.0,
      "text": "1",
      "tokens": [
        16
      ],
      "temperature": 0.0,
      "avg_logprob": -0.16125834860452792,
      "compression_ratio": 1.1818181818181819,
      "no_speech_prob": 0.0276973694562912,
      "confidence": 0.001,
      "words": [
        {
          "text": "1",
          "start": 101.52,
          "end": 102.0,
          "confidence": 0.001
        }
      ]
    },
    {
      "id": 50,
      "seek": 8400,
      "start": 103.52,
      "end": 104.0,
      "text": "1",
      "tokens": [
        16
      ],
      "temperature": 0.0,
      "avg_logprob": -0.16125834860452792,
      "compression_ratio": 1.1818181818181819,
      "no_speech_prob": 0.0276973694562912,
      "confidence": 0.001,
      "words": [
        {
          "text": "1",
          "start": 103.52,
          "end": 104.0,
          "confidence": 0.001
        }
      ]
    },
    {
      "id": 51,
      "seek": 8400,
      "start": 105.52,
      "end": 105.66,
      "text": "1",
      "tokens": [
        16
      ],
      "temperature": 0.0,
      "avg_logprob": -0.16125834860452792,
      "compression_ratio": 1.1818181818181819,
      "no_speech_prob": 0.0276973694562912,
      "confidence": 0.001,
      "words": [
        {
          "text": "1",
          "start": 105.52,
          "end": 105.66,
          "confidence": 0.001
        }
      ]
    },
    {
      "id": 52,
      "seek": 8400,
      "start": 107.52,
      "end": 107.62,
      "text": "1",
      "tokens": [
        16
      ],
      "temperature": 0.0,
      "avg_logprob": -0.16125834860452792,
      "compression_ratio": 1.1818181818181819,
      "no_speech_prob": 0.0276973694562912,
      "confidence": 0.0,
      "words": [
        {
          "text": "1",
          "start": 107.52,
          "end": 107.62,
          "confidence": 0.0
        }
      ]
    },
    {
      "id": 53,
      "seek": 8400,
      "start": 109.52,
      "end": 109.64,
      "text": "1",
      "tokens": [
        16
      ],
      "temperature": 0.0,
      "avg_logprob": -0.16125834860452792,
      "compression_ratio": 1.1818181818181819,
      "no_speech_prob": 0.0276973694562912,
      "confidence": 0.0,
      "words": [
        {
          "text": "1",
          "start": 109.52,
          "end": 109.64,
          "confidence": 0.0
        }
      ]
    },
    {
      "id": 54,
      "seek": 11200,
      "start": 114.44,
      "end": 114.48,
      "text": "1",
      "tokens": [
        16
      ],
      "temperature": 0.0,
      "avg_logprob": -0.15068591513284824,
      "compression_ratio": 1.1818181818181819,
      "no_speech_prob": 0.05386454612016678,
      "confidence": 0.0,
      "words": [
        {
          "text": "1",
          "start": 114.44,
          "end": 114.48,
          "confidence": 0.0
        }
      ]
    },
    {
      "id": 55,
      "seek": 11200,
      "start": 116.44,
      "end": 116.48,
      "text": "1",
      "tokens": [
        16
      ],
      "temperature": 0.0,
      "avg_logprob": -0.15068591513284824,
      "compression_ratio": 1.1818181818181819,
      "no_speech_prob": 0.05386454612016678,
      "confidence": 0.001,
      "words": [
        {
          "text": "1",
          "start": 116.44,
          "end": 116.48,
          "confidence": 0.001
        }
      ]
    },
    {
      "id": 56,
      "seek": 11200,
      "start": 116.48,
      "end": 116.62,
      "text": "1",
      "tokens": [
        16
      ],
      "temperature": 0.0,
      "avg_logprob": -0.15068591513284824,
      "compression_ratio": 1.1818181818181819,
      "no_speech_prob": 0.05386454612016678,
      "confidence": 0.0,
      "words": [
        {
          "text": "1",
          "start": 116.48,
          "end": 116.62,
          "confidence": 0.0
        }
      ]
    },
    {
      "id": 57,
      "seek": 11200,
      "start": 118.18,
      "end": 118.22,
      "text": "1",
      "tokens": [
        16
      ],
      "temperature": 0.0,
      "avg_logprob": -0.15068591513284824,
      "compression_ratio": 1.1818181818181819,
      "no_speech_prob": 0.05386454612016678,
      "confidence": 0.0,
      "words": [
        {
          "text": "1",
          "start": 118.18,
          "end": 118.22,
          "confidence": 0.0
        }
      ]
    },
    {
      "id": 58,
      "seek": 11200,
      "start": 119.52,
      "end": 119.66,
      "text": "1",
      "tokens": [
        16
      ],
      "temperature": 0.0,
      "avg_logprob": -0.15068591513284824,
      "compression_ratio": 1.1818181818181819,
      "no_speech_prob": 0.05386454612016678,
      "confidence": 0.0,
      "words": [
        {
          "text": "1",
          "start": 119.52,
          "end": 119.66,
          "confidence": 0.0
        }
      ]
    },
    {
      "id": 59,
      "seek": 11200,
      "start": 119.68,
      "end": 119.74,
      "text": "1",
      "tokens": [
        16
      ],
      "temperature": 0.0,
      "avg_logprob": -0.15068591513284824,
      "compression_ratio": 1.1818181818181819,
      "no_speech_prob": 0.05386454612016678,
      "confidence": 0.0,
      "words": [
        {
          "text": "1",
          "start": 119.68,
          "end": 119.74,
          "confidence": 0.0
        }
      ]
    },
    {
      "id": 60,
      "seek": 11200,
      "start": 119.82,
      "end": 119.86,
      "text": "1",
      "tokens": [
        16
      ],
      "temperature": 0.0,
      "avg_logprob": -0.15068591513284824,
      "compression_ratio": 1.1818181818181819,
      "no_speech_prob": 0.05386454612016678,
      "confidence": 0.0,
      "words": [
        {
          "text": "1",
          "start": 119.82,
          "end": 119.86,
          "confidence": 0.0
        }
      ]
    },
    {
      "id": 61,
      "seek": 11200,
      "start": 119.96,
      "end": 120.0,
      "text": "1",
      "tokens": [
        16
      ],
      "temperature": 0.0,
      "avg_logprob": -0.15068591513284824,
      "compression_ratio": 1.1818181818181819,
      "no_speech_prob": 0.05386454612016678,
      "confidence": 0.0,
      "words": [
        {
          "text": "1",
          "start": 119.96,
          "end": 120.0,
          "confidence": 0.0
        }
      ]
    },
    {
      "id": 62,
      "seek": 11200,
      "start": 120.0,
      "end": 120.14,
      "text": "1",
      "tokens": [
        16
      ],
      "temperature": 0.0,
      "avg_logprob": -0.15068591513284824,
      "compression_ratio": 1.1818181818181819,
      "no_speech_prob": 0.05386454612016678,
      "confidence": 0.0,
      "words": [
        {
          "text": "1",
          "start": 120.0,
          "end": 120.14,
          "confidence": 0.0
        }
      ]
    },
    {
      "id": 63,
      "seek": 11200,
      "start": 120.22,
      "end": 120.26,
      "text": "1",
      "tokens": [
        16
      ],
      "temperature": 0.0,
      "avg_logprob": -0.15068591513284824,
      "compression_ratio": 1.1818181818181819,
      "no_speech_prob": 0.05386454612016678,
      "confidence": 0.001,
      "words": [
        {
          "text": "1",
          "start": 120.22,
          "end": 120.26,
          "confidence": 0.001
        }
      ]
    },
    {
      "id": 64,
      "seek": 11200,
      "start": 120.26,
      "end": 120.48,
      "text": "1",
      "tokens": [
        16
      ],
      "temperature": 0.0,
      "avg_logprob": -0.15068591513284824,
      "compression_ratio": 1.1818181818181819,
      "no_speech_prob": 0.05386454612016678,
      "confidence": 0.0,
      "words": [
        {
          "text": "1",
          "start": 120.26,
          "end": 120.48,
          "confidence": 0.0
        }
      ]
    },
    {
      "id": 65,
      "seek": 11200,
      "start": 136.0,
      "end": 138.0,
      "text": "1",
      "tokens": [
        16
      ],
      "temperature": 0.0,
      "avg_logprob": -0.15068591513284824,
      "compression_ratio": 1.1818181818181819,
      "no_speech_prob": 0.05386454612016678
    },
    {
      "id": 66,
      "seek": 11200,
      "start": 138.0,
      "end": 140.0,
      "text": "1",
      "tokens": [
        16
      ],
      "temperature": 0.0,
      "avg_logprob": -0.15068591513284824,
      "compression_ratio": 1.1818181818181819,
      "no_speech_prob": 0.05386454612016678
    }
  ],
  "language": "zh"
}