{
  "text": " I'm all around my business and we got a recommendation for you on your door to the VA We have 18A's Okay, okay, I think I'll just get him or if they like just want to go on the Yeah, now what you want is on having a B1 And you just get the other one on my I Yeah, we're We want to hear that We want to hear that So I guess I'm working on my business Yeah",
  "segments": [
    {
      "id": 0,
      "seek": 0,
      "start": 0.6,
      "end": 5.28,
      "text": " I'm all around my business and we got a recommendation for you on your door to the VA",
      "tokens": [
        286,
        478,
        439,
        926,
        452,
        1606,
        293,
        321,
        658,
        257,
        11879,
        337,
        291,
        322,
        428,
        2853,
        281,
        264,
        18527
      ],
      "temperature": 0.0,
      "avg_logprob": -1.1883477750031843,
      "compression_ratio": 1.52020202020202,
      "no_speech_prob": 0.3539488911628723,
      "confidence": 0.323,
      "words": [
        {
          "text": "I'm",
          "start": 0.6,
          "end": 0.74,
          "confidence": 0.168
        },
        {
          "text": "all",
          "start": 0.74,
          "end": 1.02,
          "confidence": 0.082
        },
        {
          "text": "around",
          "start": 1.02,
          "end": 1.24,
          "confidence": 0.104
        },
        {
          "text": "my",
          "start": 1.24,
          "end": 1.42,
          "confidence": 0.128
        },
        {
          "text": "business",
          "start": 1.42,
          "end": 1.62,
          "confidence": 0.341
        },
        {
          "text": "and",
          "start": 1.62,
          "end": 1.9,
          "confidence": 0.613
        },
        {
          "text": "we",
          "start": 1.9,
          "end": 1.98,
          "confidence": 0.937
        },
        {
          "text": "got",
          "start": 1.98,
          "end": 2.12,
          "confidence": 0.4
        },
        {
          "text": "a",
          "start": 2.12,
          "end": 2.28,
          "confidence": 0.639
        },
        {
          "text": "recommendation",
          "start": 2.28,
          "end": 2.88,
          "confidence": 0.597
        },
        {
          "text": "for",
          "start": 2.88,
          "end": 3.46,
          "confidence": 0.371
        },
        {
          "text": "you",
          "start": 3.46,
          "end": 3.62,
          "confidence": 0.974
        },
        {
          "text": "on",
          "start": 3.62,
          "end": 3.82,
          "confidence": 0.799
        },
        {
          "text": "your",
          "start": 3.82,
          "end": 4.36,
          "confidence": 0.559
        },
        {
          "text": "door",
          "start": 4.36,
          "end": 4.62,
          "confidence": 0.144
        },
        {
          "text": "to",
          "start": 4.62,
          "end": 4.84,
          "confidence": 0.181
        },
        {
          "text": "the",
          "start": 4.84,
          "end": 4.9,
          "confidence": 0.5
        },
        {
          "text": "VA",
          "start": 4.9,
          "end": 5.28,
          "confidence": 0.25
        }
      ]
    },
    {
      "id": 1,
      "seek": 0,
      "start": 5.28,
      "end": 6.82,
      "text": " We have 18A's",
      "tokens": [
        492,
        362,
        2443,
        32,
        311
      ],
      "temperature": 0.0,
      "avg_logprob": -1.1883477750031843,
      "compression_ratio": 1.52020202020202,
      "no_speech_prob": 0.3539488911628723,
      "confidence": 0.174,
      "words": [
        {
          "text": "We",
          "start": 5.28,
          "end": 5.62,
          "confidence": 0.041
        },
        {
          "text": "have",
          "start": 5.62,
          "end": 5.74,
          "confidence": 0.652
        },
        {
          "text": "18A's",
          "start": 5.74,
          "end": 6.82,
          "confidence": 0.181
        }
      ]
    },
    {
      "id": 2,
      "seek": 0,
      "start": 12.04,
      "end": 16.76,
      "text": " Okay, okay, I think I'll just get him or if they like just want to go on the",
      "tokens": [
        1033,
        11,
        1392,
        11,
        286,
        519,
        286,
        603,
        445,
        483,
        796,
        420,
        498,
        436,
        411,
        445,
        528,
        281,
        352,
        322,
        264
      ],
      "temperature": 0.0,
      "avg_logprob": -1.1883477750031843,
      "compression_ratio": 1.52020202020202,
      "no_speech_prob": 0.3539488911628723,
      "confidence": 0.327,
      "words": [
        {
          "text": "Okay,",
          "start": 12.04,
          "end": 12.76,
          "confidence": 0.66
        },
        {
          "text": "okay,",
          "start": 12.76,
          "end": 13.04,
          "confidence": 0.292
        },
        {
          "text": "I",
          "start": 13.04,
          "end": 13.22,
          "confidence": 0.209
        },
        {
          "text": "think",
          "start": 13.22,
          "end": 13.58,
          "confidence": 0.262
        },
        {
          "text": "I'll",
          "start": 13.58,
          "end": 13.82,
          "confidence": 0.199
        },
        {
          "text": "just",
          "start": 13.82,
          "end": 13.98,
          "confidence": 0.171
        },
        {
          "text": "get",
          "start": 13.98,
          "end": 14.2,
          "confidence": 0.25
        },
        {
          "text": "him",
          "start": 14.2,
          "end": 14.48,
          "confidence": 0.153
        },
        {
          "text": "or",
          "start": 14.48,
          "end": 14.6,
          "confidence": 0.199
        },
        {
          "text": "if",
          "start": 14.6,
          "end": 14.88,
          "confidence": 0.088
        },
        {
          "text": "they",
          "start": 14.88,
          "end": 15.4,
          "confidence": 0.606
        },
        {
          "text": "like",
          "start": 15.4,
          "end": 15.66,
          "confidence": 0.201
        },
        {
          "text": "just",
          "start": 15.66,
          "end": 15.94,
          "confidence": 0.463
        },
        {
          "text": "want",
          "start": 15.94,
          "end": 16.1,
          "confidence": 0.763
        },
        {
          "text": "to",
          "start": 16.1,
          "end": 16.26,
          "confidence": 0.912
        },
        {
          "text": "go",
          "start": 16.26,
          "end": 16.44,
          "confidence": 0.948
        },
        {
          "text": "on",
          "start": 16.44,
          "end": 16.64,
          "confidence": 0.563
        },
        {
          "text": "the",
          "start": 16.64,
          "end": 16.76,
          "confidence": 0.582
        }
      ]
    },
    {
      "id": 3,
      "seek": 0,
      "start": 16.76,
      "end": 18.87,
      "text": " Yeah, now what you want is on having a B1",
      "tokens": [
        865,
        11,
        586,
        437,
        291,
        528,
        307,
        322,
        1419,
        257,
        363,
        16
      ],
      "temperature": 0.0,
      "avg_logprob": -1.1883477750031843,
      "compression_ratio": 1.52020202020202,
      "no_speech_prob": 0.3539488911628723,
      "confidence": 0.471,
      "words": [
        {
          "text": "Yeah,",
          "start": 16.76,
          "end": 17.08,
          "confidence": 0.28
        },
        {
          "text": "now",
          "start": 17.08,
          "end": 17.3,
          "confidence": 0.364
        },
        {
          "text": "what",
          "start": 17.3,
          "end": 17.42,
          "confidence": 0.739
        },
        {
          "text": "you",
          "start": 17.42,
          "end": 17.54,
          "confidence": 0.931
        },
        {
          "text": "want",
          "start": 17.54,
          "end": 17.78,
          "confidence": 0.744
        },
        {
          "text": "is",
          "start": 17.78,
          "end": 17.92,
          "confidence": 0.673
        },
        {
          "text": "on",
          "start": 17.92,
          "end": 18.04,
          "confidence": 0.329
        },
        {
          "text": "having",
          "start": 18.04,
          "end": 18.4,
          "confidence": 0.563
        },
        {
          "text": "a",
          "start": 18.4,
          "end": 18.46,
          "confidence": 0.286
        },
        {
          "text": "B1",
          "start": 18.46,
          "end": 18.87,
          "confidence": 0.369
        }
      ]
    },
    {
      "id": 4,
      "seek": 0,
      "start": 18.87,
      "end": 21.88,
      "text": " And you just get the other one on my",
      "tokens": [
        400,
        291,
        445,
        483,
        264,
        661,
        472,
        322,
        452
      ],
      "temperature": 0.0,
      "avg_logprob": -1.1883477750031843,
      "compression_ratio": 1.52020202020202,
      "no_speech_prob": 0.3539488911628723,
      "confidence": 0.515,
      "words": [
        {
          "text": "And",
          "start": 18.87,
          "end": 20.2,
          "confidence": 0.272
        },
        {
          "text": "you",
          "start": 20.2,
          "end": 20.36,
          "confidence": 0.846
        },
        {
          "text": "just",
          "start": 20.36,
          "end": 20.52,
          "confidence": 0.693
        },
        {
          "text": "get",
          "start": 20.52,
          "end": 20.72,
          "confidence": 0.134
        },
        {
          "text": "the",
          "start": 20.72,
          "end": 20.9,
          "confidence": 0.651
        },
        {
          "text": "other",
          "start": 20.9,
          "end": 21.04,
          "confidence": 0.938
        },
        {
          "text": "one",
          "start": 21.04,
          "end": 21.2,
          "confidence": 0.976
        },
        {
          "text": "on",
          "start": 21.2,
          "end": 21.42,
          "confidence": 0.872
        },
        {
          "text": "my",
          "start": 21.42,
          "end": 21.88,
          "confidence": 0.23
        }
      ]
    },
    {
      "id": 5,
      "seek": 2196,
      "start": 32.42,
      "end": 32.46,
      "text": " I",
      "tokens": [
        50364,
        286,
        50864
      ],
      "temperature": 0.0,
      "avg_logprob": -1.805708885192871,
      "compression_ratio": 0.1111111111111111,
      "no_speech_prob": 0.07443947345018387,
      "confidence": 0.064,
      "words": [
        {
          "text": "I",
          "start": 32.42,
          "end": 32.46,
          "confidence": 0.064
        }
      ]
    },
    {
      "id": 6,
      "seek": 5196,
      "start": 56.62,
      "end": 56.84,
      "text": " Yeah, we're",
      "tokens": [
        865,
        11,
        321,
        434
      ],
      "temperature": 0.0,
      "avg_logprob": -1.2720836400985718,
      "compression_ratio": 1.1714285714285715,
      "no_speech_prob": 0.16988438367843628,
      "confidence": 0.232,
      "words": [
        {
          "text": "Yeah,",
          "start": 56.62,
          "end": 56.7,
          "confidence": 0.118
        },
        {
          "text": "we're",
          "start": 56.7,
          "end": 56.84,
          "confidence": 0.326
        }
      ]
    },
    {
      "id": 7,
      "seek": 5196,
      "start": 58.48,
      "end": 63.98,
      "text": " We want to hear that",
      "tokens": [
        492,
        528,
        281,
        1568,
        300
      ],
      "temperature": 0.0,
      "avg_logprob": -1.2720836400985718,
      "compression_ratio": 1.1714285714285715,
      "no_speech_prob": 0.16988438367843628,
      "confidence": 0.287,
      "words": [
        {
          "text": "We",
          "start": 58.48,
          "end": 63.2,
          "confidence": 0.211
        },
        {
          "text": "want",
          "start": 63.2,
          "end": 63.54,
          "confidence": 0.257
        },
        {
          "text": "to",
          "start": 63.54,
          "end": 63.58,
          "confidence": 0.261
        },
        {
          "text": "hear",
          "start": 63.58,
          "end": 63.78,
          "confidence": 0.17
        },
        {
          "text": "that",
          "start": 63.78,
          "end": 63.98,
          "confidence": 0.808
        }
      ]
    },
    {
      "id": 8,
      "seek": 5196,
      "start": 63.98,
      "end": 68.46,
      "text": " We want to hear that",
      "tokens": [
        492,
        528,
        281,
        1568,
        300
      ],
      "temperature": 0.0,
      "avg_logprob": -1.2720836400985718,
      "compression_ratio": 1.1714285714285715,
      "no_speech_prob": 0.16988438367843628,
      "confidence": 0.45,
      "words": [
        {
          "text": "We",
          "start": 63.98,
          "end": 65.42,
          "confidence": 0.242
        },
        {
          "text": "want",
          "start": 65.42,
          "end": 67.36,
          "confidence": 0.167
        },
        {
          "text": "to",
          "start": 67.36,
          "end": 67.4,
          "confidence": 0.639
        },
        {
          "text": "hear",
          "start": 67.4,
          "end": 68.42,
          "confidence": 0.857
        },
        {
          "text": "that",
          "start": 68.42,
          "end": 68.46,
          "confidence": 0.833
        }
      ]
    },
    {
      "id": 9,
      "seek": 5196,
      "start": 68.46,
      "end": 71.44,
      "text": " So I guess I'm working on my",
      "tokens": [
        407,
        286,
        2041,
        286,
        478,
        1364,
        322,
        452
      ],
      "temperature": 0.0,
      "avg_logprob": -1.2720836400985718,
      "compression_ratio": 1.1714285714285715,
      "no_speech_prob": 0.16988438367843628,
      "confidence": 0.275,
      "words": [
        {
          "text": "So",
          "start": 68.46,
          "end": 69.54,
          "confidence": 0.202
        },
        {
          "text": "I",
          "start": 69.54,
          "end": 70.0,
          "confidence": 0.634
        },
        {
          "text": "guess",
          "start": 70.0,
          "end": 70.7,
          "confidence": 0.235
        },
        {
          "text": "I'm",
          "start": 70.7,
          "end": 71.24,
          "confidence": 0.298
        },
        {
          "text": "working",
          "start": 71.24,
          "end": 71.28,
          "confidence": 0.247
        },
        {
          "text": "on",
          "start": 71.28,
          "end": 71.32,
          "confidence": 0.296
        },
        {
          "text": "my",
          "start": 71.32,
          "end": 71.44,
          "confidence": 0.169
        }
      ]
    },
    {
      "id": 10,
      "seek": 7096,
      "start": 84.42,
      "end": 84.46,
      "text": " business",
      "tokens": [
        1606
      ],
      "temperature": 0.0,
      "avg_logprob": -1.2440052032470703,
      "compression_ratio": 0.6190476190476191,
      "no_speech_prob": 0.09388942271471024,
      "confidence": 0.076,
      "words": [
        {
          "text": "business",
          "start": 84.42,
          "end": 84.46,
          "confidence": 0.076
        }
      ]
    },
    {
      "id": 11,
      "seek": 8396,
      "start": 89.2,
      "end": 89.24,
      "text": " Yeah",
      "tokens": [
        50364,
        865,
        50714
      ],
      "temperature": 0.0,
      "avg_logprob": -1.0990567207336426,
      "compression_ratio": 0.3333333333333333,
      "no_speech_prob": 0.4338739514350891,
      "confidence": 0.162,
      "words": [
        {
          "text": "Yeah",
          "start": 89.2,
          "end": 89.24,
          "confidence": 0.162
        }
      ]
    }
  ],
  "language": "en"
}