{
  "text": " حبّي أنصار الهدى حبّي ركب الفدا وطلّبي سأر الشاهد وطلّبي سأر الشاهد لمتى سنغلّ رقودا نغرق في النوم ونشخر وعن الآذان نسمّه ونغمّض كي لا نمسر",
  "segments": [
    {
      "id": 0,
      "seek": 0,
      "start": 0.36,
      "end": 7.48,
      "text": " حبّي أنصار الهدى",
      "tokens": [
        11331,
        3555,
        11703,
        1829,
        14739,
        9381,
        9640,
        2423,
        3224,
        3215,
        7578
      ],
      "temperature": 0.0,
      "avg_logprob": -0.5114290775396885,
      "compression_ratio": 1.1842105263157894,
      "no_speech_prob": 0.7993651032447815,
      "confidence": 0.651,
      "words": [
        {
          "text": "حبّي",
          "start": 0.36,
          "end": 4.26,
          "confidence": 0.436
        },
        {
          "text": "أنصار",
          "start": 4.26,
          "end": 5.7,
          "confidence": 0.795
        },
        {
          "text": "الهدى",
          "start": 5.7,
          "end": 7.48,
          "confidence": 0.837
        }
      ]
    },
    {
      "id": 0,
      "seek": 0,
      "start": 7.48,
      "end": 15.2,
      "text": " حبّي ركب الفدا",
      "tokens": [
        11331,
        3555,
        11703,
        1829,
        12602,
        4117,
        3555,
        27188,
        28259
      ],
      "temperature": 0.0,
      "avg_logprob": -0.5114290775396885,
      "compression_ratio": 1.1842105263157894,
      "no_speech_prob": 0.7993651032447815,
      "confidence": 0.829,
      "words": [
        {
          "text": "حبّي",
          "start": 7.48,
          "end": 12.58,
          "confidence": 0.875
        },
        {
          "text": "ركب",
          "start": 12.58,
          "end": 13.76,
          "confidence": 0.853
        },
        {
          "text": "الفدا",
          "start": 13.76,
          "end": 15.2,
          "confidence": 0.711
        }
      ]
    },
    {
      "id": 0,
      "seek": 0,
      "start": 15.48,
      "end": 23.42,
      "text": " وطلّبي سأر الشاهد",
      "tokens": [
        4032,
        9566,
        1211,
        11703,
        21292,
        8608,
        10721,
        2288,
        25124,
        40294,
        3215
      ],
      "temperature": 0.0,
      "avg_logprob": -0.5114290775396885,
      "compression_ratio": 1.1842105263157894,
      "no_speech_prob": 0.7993651032447815,
      "confidence": 0.587,
      "words": [
        {
          "text": "وطلّبي",
          "start": 15.48,
          "end": 20.68,
          "confidence": 0.54
        },
        {
          "text": "سأر",
          "start": 20.68,
          "end": 21.78,
          "confidence": 0.94
        },
        {
          "text": "الشاهد",
          "start": 21.78,
          "end": 23.42,
          "confidence": 0.421
        }
      ]
    },
    {
      "id": 3,
      "seek": 2300,
      "start": 24.12,
      "end": 28.94,
      "text": " وطلّبي سأر الشاهد",
      "tokens": [
        4032,
        9566,
        1211,
        11703,
        21292,
        8608,
        10721,
        2288,
        25124,
        40294,
        3215
      ],
      "temperature": 0.0,
      "avg_logprob": -0.21855549251332002,
      "compression_ratio": 1.3846153846153846,
      "no_speech_prob": 0.14793948829174042,
      "confidence": 0.924,
      "words": [
        {
          "text": "وطلّبي",
          "start": 24.12,
          "end": 25.98,
          "confidence": 0.885
        },
        {
          "text": "سأر",
          "start": 25.98,
          "end": 27.12,
          "confidence": 0.965
        },
        {
          "text": "الشاهد",
          "start": 27.12,
          "end": 28.94,
          "confidence": 0.949
        }
      ]
    },
    {
      "id": 3,
      "seek": 2300,
      "start": 30.48,
      "end": 33.34,
      "text": " لمتى سنغلّ رقودا",
      "tokens": [
        32767,
        49975,
        8608,
        1863,
        17082,
        1211,
        11703,
        12602,
        4587,
        23328,
        995
      ],
      "temperature": 0.0,
      "avg_logprob": -0.21855549251332002,
      "compression_ratio": 1.3846153846153846,
      "no_speech_prob": 0.14793948829174042,
      "confidence": 0.702,
      "words": [
        {
          "text": "لمتى",
          "start": 30.48,
          "end": 31.48,
          "confidence": 0.665
        },
        {
          "text": "سنغلّ",
          "start": 31.48,
          "end": 32.4,
          "confidence": 0.751
        },
        {
          "text": "رقودا",
          "start": 32.4,
          "end": 33.34,
          "confidence": 0.663
        }
      ]
    },
    {
      "id": 3,
      "seek": 2300,
      "start": 33.36,
      "end": 35.88,
      "text": " نغرق في النوم ونشخر",
      "tokens": [
        8717,
        17082,
        2288,
        4587,
        8978,
        28239,
        20498,
        4032,
        1863,
        8592,
        34740
      ],
      "temperature": 0.0,
      "avg_logprob": -0.21855549251332002,
      "compression_ratio": 1.3846153846153846,
      "no_speech_prob": 0.14793948829174042,
      "confidence": 0.922,
      "words": [
        {
          "text": "نغرق",
          "start": 33.36,
          "end": 34.22,
          "confidence": 0.903
        },
        {
          "text": "في",
          "start": 34.22,
          "end": 34.44,
          "confidence": 0.866
        },
        {
          "text": "النوم",
          "start": 34.44,
          "end": 35.04,
          "confidence": 0.965
        },
        {
          "text": "ونشخر",
          "start": 35.04,
          "end": 35.88,
          "confidence": 0.935
        }
      ]
    },
    {
      "id": 3,
      "seek": 2300,
      "start": 36.26,
      "end": 38.48,
      "text": " وعن الآذان نسمّه",
      "tokens": [
        4032,
        3615,
        1863,
        6024,
        95,
        8848,
        7649,
        8717,
        38251,
        11703,
        3224
      ],
      "temperature": 0.0,
      "avg_logprob": -0.21855549251332002,
      "compression_ratio": 1.3846153846153846,
      "no_speech_prob": 0.14793948829174042,
      "confidence": 0.809,
      "words": [
        {
          "text": "وعن",
          "start": 36.26,
          "end": 36.76,
          "confidence": 0.909
        },
        {
          "text": "الآذان",
          "start": 36.76,
          "end": 37.72,
          "confidence": 0.81
        },
        {
          "text": "نسمّه",
          "start": 37.72,
          "end": 38.48,
          "confidence": 0.74
        }
      ]
    },
    {
      "id": 3,
      "seek": 2300,
      "start": 38.48,
      "end": 41.32,
      "text": " ونغمّض كي لا نمسر",
      "tokens": [
        4032,
        1863,
        17082,
        2304,
        11703,
        11242,
        9122,
        1829,
        20193,
        8717,
        2304,
        3794,
        2288
      ],
      "temperature": 0.0,
      "avg_logprob": -0.21855549251332002,
      "compression_ratio": 1.3846153846153846,
      "no_speech_prob": 0.14793948829174042,
      "confidence": 0.799,
      "words": [
        {
          "text": "ونغمّض",
          "start": 38.48,
          "end": 39.9,
          "confidence": 0.918
        },
        {
          "text": "كي",
          "start": 39.9,
          "end": 40.28,
          "confidence": 0.785
        },
        {
          "text": "لا",
          "start": 40.28,
          "end": 40.56,
          "confidence": 0.804
        },
        {
          "text": "نمسر",
          "start": 40.56,
          "end": 41.32,
          "confidence": 0.652
        }
      ]
    }
  ],
  "language": "Arabic"
}