{
  "text": " Thank you. Thank you.",
  "segments": [
    {
      "id": 0,
      "seek": 0,
      "start": 0.0,
      "end": 0.82,
      "text": " Thank you.",
      "tokens": [
        6952,
        345,
        13
      ],
      "temperature": 0.0,
      "avg_logprob": -0.7195861989801581,
      "compression_ratio": 1.0,
      "no_speech_prob": 0.5518544912338257,
      "confidence": 0.357,
      "words": [
        {
          "text": "Thank",
          "start": 0.0,
          "end": 0.44,
          "confidence": 0.129
        },
        {
          "text": "you",
          "start": 0.44,
          "end": 0.82,
          "confidence": 0.989
        }
      ]
    },
    {
      "id": 0,
      "seek": 0,
      "start": 1.0,
      "end": 0.9,
      "text": " Thank you.",
      "tokens": [
        6952,
        345,
        13
      ],
      "temperature": 0.0,
      "avg_logprob": -0.7195861989801581,
      "compression_ratio": 1.0,
      "no_speech_prob": 0.5518544912338257,
      "words": [
        {
          "text": "Thank",
          "start": 0.82,
          "end": 0.84,
          "confidence": 0.306
        },
        {
          "text": "you",
          "start": 0.84,
          "end": 0.9,
          "confidence": 0.996
        }
      ],
      "confidence": 0.552
    }
  ],
  "language": "en"
}