{
  "text": " Ella, my glorious love. How are you? Oh, I'm okay. I will be. I said she could stay with us tomorrow just until she feels better. Of course she can. No, this won't be for long. Well, if you can stay as long as you want, my love. I've really missed you. Pops. I agree.",
  "segments": [
    {
      "id": 0,
      "seek": 0,
      "start": 0.0,
      "end": 6.26,
      "text": " Ella, my glorious love. How are you?",
      "tokens": [
        29261,
        11,
        452,
        24026,
        959,
        13,
        1012,
        366,
        291,
        30
      ],
      "temperature": 0.0,
      "avg_logprob": -0.36384911232806266,
      "compression_ratio": 1.435483870967742,
      "no_speech_prob": 0.2710752487182617,
      "confidence": 0.415,
      "words": [
        {
          "text": "Ella,",
          "start": 0.0,
          "end": 1.68,
          "confidence": 0.126
        },
        {
          "text": "my",
          "start": 1.94,
          "end": 2.7,
          "confidence": 0.368
        },
        {
          "text": "glorious",
          "start": 2.7,
          "end": 3.5,
          "confidence": 0.729
        },
        {
          "text": "love.",
          "start": 3.5,
          "end": 4.18,
          "confidence": 0.366
        },
        {
          "text": "How",
          "start": 4.98,
          "end": 5.66,
          "confidence": 0.415
        },
        {
          "text": "are",
          "start": 5.66,
          "end": 6.02,
          "confidence": 0.902
        },
        {
          "text": "you?",
          "start": 6.02,
          "end": 6.26,
          "confidence": 0.844
        }
      ]
    },
    {
      "id": 0,
      "seek": 0,
      "start": 6.26,
      "end": 9.18,
      "text": " Oh, I'm okay. I will be.",
      "tokens": [
        876,
        11,
        286,
        478,
        1392,
        13,
        286,
        486,
        312,
        13
      ],
      "temperature": 0.0,
      "avg_logprob": -0.36384911232806266,
      "compression_ratio": 1.435483870967742,
      "no_speech_prob": 0.2710752487182617,
      "confidence": 0.697,
      "words": [
        {
          "text": "Oh,",
          "start": 6.26,
          "end": 6.6,
          "confidence": 0.462
        },
        {
          "text": "I'm",
          "start": 6.68,
          "end": 7.02,
          "confidence": 0.961
        },
        {
          "text": "okay.",
          "start": 7.02,
          "end": 7.68,
          "confidence": 0.609
        },
        {
          "text": "I",
          "start": 8.3,
          "end": 8.58,
          "confidence": 0.595
        },
        {
          "text": "will",
          "start": 8.58,
          "end": 8.86,
          "confidence": 0.813
        },
        {
          "text": "be.",
          "start": 8.86,
          "end": 9.18,
          "confidence": 0.872
        }
      ]
    },
    {
      "id": 0,
      "seek": 0,
      "start": 9.24,
      "end": 11.46,
      "text": " I said she could stay with us tomorrow just until she feels better.",
      "tokens": [
        286,
        848,
        750,
        727,
        1754,
        365,
        505,
        4153,
        445,
        1826,
        750,
        3417,
        1101,
        13
      ],
      "temperature": 0.0,
      "avg_logprob": -0.36384911232806266,
      "compression_ratio": 1.435483870967742,
      "no_speech_prob": 0.2710752487182617,
      "confidence": 0.484,
      "words": [
        {
          "text": "I",
          "start": 9.24,
          "end": 9.44,
          "confidence": 0.766
        },
        {
          "text": "said",
          "start": 9.44,
          "end": 9.62,
          "confidence": 0.877
        },
        {
          "text": "she",
          "start": 9.62,
          "end": 9.76,
          "confidence": 0.76
        },
        {
          "text": "could",
          "start": 9.76,
          "end": 9.9,
          "confidence": 0.813
        },
        {
          "text": "stay",
          "start": 9.9,
          "end": 10.08,
          "confidence": 0.926
        },
        {
          "text": "with",
          "start": 10.08,
          "end": 10.22,
          "confidence": 0.807
        },
        {
          "text": "us",
          "start": 10.22,
          "end": 10.34,
          "confidence": 0.425
        },
        {
          "text": "tomorrow",
          "start": 10.34,
          "end": 10.56,
          "confidence": 0.024
        },
        {
          "text": "just",
          "start": 10.56,
          "end": 10.74,
          "confidence": 0.073
        },
        {
          "text": "until",
          "start": 10.74,
          "end": 10.86,
          "confidence": 0.404
        },
        {
          "text": "she",
          "start": 10.86,
          "end": 10.96,
          "confidence": 0.806
        },
        {
          "text": "feels",
          "start": 10.96,
          "end": 11.16,
          "confidence": 0.787
        },
        {
          "text": "better.",
          "start": 11.16,
          "end": 11.46,
          "confidence": 0.819
        }
      ]
    },
    {
      "id": 0,
      "seek": 0,
      "start": 11.5,
      "end": 13.34,
      "text": " Of course she can.",
      "tokens": [
        2720,
        1164,
        750,
        393,
        13
      ],
      "temperature": 0.0,
      "avg_logprob": -0.36384911232806266,
      "compression_ratio": 1.435483870967742,
      "no_speech_prob": 0.2710752487182617,
      "confidence": 0.338,
      "words": [
        {
          "text": "Of",
          "start": 11.5,
          "end": 12.0,
          "confidence": 0.113
        },
        {
          "text": "course",
          "start": 12.0,
          "end": 12.6,
          "confidence": 0.86
        },
        {
          "text": "she",
          "start": 12.6,
          "end": 12.88,
          "confidence": 0.101
        },
        {
          "text": "can.",
          "start": 12.88,
          "end": 13.34,
          "confidence": 0.672
        }
      ]
    },
    {
      "id": 0,
      "seek": 0,
      "start": 13.34,
      "end": 15.2,
      "text": " No, this won't be for long.",
      "tokens": [
        883,
        11,
        341,
        1582,
        380,
        312,
        337,
        938,
        13
      ],
      "temperature": 0.0,
      "avg_logprob": -0.36384911232806266,
      "compression_ratio": 1.435483870967742,
      "no_speech_prob": 0.2710752487182617,
      "confidence": 0.649,
      "words": [
        {
          "text": "No,",
          "start": 13.34,
          "end": 13.78,
          "confidence": 0.328
        },
        {
          "text": "this",
          "start": 13.9,
          "end": 14.24,
          "confidence": 0.419
        },
        {
          "text": "won't",
          "start": 14.24,
          "end": 14.54,
          "confidence": 0.917
        },
        {
          "text": "be",
          "start": 14.54,
          "end": 14.68,
          "confidence": 0.906
        },
        {
          "text": "for",
          "start": 14.68,
          "end": 14.88,
          "confidence": 0.884
        },
        {
          "text": "long.",
          "start": 14.88,
          "end": 15.2,
          "confidence": 0.823
        }
      ]
    },
    {
      "id": 0,
      "seek": 0,
      "start": 15.2,
      "end": 17.44,
      "text": " Well, if you can stay as long as you want, my love.",
      "tokens": [
        1042,
        11,
        498,
        291,
        393,
        1754,
        382,
        938,
        382,
        291,
        528,
        11,
        452,
        959,
        13
      ],
      "temperature": 0.0,
      "avg_logprob": -0.36384911232806266,
      "compression_ratio": 1.435483870967742,
      "no_speech_prob": 0.2710752487182617,
      "confidence": 0.69,
      "words": [
        {
          "text": "Well,",
          "start": 15.2,
          "end": 15.46,
          "confidence": 0.553
        },
        {
          "text": "if",
          "start": 15.52,
          "end": 15.6,
          "confidence": 0.084
        },
        {
          "text": "you",
          "start": 15.6,
          "end": 15.68,
          "confidence": 0.898
        },
        {
          "text": "can",
          "start": 15.68,
          "end": 15.8,
          "confidence": 0.827
        },
        {
          "text": "stay",
          "start": 15.8,
          "end": 16.04,
          "confidence": 0.922
        },
        {
          "text": "as",
          "start": 16.04,
          "end": 16.18,
          "confidence": 0.896
        },
        {
          "text": "long",
          "start": 16.18,
          "end": 16.32,
          "confidence": 0.893
        },
        {
          "text": "as",
          "start": 16.32,
          "end": 16.46,
          "confidence": 0.902
        },
        {
          "text": "you",
          "start": 16.46,
          "end": 16.58,
          "confidence": 0.905
        },
        {
          "text": "want,",
          "start": 16.58,
          "end": 16.76,
          "confidence": 0.731
        },
        {
          "text": "my",
          "start": 16.88,
          "end": 17.02,
          "confidence": 0.901
        },
        {
          "text": "love.",
          "start": 17.02,
          "end": 17.44,
          "confidence": 0.831
        }
      ]
    },
    {
      "id": 0,
      "seek": 0,
      "start": 17.44,
      "end": 18.96,
      "text": " I've really missed you.",
      "tokens": [
        286,
        600,
        534,
        6721,
        291,
        13
      ],
      "temperature": 0.0,
      "avg_logprob": -0.36384911232806266,
      "compression_ratio": 1.435483870967742,
      "no_speech_prob": 0.2710752487182617,
      "confidence": 0.529,
      "words": [
        {
          "text": "I've",
          "start": 17.44,
          "end": 17.58,
          "confidence": 0.309
        },
        {
          "text": "really",
          "start": 17.58,
          "end": 18.18,
          "confidence": 0.763
        },
        {
          "text": "missed",
          "start": 18.18,
          "end": 18.68,
          "confidence": 0.778
        },
        {
          "text": "you.",
          "start": 18.68,
          "end": 18.96,
          "confidence": 0.622
        }
      ]
    },
    {
      "id": 0,
      "seek": 0,
      "start": 19.58,
      "end": 20.12,
      "text": " Pops.",
      "tokens": [
        430,
        3370,
        13
      ],
      "temperature": 0.0,
      "avg_logprob": -0.36384911232806266,
      "compression_ratio": 1.435483870967742,
      "no_speech_prob": 0.2710752487182617,
      "confidence": 0.02,
      "words": [
        {
          "text": "Pops.",
          "start": 19.58,
          "end": 20.12,
          "confidence": 0.02
        }
      ]
    },
    {
      "id": 0,
      "seek": 0,
      "start": 20.26,
      "end": 20.56,
      "text": " I agree.",
      "tokens": [
        286,
        3986,
        13
      ],
      "temperature": 0.0,
      "avg_logprob": -0.36384911232806266,
      "compression_ratio": 1.435483870967742,
      "no_speech_prob": 0.2710752487182617,
      "confidence": 0.211,
      "words": [
        {
          "text": "I",
          "start": 20.26,
          "end": 20.42,
          "confidence": 0.016
        },
        {
          "text": "agree.",
          "start": 20.42,
          "end": 20.56,
          "confidence": 0.775
        }
      ]
    }
  ],
  "language": "en"
}