{
  "text": " Ella, my glorious love. How are you? Oh, I'm okay. I will be. I said she could stay with us tomorrow just until she feels better. Of course she can. No, this won't be for long. Well, if you can stay as long as you want, my love. I really missed you. Pops. I couldn't have missed you.",
  "segments": [
    {
      "id": 0,
      "seek": 0,
      "start": 0.0,
      "end": 6.22,
      "text": " Ella, my glorious love. How are you?",
      "tokens": [
        29261,
        11,
        452,
        24026,
        959,
        13,
        1012,
        366,
        291,
        30
      ],
      "temperature": 0.0,
      "avg_logprob": -0.3842304832056949,
      "compression_ratio": 1.4894736842105263,
      "no_speech_prob": 0.271071195602417,
      "confidence": 0.563,
      "words": [
        {
          "text": "Ella,",
          "start": 0.0,
          "end": 1.68,
          "confidence": 0.156
        },
        {
          "text": "my",
          "start": 1.94,
          "end": 2.12,
          "confidence": 0.63
        },
        {
          "text": "glorious",
          "start": 2.12,
          "end": 3.36,
          "confidence": 0.703
        },
        {
          "text": "love.",
          "start": 3.36,
          "end": 4.12,
          "confidence": 0.883
        },
        {
          "text": "How",
          "start": 4.74,
          "end": 5.62,
          "confidence": 0.408
        },
        {
          "text": "are",
          "start": 5.62,
          "end": 6.02,
          "confidence": 0.892
        },
        {
          "text": "you?",
          "start": 6.02,
          "end": 6.22,
          "confidence": 0.808
        }
      ]
    },
    {
      "id": 0,
      "seek": 0,
      "start": 6.22,
      "end": 9.12,
      "text": " Oh, I'm okay. I will be.",
      "tokens": [
        876,
        11,
        286,
        478,
        1392,
        13,
        286,
        486,
        312,
        13
      ],
      "temperature": 0.0,
      "avg_logprob": -0.3842304832056949,
      "compression_ratio": 1.4894736842105263,
      "no_speech_prob": 0.271071195602417,
      "confidence": 0.754,
      "words": [
        {
          "text": "Oh,",
          "start": 6.22,
          "end": 6.6,
          "confidence": 0.526
        },
        {
          "text": "I'm",
          "start": 6.72,
          "end": 7.02,
          "confidence": 0.97
        },
        {
          "text": "okay.",
          "start": 7.02,
          "end": 7.7,
          "confidence": 0.469
        },
        {
          "text": "I",
          "start": 8.24,
          "end": 8.56,
          "confidence": 0.918
        },
        {
          "text": "will",
          "start": 8.56,
          "end": 8.82,
          "confidence": 0.719
        },
        {
          "text": "be.",
          "start": 8.82,
          "end": 9.12,
          "confidence": 0.907
        }
      ]
    },
    {
      "id": 0,
      "seek": 0,
      "start": 9.34,
      "end": 11.46,
      "text": " I said she could stay with us tomorrow just until she feels better.",
      "tokens": [
        286,
        848,
        750,
        727,
        1754,
        365,
        505,
        4153,
        445,
        1826,
        750,
        3417,
        1101,
        13
      ],
      "temperature": 0.0,
      "avg_logprob": -0.3842304832056949,
      "compression_ratio": 1.4894736842105263,
      "no_speech_prob": 0.271071195602417,
      "confidence": 0.676,
      "words": [
        {
          "text": "I",
          "start": 9.34,
          "end": 9.48,
          "confidence": 0.867
        },
        {
          "text": "said",
          "start": 9.48,
          "end": 9.6,
          "confidence": 0.862
        },
        {
          "text": "she",
          "start": 9.6,
          "end": 9.76,
          "confidence": 0.758
        },
        {
          "text": "could",
          "start": 9.76,
          "end": 9.88,
          "confidence": 0.799
        },
        {
          "text": "stay",
          "start": 9.88,
          "end": 10.08,
          "confidence": 0.922
        },
        {
          "text": "with",
          "start": 10.08,
          "end": 10.22,
          "confidence": 0.808
        },
        {
          "text": "us",
          "start": 10.22,
          "end": 10.34,
          "confidence": 0.785
        },
        {
          "text": "tomorrow",
          "start": 10.34,
          "end": 10.56,
          "confidence": 0.347
        },
        {
          "text": "just",
          "start": 10.56,
          "end": 10.74,
          "confidence": 0.272
        },
        {
          "text": "until",
          "start": 10.74,
          "end": 10.84,
          "confidence": 0.475
        },
        {
          "text": "she",
          "start": 10.84,
          "end": 10.98,
          "confidence": 0.814
        },
        {
          "text": "feels",
          "start": 10.98,
          "end": 11.16,
          "confidence": 0.778
        },
        {
          "text": "better.",
          "start": 11.16,
          "end": 11.46,
          "confidence": 0.82
        }
      ]
    },
    {
      "id": 0,
      "seek": 0,
      "start": 12.06,
      "end": 13.06,
      "text": " Of course she can.",
      "tokens": [
        2720,
        1164,
        750,
        393,
        13
      ],
      "temperature": 0.0,
      "avg_logprob": -0.3842304832056949,
      "compression_ratio": 1.4894736842105263,
      "no_speech_prob": 0.271071195602417,
      "confidence": 0.81,
      "words": [
        {
          "text": "Of",
          "start": 12.06,
          "end": 12.18,
          "confidence": 0.708
        },
        {
          "text": "course",
          "start": 12.18,
          "end": 12.54,
          "confidence": 0.877
        },
        {
          "text": "she",
          "start": 12.54,
          "end": 12.8,
          "confidence": 0.773
        },
        {
          "text": "can.",
          "start": 12.8,
          "end": 13.06,
          "confidence": 0.898
        }
      ]
    },
    {
      "id": 0,
      "seek": 0,
      "start": 13.48,
      "end": 15.2,
      "text": " No, this won't be for long.",
      "tokens": [
        883,
        11,
        341,
        1582,
        380,
        312,
        337,
        938,
        13
      ],
      "temperature": 0.0,
      "avg_logprob": -0.3842304832056949,
      "compression_ratio": 1.4894736842105263,
      "no_speech_prob": 0.271071195602417,
      "confidence": 0.833,
      "words": [
        {
          "text": "No,",
          "start": 13.48,
          "end": 13.74,
          "confidence": 0.659
        },
        {
          "text": "this",
          "start": 13.9,
          "end": 14.26,
          "confidence": 0.677
        },
        {
          "text": "won't",
          "start": 14.26,
          "end": 14.54,
          "confidence": 0.942
        },
        {
          "text": "be",
          "start": 14.54,
          "end": 14.68,
          "confidence": 0.898
        },
        {
          "text": "for",
          "start": 14.68,
          "end": 14.86,
          "confidence": 0.894
        },
        {
          "text": "long.",
          "start": 14.86,
          "end": 15.2,
          "confidence": 0.877
        }
      ]
    },
    {
      "id": 0,
      "seek": 0,
      "start": 15.3,
      "end": 18.94,
      "text": " Well, if you can stay as long as you want, my love. I really missed you.",
      "tokens": [
        1042,
        11,
        498,
        291,
        393,
        1754,
        382,
        938,
        382,
        291,
        528,
        11,
        452,
        959,
        13,
        286,
        534,
        6721,
        291,
        13
      ],
      "temperature": 0.0,
      "avg_logprob": -0.3842304832056949,
      "compression_ratio": 1.4894736842105263,
      "no_speech_prob": 0.271071195602417,
      "confidence": 0.736,
      "words": [
        {
          "text": "Well,",
          "start": 15.3,
          "end": 15.46,
          "confidence": 0.612
        },
        {
          "text": "if",
          "start": 15.52,
          "end": 15.6,
          "confidence": 0.543
        },
        {
          "text": "you",
          "start": 15.6,
          "end": 15.68,
          "confidence": 0.893
        },
        {
          "text": "can",
          "start": 15.68,
          "end": 15.82,
          "confidence": 0.849
        },
        {
          "text": "stay",
          "start": 15.82,
          "end": 16.04,
          "confidence": 0.925
        },
        {
          "text": "as",
          "start": 16.04,
          "end": 16.2,
          "confidence": 0.89
        },
        {
          "text": "long",
          "start": 16.2,
          "end": 16.32,
          "confidence": 0.883
        },
        {
          "text": "as",
          "start": 16.32,
          "end": 16.48,
          "confidence": 0.907
        },
        {
          "text": "you",
          "start": 16.48,
          "end": 16.58,
          "confidence": 0.899
        },
        {
          "text": "want,",
          "start": 16.58,
          "end": 16.76,
          "confidence": 0.815
        },
        {
          "text": "my",
          "start": 16.9,
          "end": 17.02,
          "confidence": 0.907
        },
        {
          "text": "love.",
          "start": 17.02,
          "end": 17.54,
          "confidence": 0.898
        },
        {
          "text": "I",
          "start": 17.86,
          "end": 18.02,
          "confidence": 0.322
        },
        {
          "text": "really",
          "start": 18.02,
          "end": 18.24,
          "confidence": 0.495
        },
        {
          "text": "missed",
          "start": 18.24,
          "end": 18.68,
          "confidence": 0.636
        },
        {
          "text": "you.",
          "start": 18.68,
          "end": 18.94,
          "confidence": 0.734
        }
      ]
    },
    {
      "id": 0,
      "seek": 0,
      "start": 19.48,
      "end": 20.16,
      "text": " Pops.",
      "tokens": [
        430,
        3370,
        13
      ],
      "temperature": 0.0,
      "avg_logprob": -0.3842304832056949,
      "compression_ratio": 1.4894736842105263,
      "no_speech_prob": 0.271071195602417,
      "confidence": 0.585,
      "words": [
        {
          "text": "Pops.",
          "start": 19.48,
          "end": 20.16,
          "confidence": 0.585
        }
      ]
    },
    {
      "id": 0,
      "seek": 0,
      "start": 20.3,
      "end": 21.02,
      "text": " I couldn't have missed you.",
      "tokens": [
        286,
        2809,
        380,
        362,
        6721,
        291,
        13
      ],
      "temperature": 0.0,
      "avg_logprob": -0.3842304832056949,
      "compression_ratio": 1.4894736842105263,
      "no_speech_prob": 0.271071195602417,
      "confidence": 0.416,
      "words": [
        {
          "text": "I",
          "start": 20.3,
          "end": 20.5,
          "confidence": 0.715
        },
        {
          "text": "couldn't",
          "start": 20.5,
          "end": 20.74,
          "confidence": 0.477
        },
        {
          "text": "have",
          "start": 20.74,
          "end": 20.78,
          "confidence": 0.114
        },
        {
          "text": "missed",
          "start": 20.78,
          "end": 21.0,
          "confidence": 0.341
        },
        {
          "text": "you.",
          "start": 21.0,
          "end": 21.02,
          "confidence": 0.816
        }
      ]
    }
  ],
  "language": "en"
}