{
  "text": " Apollo 11, Houston. We got a recommendation for you on your Doiges EA, LM-EGEA. Over. Go ahead. Okay. We'd like to see if they'd like to go on the helmet we were going to have in B-1. And you can put the other one on Mike, Melvin, and we're still seeing a sleep restraint, over. I got a little bit on Melvin and D1. The other one might go under sleep restraint. We've got them in their helmet bags. And I'll get the helmet back. I'll leave the pack. Roger. Roger, I'll take the next day out of the field. We won't hang me on the cover. With the cover, I tried it already. Okay, fine. We weren't sure that this was a suggestion. We thought you could check it out, So, uh, I guess, uh, wherever you come up with, just let us know. OK. It's no problem. We'll let you know where to end up. life hello I love it. I love it. Bye.",
  "segments": [
    {
      "id": 0,
      "seek": 0,
      "start": 0.48,
      "end": 7.08,
      "text": " Apollo 11, Houston. We got a recommendation for you on your Doiges EA, LM-EGEA. Over.",
      "tokens": [
        25187,
        2975,
        11,
        18717,
        13,
        492,
        658,
        257,
        850,
        298,
        76,
        521,
        399,
        337,
        291,
        322,
        428,
        1144,
        328,
        279,
        35747,
        11,
        46529,
        12,
        36,
        9177,
        32,
        13,
        4886,
        13
      ],
      "temperature": 0.4,
      "avg_logprob": -0.6327377816905146,
      "compression_ratio": 1.4404145077720207,
      "no_speech_prob": 0.33071863651275635,
      "confidence": 0.473,
      "words": [
        {
          "text": "Apollo",
          "start": 0.48,
          "end": 0.96,
          "confidence": 0.792
        },
        {
          "text": "11,",
          "start": 0.96,
          "end": 1.5,
          "confidence": 0.878
        },
        {
          "text": "Houston.",
          "start": 1.5,
          "end": 1.94,
          "confidence": 0.827
        },
        {
          "text": "We",
          "start": 1.94,
          "end": 1.98,
          "confidence": 0.837
        },
        {
          "text": "got",
          "start": 1.98,
          "end": 2.14,
          "confidence": 0.639
        },
        {
          "text": "a",
          "start": 2.14,
          "end": 2.38,
          "confidence": 0.995
        },
        {
          "text": "recommendation",
          "start": 2.38,
          "end": 3.28,
          "confidence": 0.356
        },
        {
          "text": "for",
          "start": 3.28,
          "end": 3.54,
          "confidence": 0.855
        },
        {
          "text": "you",
          "start": 3.54,
          "end": 3.8,
          "confidence": 0.855
        },
        {
          "text": "on",
          "start": 3.8,
          "end": 3.84,
          "confidence": 0.866
        },
        {
          "text": "your",
          "start": 3.84,
          "end": 4.2,
          "confidence": 0.761
        },
        {
          "text": "Doiges",
          "start": 4.2,
          "end": 4.96,
          "confidence": 0.16
        },
        {
          "text": "EA,",
          "start": 4.96,
          "end": 5.5,
          "confidence": 0.214
        },
        {
          "text": "LM-EGEA.",
          "start": 5.5,
          "end": 6.86,
          "confidence": 0.457
        },
        {
          "text": "Over.",
          "start": 6.86,
          "end": 7.08,
          "confidence": 0.514
        }
      ]
    },
    {
      "id": 1,
      "seek": 0,
      "start": 10.88,
      "end": 11.48,
      "text": " Go ahead.",
      "tokens": [
        1037,
        2286,
        13
      ],
      "temperature": 0.4,
      "avg_logprob": -0.6327377816905146,
      "compression_ratio": 1.4404145077720207,
      "no_speech_prob": 0.33071863651275635,
      "confidence": 0.86,
      "words": [
        {
          "text": "Go",
          "start": 10.88,
          "end": 11.0,
          "confidence": 0.861
        },
        {
          "text": "ahead.",
          "start": 11.0,
          "end": 11.48,
          "confidence": 0.859
        }
      ]
    },
    {
      "id": 2,
      "seek": 0,
      "start": 12.04,
      "end": 19.13,
      "text": " Okay. We'd like to see if they'd like to go on the helmet we were going to have in B-1.",
      "tokens": [
        1033,
        13,
        492,
        1116,
        411,
        281,
        536,
        498,
        436,
        1116,
        411,
        281,
        352,
        322,
        264,
        15922,
        321,
        645,
        516,
        281,
        362,
        294,
        363,
        12,
        16,
        13
      ],
      "temperature": 0.4,
      "avg_logprob": -0.6327377816905146,
      "compression_ratio": 1.4404145077720207,
      "no_speech_prob": 0.33071863651275635,
      "confidence": 0.498,
      "words": [
        {
          "text": "Okay.",
          "start": 12.04,
          "end": 12.8,
          "confidence": 0.512
        },
        {
          "text": "We'd",
          "start": 12.8,
          "end": 13.24,
          "confidence": 0.541
        },
        {
          "text": "like",
          "start": 13.24,
          "end": 13.48,
          "confidence": 0.876
        },
        {
          "text": "to",
          "start": 13.48,
          "end": 13.82,
          "confidence": 0.741
        },
        {
          "text": "see",
          "start": 13.82,
          "end": 14.1,
          "confidence": 0.183
        },
        {
          "text": "if",
          "start": 14.1,
          "end": 14.92,
          "confidence": 0.17
        },
        {
          "text": "they'd",
          "start": 14.92,
          "end": 15.76,
          "confidence": 0.281
        },
        {
          "text": "like",
          "start": 15.76,
          "end": 15.8,
          "confidence": 0.742
        },
        {
          "text": "to",
          "start": 15.8,
          "end": 16.0,
          "confidence": 0.709
        },
        {
          "text": "go",
          "start": 16.0,
          "end": 16.38,
          "confidence": 0.594
        },
        {
          "text": "on",
          "start": 16.38,
          "end": 16.58,
          "confidence": 0.783
        },
        {
          "text": "the",
          "start": 16.58,
          "end": 16.92,
          "confidence": 0.742
        },
        {
          "text": "helmet",
          "start": 16.92,
          "end": 17.34,
          "confidence": 0.616
        },
        {
          "text": "we",
          "start": 17.34,
          "end": 17.62,
          "confidence": 0.129
        },
        {
          "text": "were",
          "start": 17.62,
          "end": 17.94,
          "confidence": 0.127
        },
        {
          "text": "going",
          "start": 17.94,
          "end": 18.08,
          "confidence": 0.542
        },
        {
          "text": "to",
          "start": 18.08,
          "end": 18.12,
          "confidence": 0.896
        },
        {
          "text": "have",
          "start": 18.12,
          "end": 18.3,
          "confidence": 0.859
        },
        {
          "text": "in",
          "start": 18.3,
          "end": 18.46,
          "confidence": 0.84
        },
        {
          "text": "B-1.",
          "start": 18.46,
          "end": 19.13,
          "confidence": 0.712
        }
      ]
    },
    {
      "id": 3,
      "seek": 1900,
      "start": 19.13,
      "end": 25.42,
      "text": " And you can put the other one on Mike, Melvin, and we're still seeing a sleep restraint, over.",
      "tokens": [
        400,
        291,
        393,
        829,
        264,
        661,
        472,
        322,
        6602,
        11,
        7375,
        4796,
        11,
        293,
        321,
        434,
        920,
        2577,
        257,
        2817,
        49281,
        11,
        670,
        13
      ],
      "temperature": 0.4,
      "avg_logprob": -0.6808757781982422,
      "compression_ratio": 1.445945945945946,
      "no_speech_prob": 0.6721050143241882,
      "confidence": 0.421,
      "words": [
        {
          "text": "And",
          "start": 19.13,
          "end": 19.92,
          "confidence": 0.165
        },
        {
          "text": "you",
          "start": 19.92,
          "end": 20.36,
          "confidence": 0.803
        },
        {
          "text": "can",
          "start": 20.36,
          "end": 20.52,
          "confidence": 0.635
        },
        {
          "text": "put",
          "start": 20.52,
          "end": 20.7,
          "confidence": 0.856
        },
        {
          "text": "the",
          "start": 20.7,
          "end": 20.88,
          "confidence": 0.816
        },
        {
          "text": "other",
          "start": 20.88,
          "end": 21.06,
          "confidence": 0.777
        },
        {
          "text": "one",
          "start": 21.06,
          "end": 21.3,
          "confidence": 0.799
        },
        {
          "text": "on",
          "start": 21.3,
          "end": 21.8,
          "confidence": 0.887
        },
        {
          "text": "Mike,",
          "start": 21.8,
          "end": 22.8,
          "confidence": 0.642
        },
        {
          "text": "Melvin,",
          "start": 22.8,
          "end": 23.1,
          "confidence": 0.134
        },
        {
          "text": "and",
          "start": 23.1,
          "end": 23.14,
          "confidence": 0.084
        },
        {
          "text": "we're",
          "start": 23.14,
          "end": 23.2,
          "confidence": 0.229
        },
        {
          "text": "still",
          "start": 23.2,
          "end": 23.38,
          "confidence": 0.615
        },
        {
          "text": "seeing",
          "start": 23.38,
          "end": 23.7,
          "confidence": 0.588
        },
        {
          "text": "a",
          "start": 23.7,
          "end": 23.96,
          "confidence": 0.207
        },
        {
          "text": "sleep",
          "start": 23.96,
          "end": 24.16,
          "confidence": 0.812
        },
        {
          "text": "restraint,",
          "start": 24.16,
          "end": 24.78,
          "confidence": 0.583
        },
        {
          "text": "over.",
          "start": 24.78,
          "end": 25.42,
          "confidence": 0.547
        }
      ]
    },
    {
      "id": 4,
      "seek": 1900,
      "start": 31.44,
      "end": 39.74,
      "text": " I got a little bit on Melvin and D1. The other one might go under sleep restraint.",
      "tokens": [
        286,
        658,
        257,
        707,
        857,
        322,
        7375,
        4796,
        293,
        413,
        16,
        13,
        440,
        661,
        472,
        1062,
        352,
        833,
        2817,
        49281,
        13
      ],
      "temperature": 0.4,
      "avg_logprob": -0.6808757781982422,
      "compression_ratio": 1.445945945945946,
      "no_speech_prob": 0.6721050143241882,
      "confidence": 0.608,
      "words": [
        {
          "text": "I",
          "start": 31.44,
          "end": 33.0,
          "confidence": 0.375
        },
        {
          "text": "got",
          "start": 33.0,
          "end": 33.3,
          "confidence": 0.583
        },
        {
          "text": "a",
          "start": 33.3,
          "end": 33.34,
          "confidence": 0.348
        },
        {
          "text": "little",
          "start": 33.34,
          "end": 33.62,
          "confidence": 0.662
        },
        {
          "text": "bit",
          "start": 33.62,
          "end": 33.8,
          "confidence": 0.864
        },
        {
          "text": "on",
          "start": 33.8,
          "end": 34.02,
          "confidence": 0.812
        },
        {
          "text": "Melvin",
          "start": 34.02,
          "end": 34.32,
          "confidence": 0.725
        },
        {
          "text": "and",
          "start": 34.32,
          "end": 34.5,
          "confidence": 0.493
        },
        {
          "text": "D1.",
          "start": 34.5,
          "end": 35.28,
          "confidence": 0.59
        },
        {
          "text": "The",
          "start": 35.28,
          "end": 35.5,
          "confidence": 0.456
        },
        {
          "text": "other",
          "start": 35.5,
          "end": 35.66,
          "confidence": 0.788
        },
        {
          "text": "one",
          "start": 35.66,
          "end": 36.06,
          "confidence": 0.748
        },
        {
          "text": "might",
          "start": 36.06,
          "end": 36.2,
          "confidence": 0.778
        },
        {
          "text": "go",
          "start": 36.2,
          "end": 38.1,
          "confidence": 0.66
        },
        {
          "text": "under",
          "start": 38.1,
          "end": 38.4,
          "confidence": 0.5
        },
        {
          "text": "sleep",
          "start": 38.4,
          "end": 38.84,
          "confidence": 0.548
        },
        {
          "text": "restraint.",
          "start": 38.84,
          "end": 39.74,
          "confidence": 0.64
        }
      ]
    },
    {
      "id": 5,
      "seek": 1900,
      "start": 39.96,
      "end": 42.5,
      "text": " We've got them in their helmet bags.",
      "tokens": [
        492,
        600,
        658,
        552,
        294,
        641,
        15922,
        10405,
        13
      ],
      "temperature": 0.4,
      "avg_logprob": -0.6808757781982422,
      "compression_ratio": 1.445945945945946,
      "no_speech_prob": 0.6721050143241882,
      "confidence": 0.65,
      "words": [
        {
          "text": "We've",
          "start": 39.96,
          "end": 40.48,
          "confidence": 0.447
        },
        {
          "text": "got",
          "start": 40.48,
          "end": 40.58,
          "confidence": 0.867
        },
        {
          "text": "them",
          "start": 40.58,
          "end": 40.7,
          "confidence": 0.604
        },
        {
          "text": "in",
          "start": 40.7,
          "end": 40.96,
          "confidence": 0.893
        },
        {
          "text": "their",
          "start": 40.96,
          "end": 41.3,
          "confidence": 0.789
        },
        {
          "text": "helmet",
          "start": 41.3,
          "end": 41.64,
          "confidence": 0.786
        },
        {
          "text": "bags.",
          "start": 41.64,
          "end": 42.5,
          "confidence": 0.551
        }
      ]
    },
    {
      "id": 6,
      "seek": 4300,
      "start": 47.96,
      "end": 48.2,
      "text": " And I'll get the helmet back.",
      "tokens": [
        400,
        286,
        603,
        483,
        264,
        15922,
        646,
        13
      ],
      "temperature": 0.4,
      "avg_logprob": -0.5937836745689655,
      "compression_ratio": 1.502857142857143,
      "no_speech_prob": 0.5889163613319397,
      "confidence": 0.312,
      "words": [
        {
          "text": "And",
          "start": 47.96,
          "end": 48.0,
          "confidence": 0.221
        },
        {
          "text": "I'll",
          "start": 48.0,
          "end": 48.04,
          "confidence": 0.283
        },
        {
          "text": "get",
          "start": 48.04,
          "end": 48.08,
          "confidence": 0.509
        },
        {
          "text": "the",
          "start": 48.08,
          "end": 48.12,
          "confidence": 0.63
        },
        {
          "text": "helmet",
          "start": 48.12,
          "end": 48.16,
          "confidence": 0.196
        },
        {
          "text": "back.",
          "start": 48.16,
          "end": 48.2,
          "confidence": 0.26
        }
      ]
    },
    {
      "id": 7,
      "seek": 4300,
      "start": 48.4,
      "end": 49.98,
      "text": " I'll leave the pack.",
      "tokens": [
        286,
        603,
        1856,
        264,
        2844,
        13
      ],
      "temperature": 0.4,
      "avg_logprob": -0.5937836745689655,
      "compression_ratio": 1.502857142857143,
      "no_speech_prob": 0.5889163613319397,
      "confidence": 0.521,
      "words": [
        {
          "text": "I'll",
          "start": 48.4,
          "end": 48.52,
          "confidence": 0.555
        },
        {
          "text": "leave",
          "start": 48.52,
          "end": 48.7,
          "confidence": 0.819
        },
        {
          "text": "the",
          "start": 48.7,
          "end": 49.34,
          "confidence": 0.349
        },
        {
          "text": "pack.",
          "start": 49.34,
          "end": 49.98,
          "confidence": 0.438
        }
      ]
    },
    {
      "id": 8,
      "seek": 4300,
      "start": 50.28,
      "end": 51.38,
      "text": " Roger.",
      "tokens": [
        17666,
        13
      ],
      "temperature": 0.4,
      "avg_logprob": -0.5937836745689655,
      "compression_ratio": 1.502857142857143,
      "no_speech_prob": 0.5889163613319397,
      "confidence": 0.592,
      "words": [
        {
          "text": "Roger.",
          "start": 50.28,
          "end": 51.38,
          "confidence": 0.592
        }
      ]
    },
    {
      "id": 9,
      "seek": 4300,
      "start": 53.22,
      "end": 55.82,
      "text": " Roger, I'll take the next day out of the field.",
      "tokens": [
        17666,
        11,
        286,
        603,
        747,
        264,
        958,
        786,
        484,
        295,
        264,
        2519,
        13
      ],
      "temperature": 0.4,
      "avg_logprob": -0.5937836745689655,
      "compression_ratio": 1.502857142857143,
      "no_speech_prob": 0.5889163613319397,
      "confidence": 0.377,
      "words": [
        {
          "text": "Roger,",
          "start": 53.22,
          "end": 53.26,
          "confidence": 0.533
        },
        {
          "text": "I'll",
          "start": 53.26,
          "end": 53.42,
          "confidence": 0.86
        },
        {
          "text": "take",
          "start": 53.42,
          "end": 53.64,
          "confidence": 0.346
        },
        {
          "text": "the",
          "start": 53.64,
          "end": 53.76,
          "confidence": 0.651
        },
        {
          "text": "next",
          "start": 53.76,
          "end": 53.94,
          "confidence": 0.779
        },
        {
          "text": "day",
          "start": 53.94,
          "end": 54.16,
          "confidence": 0.065
        },
        {
          "text": "out",
          "start": 54.16,
          "end": 54.3,
          "confidence": 0.253
        },
        {
          "text": "of",
          "start": 54.3,
          "end": 54.46,
          "confidence": 0.439
        },
        {
          "text": "the",
          "start": 54.46,
          "end": 54.66,
          "confidence": 0.209
        },
        {
          "text": "field.",
          "start": 54.66,
          "end": 55.82,
          "confidence": 0.209
        }
      ]
    },
    {
      "id": 10,
      "seek": 4300,
      "start": 56.5,
      "end": 57.9,
      "text": " We won't hang me on the cover.",
      "tokens": [
        492,
        1582,
        380,
        3967,
        385,
        322,
        264,
        2060,
        13
      ],
      "temperature": 0.4,
      "avg_logprob": -0.5937836745689655,
      "compression_ratio": 1.502857142857143,
      "no_speech_prob": 0.5889163613319397,
      "confidence": 0.456,
      "words": [
        {
          "text": "We",
          "start": 56.5,
          "end": 57.0,
          "confidence": 0.292
        },
        {
          "text": "won't",
          "start": 57.0,
          "end": 57.2,
          "confidence": 0.574
        },
        {
          "text": "hang",
          "start": 57.2,
          "end": 57.46,
          "confidence": 0.657
        },
        {
          "text": "me",
          "start": 57.46,
          "end": 57.68,
          "confidence": 0.372
        },
        {
          "text": "on",
          "start": 57.68,
          "end": 57.82,
          "confidence": 0.795
        },
        {
          "text": "the",
          "start": 57.82,
          "end": 57.86,
          "confidence": 0.228
        },
        {
          "text": "cover.",
          "start": 57.86,
          "end": 57.9,
          "confidence": 0.439
        }
      ]
    },
    {
      "id": 11,
      "seek": 4300,
      "start": 59.76,
      "end": 62.06,
      "text": " With the cover, I tried it already.",
      "tokens": [
        2022,
        264,
        2060,
        11,
        286,
        3031,
        309,
        1217,
        13
      ],
      "temperature": 0.4,
      "avg_logprob": -0.5937836745689655,
      "compression_ratio": 1.502857142857143,
      "no_speech_prob": 0.5889163613319397,
      "confidence": 0.655,
      "words": [
        {
          "text": "With",
          "start": 59.76,
          "end": 60.12,
          "confidence": 0.421
        },
        {
          "text": "the",
          "start": 60.12,
          "end": 60.7,
          "confidence": 0.535
        },
        {
          "text": "cover,",
          "start": 60.7,
          "end": 61.24,
          "confidence": 0.874
        },
        {
          "text": "I",
          "start": 61.24,
          "end": 61.28,
          "confidence": 0.985
        },
        {
          "text": "tried",
          "start": 61.28,
          "end": 61.56,
          "confidence": 0.691
        },
        {
          "text": "it",
          "start": 61.56,
          "end": 61.68,
          "confidence": 0.518
        },
        {
          "text": "already.",
          "start": 61.68,
          "end": 62.06,
          "confidence": 0.749
        }
      ]
    },
    {
      "id": 12,
      "seek": 4300,
      "start": 62.66,
      "end": 65.26,
      "text": " Okay, fine. We weren't sure that this was a suggestion.",
      "tokens": [
        1033,
        11,
        2489,
        13,
        492,
        4999,
        380,
        988,
        300,
        341,
        390,
        257,
        16541,
        13
      ],
      "temperature": 0.4,
      "avg_logprob": -0.5937836745689655,
      "compression_ratio": 1.502857142857143,
      "no_speech_prob": 0.5889163613319397,
      "confidence": 0.725,
      "words": [
        {
          "text": "Okay,",
          "start": 62.66,
          "end": 62.96,
          "confidence": 0.547
        },
        {
          "text": "fine.",
          "start": 62.96,
          "end": 63.18,
          "confidence": 0.832
        },
        {
          "text": "We",
          "start": 63.18,
          "end": 63.34,
          "confidence": 0.622
        },
        {
          "text": "weren't",
          "start": 63.34,
          "end": 63.6,
          "confidence": 0.906
        },
        {
          "text": "sure",
          "start": 63.6,
          "end": 63.8,
          "confidence": 0.826
        },
        {
          "text": "that",
          "start": 63.8,
          "end": 64.2,
          "confidence": 0.5
        },
        {
          "text": "this",
          "start": 64.2,
          "end": 64.64,
          "confidence": 0.752
        },
        {
          "text": "was",
          "start": 64.64,
          "end": 64.78,
          "confidence": 0.811
        },
        {
          "text": "a",
          "start": 64.78,
          "end": 64.82,
          "confidence": 0.847
        },
        {
          "text": "suggestion.",
          "start": 64.82,
          "end": 65.26,
          "confidence": 0.587
        }
      ]
    },
    {
      "id": 13,
      "seek": 4300,
      "start": 66.8,
      "end": 67.88,
      "text": " We thought you could check it out,",
      "tokens": [
        492,
        1194,
        291,
        727,
        1520,
        309,
        484,
        11
      ],
      "temperature": 0.4,
      "avg_logprob": -0.5937836745689655,
      "compression_ratio": 1.502857142857143,
      "no_speech_prob": 0.5889163613319397,
      "confidence": 0.775,
      "words": [
        {
          "text": "We",
          "start": 66.8,
          "end": 66.84,
          "confidence": 0.875
        },
        {
          "text": "thought",
          "start": 66.84,
          "end": 66.88,
          "confidence": 0.827
        },
        {
          "text": "you",
          "start": 66.88,
          "end": 67.04,
          "confidence": 0.515
        },
        {
          "text": "could",
          "start": 67.04,
          "end": 67.24,
          "confidence": 0.8
        },
        {
          "text": "check",
          "start": 67.24,
          "end": 67.5,
          "confidence": 0.776
        },
        {
          "text": "it",
          "start": 67.5,
          "end": 67.64,
          "confidence": 0.896
        },
        {
          "text": "out,",
          "start": 67.64,
          "end": 67.88,
          "confidence": 0.809
        }
      ]
    },
    {
      "id": 14,
      "seek": 6800,
      "start": 68.02,
      "end": 72.74,
      "text": " So, uh, I guess, uh, wherever you come up with, just let us know.",
      "tokens": [
        220,
        6455,
        11,
        2232,
        11,
        286,
        2041,
        11,
        2232,
        11,
        8660,
        291,
        808,
        493,
        365,
        11,
        445,
        718,
        505,
        458,
        13
      ],
      "temperature": 0.4,
      "avg_logprob": -0.656759667903819,
      "compression_ratio": 1.1851851851851851,
      "no_speech_prob": 0.09824477881193161,
      "confidence": 0.571,
      "words": [
        {
          "text": "So,",
          "start": 68.02,
          "end": 69.64,
          "confidence": 0.114
        },
        {
          "text": "uh,",
          "start": 69.64,
          "end": 70.42,
          "confidence": 0.472
        },
        {
          "text": "I",
          "start": 70.42,
          "end": 70.5,
          "confidence": 0.917
        },
        {
          "text": "guess,",
          "start": 70.5,
          "end": 70.78,
          "confidence": 0.901
        },
        {
          "text": "uh,",
          "start": 70.78,
          "end": 70.98,
          "confidence": 0.672
        },
        {
          "text": "wherever",
          "start": 70.98,
          "end": 71.16,
          "confidence": 0.293
        },
        {
          "text": "you",
          "start": 71.16,
          "end": 71.28,
          "confidence": 0.872
        },
        {
          "text": "come",
          "start": 71.28,
          "end": 71.48,
          "confidence": 0.693
        },
        {
          "text": "up",
          "start": 71.48,
          "end": 71.66,
          "confidence": 0.886
        },
        {
          "text": "with,",
          "start": 71.66,
          "end": 71.98,
          "confidence": 0.771
        },
        {
          "text": "just",
          "start": 71.98,
          "end": 72.06,
          "confidence": 0.831
        },
        {
          "text": "let",
          "start": 72.06,
          "end": 72.14,
          "confidence": 0.9
        },
        {
          "text": "us",
          "start": 72.14,
          "end": 72.32,
          "confidence": 0.901
        },
        {
          "text": "know.",
          "start": 72.32,
          "end": 72.74,
          "confidence": 0.798
        }
      ]
    },
    {
      "id": 15,
      "seek": 6800,
      "start": 74.52,
      "end": 77.86,
      "text": " OK. It's no problem. We'll let you know where to end up.",
      "tokens": [
        2264,
        13,
        467,
        311,
        572,
        1154,
        13,
        492,
        603,
        718,
        291,
        458,
        689,
        281,
        917,
        493,
        13
      ],
      "temperature": 0.4,
      "avg_logprob": -0.656759667903819,
      "compression_ratio": 1.1851851851851851,
      "no_speech_prob": 0.09824477881193161,
      "confidence": 0.568,
      "words": [
        {
          "text": "OK.",
          "start": 74.52,
          "end": 75.94,
          "confidence": 0.181
        },
        {
          "text": "It's",
          "start": 75.94,
          "end": 76.12,
          "confidence": 0.333
        },
        {
          "text": "no",
          "start": 76.12,
          "end": 76.26,
          "confidence": 0.87
        },
        {
          "text": "problem.",
          "start": 76.26,
          "end": 76.8,
          "confidence": 0.763
        },
        {
          "text": "We'll",
          "start": 76.8,
          "end": 76.92,
          "confidence": 0.801
        },
        {
          "text": "let",
          "start": 76.92,
          "end": 77.0,
          "confidence": 0.872
        },
        {
          "text": "you",
          "start": 77.0,
          "end": 77.1,
          "confidence": 0.868
        },
        {
          "text": "know",
          "start": 77.1,
          "end": 77.24,
          "confidence": 0.82
        },
        {
          "text": "where",
          "start": 77.24,
          "end": 77.36,
          "confidence": 0.755
        },
        {
          "text": "to",
          "start": 77.36,
          "end": 77.44,
          "confidence": 0.231
        },
        {
          "text": "end",
          "start": 77.44,
          "end": 77.58,
          "confidence": 0.445
        },
        {
          "text": "up.",
          "start": 77.58,
          "end": 77.86,
          "confidence": 0.883
        }
      ]
    },
    {
      "id": 16,
      "seek": 7800,
      "start": 84.86,
      "end": 84.9,
      "text": " life",
      "tokens": [
        993
      ],
      "temperature": 0.4,
      "avg_logprob": -1.8280168533325196,
      "compression_ratio": 0.8421052631578947,
      "no_speech_prob": 0.23282107710838318,
      "confidence": 0.055,
      "words": [
        {
          "text": "life",
          "start": 84.86,
          "end": 84.9,
          "confidence": 0.055
        }
      ]
    },
    {
      "id": 17,
      "seek": 7800,
      "start": 85.3,
      "end": 85.5,
      "text": " hello",
      "tokens": [
        7751
      ],
      "temperature": 0.4,
      "avg_logprob": -1.8280168533325196,
      "compression_ratio": 0.8421052631578947,
      "no_speech_prob": 0.23282107710838318,
      "confidence": 0.149,
      "words": [
        {
          "text": "hello",
          "start": 85.3,
          "end": 85.5,
          "confidence": 0.149
        }
      ]
    },
    {
      "id": 18,
      "seek": 8640,
      "start": 86.64,
      "end": 87.28,
      "text": " I love it.",
      "tokens": [
        286,
        959,
        309,
        13
      ],
      "temperature": 0.4,
      "avg_logprob": -0.639145951522024,
      "compression_ratio": 1.4545454545454546,
      "no_speech_prob": 0.25795120000839233,
      "confidence": 0.544,
      "words": [
        {
          "text": "I",
          "start": 86.64,
          "end": 86.78,
          "confidence": 0.384
        },
        {
          "text": "love",
          "start": 86.78,
          "end": 86.86,
          "confidence": 0.719
        },
        {
          "text": "it.",
          "start": 86.86,
          "end": 87.28,
          "confidence": 0.585
        }
      ]
    },
    {
      "id": 19,
      "seek": 8640,
      "start": 87.42,
      "end": 88.7,
      "text": " I love it.",
      "tokens": [
        286,
        959,
        309,
        13
      ],
      "temperature": 0.4,
      "avg_logprob": -0.639145951522024,
      "compression_ratio": 1.4545454545454546,
      "no_speech_prob": 0.25795120000839233,
      "confidence": 0.41,
      "words": [
        {
          "text": "I",
          "start": 87.42,
          "end": 87.64,
          "confidence": 0.102
        },
        {
          "text": "love",
          "start": 87.64,
          "end": 87.88,
          "confidence": 0.822
        },
        {
          "text": "it.",
          "start": 87.88,
          "end": 88.7,
          "confidence": 0.822
        }
      ]
    },
    {
      "id": 20,
      "seek": 8840,
      "start": 88.78,
      "end": 88.98,
      "text": " Bye.",
      "tokens": [
        50364,
        4621,
        13,
        50389
      ],
      "temperature": 0.4,
      "avg_logprob": -0.8113484382629395,
      "compression_ratio": 0.3333333333333333,
      "no_speech_prob": 0.5791425108909607,
      "confidence": 0.255,
      "words": [
        {
          "text": "Bye.",
          "start": 88.78,
          "end": 88.98,
          "confidence": 0.255
        }
      ]
    }
  ],
  "language": "en"
}