{
  "text": " Apollo 11, Houston we got a recommendation for you on your Soyuz VEA GLEME GVA. Alright, okay, we like to see you guys. They make it one or two on the helmet. We're going to have a B1 and you can put the other one on the mic helmet with those GVA blizzard frames. I got them better now than you want. I got the other one right there. They're going to the leak reshaping. We got them in there. I'm in the bag. And I just, I don't know how to speak to you. Yeah. I'm in the helmet bag. I'm in the leases. I'm in the bag. Right here. Right here. I'm thinking Nick and me ought to say, Okay, fine, we weren't sure of that, just a suggestion. We thought we'd, you could check it out. I guess we're going to come up with it, let us know. Okay, no problem. No problem. No problem. No problem. We'll let you know when the end of the night. Bye.",
  "segments": [
    {
      "id": 0,
      "seek": 0,
      "start": 0.52,
      "end": 6.54,
      "text": " Apollo 11, Houston we got a recommendation for you on your Soyuz VEA GLEME GVA.",
      "tokens": [
        25187,
        2975,
        11,
        18717,
        321,
        658,
        257,
        11879,
        337,
        291,
        322,
        428,
        24758,
        3334,
        691,
        36,
        32,
        460,
        2634,
        15454,
        460,
        20914,
        13
      ],
      "temperature": 0.1,
      "avg_logprob": -0.722921347912447,
      "compression_ratio": 1.3697916666666667,
      "no_speech_prob": 0.44998496770858765,
      "confidence": 0.538,
      "words": [
        {
          "text": "Apollo",
          "start": 0.52,
          "end": 0.88,
          "confidence": 0.155
        },
        {
          "text": "11,",
          "start": 0.88,
          "end": 1.26,
          "confidence": 0.977
        },
        {
          "text": "Houston",
          "start": 1.52,
          "end": 1.72,
          "confidence": 0.986
        },
        {
          "text": "we",
          "start": 1.72,
          "end": 1.94,
          "confidence": 0.518
        },
        {
          "text": "got",
          "start": 1.94,
          "end": 2.1,
          "confidence": 0.823
        },
        {
          "text": "a",
          "start": 2.1,
          "end": 2.26,
          "confidence": 0.989
        },
        {
          "text": "recommendation",
          "start": 2.26,
          "end": 2.86,
          "confidence": 0.968
        },
        {
          "text": "for",
          "start": 2.86,
          "end": 3.44,
          "confidence": 0.946
        },
        {
          "text": "you",
          "start": 3.44,
          "end": 3.6,
          "confidence": 0.984
        },
        {
          "text": "on",
          "start": 3.6,
          "end": 3.72,
          "confidence": 0.909
        },
        {
          "text": "your",
          "start": 3.72,
          "end": 3.92,
          "confidence": 0.971
        },
        {
          "text": "Soyuz",
          "start": 3.92,
          "end": 4.76,
          "confidence": 0.283
        },
        {
          "text": "VEA",
          "start": 4.76,
          "end": 5.28,
          "confidence": 0.337
        },
        {
          "text": "GLEME",
          "start": 5.28,
          "end": 5.74,
          "confidence": 0.457
        },
        {
          "text": "GVA.",
          "start": 5.74,
          "end": 6.54,
          "confidence": 0.394
        }
      ]
    },
    {
      "id": 1,
      "seek": 0,
      "start": 7.48,
      "end": 14.58,
      "text": " Alright, okay, we like to see you guys.",
      "tokens": [
        2798,
        11,
        1392,
        11,
        321,
        411,
        281,
        536,
        291,
        1074,
        13
      ],
      "temperature": 0.1,
      "avg_logprob": -0.722921347912447,
      "compression_ratio": 1.3697916666666667,
      "no_speech_prob": 0.44998496770858765,
      "confidence": 0.32,
      "words": [
        {
          "text": "Alright,",
          "start": 7.48,
          "end": 11.04,
          "confidence": 0.302
        },
        {
          "text": "okay,",
          "start": 11.68,
          "end": 12.22,
          "confidence": 0.503
        },
        {
          "text": "we",
          "start": 12.52,
          "end": 12.96,
          "confidence": 0.6
        },
        {
          "text": "like",
          "start": 12.96,
          "end": 13.28,
          "confidence": 0.502
        },
        {
          "text": "to",
          "start": 13.28,
          "end": 13.54,
          "confidence": 0.261
        },
        {
          "text": "see",
          "start": 13.54,
          "end": 14.0,
          "confidence": 0.09
        },
        {
          "text": "you",
          "start": 14.0,
          "end": 14.4,
          "confidence": 0.146
        },
        {
          "text": "guys.",
          "start": 14.4,
          "end": 14.58,
          "confidence": 0.711
        }
      ]
    },
    {
      "id": 2,
      "seek": 0,
      "start": 14.82,
      "end": 17.17,
      "text": " They make it one or two on the helmet.",
      "tokens": [
        814,
        652,
        309,
        472,
        420,
        732,
        322,
        264,
        15922,
        13
      ],
      "temperature": 0.1,
      "avg_logprob": -0.722921347912447,
      "compression_ratio": 1.3697916666666667,
      "no_speech_prob": 0.44998496770858765,
      "confidence": 0.491,
      "words": [
        {
          "text": "They",
          "start": 14.82,
          "end": 15.48,
          "confidence": 0.525
        },
        {
          "text": "make",
          "start": 15.48,
          "end": 15.68,
          "confidence": 0.52
        },
        {
          "text": "it",
          "start": 15.68,
          "end": 15.86,
          "confidence": 0.287
        },
        {
          "text": "one",
          "start": 15.86,
          "end": 16.08,
          "confidence": 0.318
        },
        {
          "text": "or",
          "start": 16.08,
          "end": 16.24,
          "confidence": 0.155
        },
        {
          "text": "two",
          "start": 16.24,
          "end": 16.36,
          "confidence": 0.971
        },
        {
          "text": "on",
          "start": 16.36,
          "end": 16.58,
          "confidence": 0.694
        },
        {
          "text": "the",
          "start": 16.58,
          "end": 16.78,
          "confidence": 0.88
        },
        {
          "text": "helmet.",
          "start": 16.78,
          "end": 17.17,
          "confidence": 0.727
        }
      ]
    },
    {
      "id": 3,
      "seek": 0,
      "start": 17.17,
      "end": 24.52,
      "text": " We're going to have a B1 and you can put the other one on the mic helmet with those GVA blizzard frames.",
      "tokens": [
        492,
        434,
        516,
        281,
        362,
        257,
        363,
        16,
        293,
        291,
        393,
        829,
        264,
        661,
        472,
        322,
        264,
        3123,
        15922,
        365,
        729,
        460,
        20914,
        888,
        31062,
        12083,
        13
      ],
      "temperature": 0.1,
      "avg_logprob": -0.722921347912447,
      "compression_ratio": 1.3697916666666667,
      "no_speech_prob": 0.44998496770858765,
      "confidence": 0.542,
      "words": [
        {
          "text": "We're",
          "start": 17.17,
          "end": 17.78,
          "confidence": 0.62
        },
        {
          "text": "going",
          "start": 17.78,
          "end": 17.92,
          "confidence": 0.544
        },
        {
          "text": "to",
          "start": 17.92,
          "end": 17.98,
          "confidence": 0.993
        },
        {
          "text": "have",
          "start": 17.98,
          "end": 18.2,
          "confidence": 0.947
        },
        {
          "text": "a",
          "start": 18.2,
          "end": 18.36,
          "confidence": 0.351
        },
        {
          "text": "B1",
          "start": 18.36,
          "end": 19.08,
          "confidence": 0.828
        },
        {
          "text": "and",
          "start": 19.08,
          "end": 20.16,
          "confidence": 0.481
        },
        {
          "text": "you",
          "start": 20.16,
          "end": 20.32,
          "confidence": 0.844
        },
        {
          "text": "can",
          "start": 20.32,
          "end": 20.48,
          "confidence": 0.683
        },
        {
          "text": "put",
          "start": 20.48,
          "end": 20.64,
          "confidence": 0.968
        },
        {
          "text": "the",
          "start": 20.64,
          "end": 20.84,
          "confidence": 0.975
        },
        {
          "text": "other",
          "start": 20.84,
          "end": 21.0,
          "confidence": 0.995
        },
        {
          "text": "one",
          "start": 21.0,
          "end": 21.18,
          "confidence": 0.97
        },
        {
          "text": "on",
          "start": 21.18,
          "end": 21.42,
          "confidence": 0.982
        },
        {
          "text": "the",
          "start": 21.42,
          "end": 21.94,
          "confidence": 0.614
        },
        {
          "text": "mic",
          "start": 21.94,
          "end": 22.48,
          "confidence": 0.464
        },
        {
          "text": "helmet",
          "start": 22.48,
          "end": 22.8,
          "confidence": 0.934
        },
        {
          "text": "with",
          "start": 22.8,
          "end": 23.06,
          "confidence": 0.422
        },
        {
          "text": "those",
          "start": 23.06,
          "end": 23.3,
          "confidence": 0.356
        },
        {
          "text": "GVA",
          "start": 23.3,
          "end": 23.74,
          "confidence": 0.323
        },
        {
          "text": "blizzard",
          "start": 23.74,
          "end": 24.18,
          "confidence": 0.105
        },
        {
          "text": "frames.",
          "start": 24.18,
          "end": 24.52,
          "confidence": 0.226
        }
      ]
    },
    {
      "id": 4,
      "seek": 2500,
      "start": 25.0,
      "end": 34.96,
      "text": " I got them better now than you want.",
      "tokens": [
        286,
        658,
        552,
        1101,
        586,
        813,
        291,
        528,
        13
      ],
      "temperature": 0.1,
      "avg_logprob": -0.6997398376464844,
      "compression_ratio": 1.7228260869565217,
      "no_speech_prob": 0.8235840797424316,
      "confidence": 0.332,
      "words": [
        {
          "text": "I",
          "start": 25.0,
          "end": 27.38,
          "confidence": 0.121
        },
        {
          "text": "got",
          "start": 27.38,
          "end": 31.82,
          "confidence": 0.464
        },
        {
          "text": "them",
          "start": 31.82,
          "end": 32.12,
          "confidence": 0.264
        },
        {
          "text": "better",
          "start": 32.12,
          "end": 33.76,
          "confidence": 0.204
        },
        {
          "text": "now",
          "start": 33.76,
          "end": 34.04,
          "confidence": 0.767
        },
        {
          "text": "than",
          "start": 34.04,
          "end": 34.32,
          "confidence": 0.44
        },
        {
          "text": "you",
          "start": 34.32,
          "end": 34.64,
          "confidence": 0.178
        },
        {
          "text": "want.",
          "start": 34.64,
          "end": 34.96,
          "confidence": 0.811
        }
      ]
    },
    {
      "id": 5,
      "seek": 2500,
      "start": 35.08,
      "end": 36.36,
      "text": " I got the other one right there.",
      "tokens": [
        286,
        658,
        264,
        661,
        472,
        558,
        456,
        13
      ],
      "temperature": 0.1,
      "avg_logprob": -0.6997398376464844,
      "compression_ratio": 1.7228260869565217,
      "no_speech_prob": 0.8235840797424316,
      "confidence": 0.359,
      "words": [
        {
          "text": "I",
          "start": 35.08,
          "end": 35.28,
          "confidence": 0.288
        },
        {
          "text": "got",
          "start": 35.28,
          "end": 35.52,
          "confidence": 0.44
        },
        {
          "text": "the",
          "start": 35.52,
          "end": 35.68,
          "confidence": 0.262
        },
        {
          "text": "other",
          "start": 35.68,
          "end": 35.7,
          "confidence": 0.318
        },
        {
          "text": "one",
          "start": 35.7,
          "end": 35.8,
          "confidence": 0.808
        },
        {
          "text": "right",
          "start": 35.8,
          "end": 36.04,
          "confidence": 0.198
        },
        {
          "text": "there.",
          "start": 36.04,
          "end": 36.36,
          "confidence": 0.455
        }
      ]
    },
    {
      "id": 6,
      "seek": 2500,
      "start": 37.48,
      "end": 39.36,
      "text": " They're going to the leak reshaping.",
      "tokens": [
        814,
        434,
        516,
        281,
        264,
        17143,
        725,
        71,
        569,
        278,
        13
      ],
      "temperature": 0.1,
      "avg_logprob": -0.6997398376464844,
      "compression_ratio": 1.7228260869565217,
      "no_speech_prob": 0.8235840797424316,
      "confidence": 0.253,
      "words": [
        {
          "text": "They're",
          "start": 37.48,
          "end": 37.96,
          "confidence": 0.315
        },
        {
          "text": "going",
          "start": 37.96,
          "end": 38.12,
          "confidence": 0.906
        },
        {
          "text": "to",
          "start": 38.12,
          "end": 38.36,
          "confidence": 0.271
        },
        {
          "text": "the",
          "start": 38.36,
          "end": 38.5,
          "confidence": 0.098
        },
        {
          "text": "leak",
          "start": 38.5,
          "end": 38.76,
          "confidence": 0.076
        },
        {
          "text": "reshaping.",
          "start": 38.76,
          "end": 39.36,
          "confidence": 0.278
        }
      ]
    },
    {
      "id": 7,
      "seek": 2500,
      "start": 39.48,
      "end": 40.98,
      "text": " We got them in there.",
      "tokens": [
        492,
        658,
        552,
        294,
        456,
        13
      ],
      "temperature": 0.1,
      "avg_logprob": -0.6997398376464844,
      "compression_ratio": 1.7228260869565217,
      "no_speech_prob": 0.8235840797424316,
      "confidence": 0.674,
      "words": [
        {
          "text": "We",
          "start": 39.48,
          "end": 40.2,
          "confidence": 0.564
        },
        {
          "text": "got",
          "start": 40.2,
          "end": 40.48,
          "confidence": 0.531
        },
        {
          "text": "them",
          "start": 40.48,
          "end": 40.64,
          "confidence": 0.832
        },
        {
          "text": "in",
          "start": 40.64,
          "end": 40.74,
          "confidence": 0.948
        },
        {
          "text": "there.",
          "start": 40.74,
          "end": 40.98,
          "confidence": 0.586
        }
      ]
    },
    {
      "id": 8,
      "seek": 2500,
      "start": 41.12,
      "end": 41.98,
      "text": " I'm in the bag.",
      "tokens": [
        286,
        478,
        294,
        264,
        3411,
        13
      ],
      "temperature": 0.1,
      "avg_logprob": -0.6997398376464844,
      "compression_ratio": 1.7228260869565217,
      "no_speech_prob": 0.8235840797424316,
      "confidence": 0.257,
      "words": [
        {
          "text": "I'm",
          "start": 41.12,
          "end": 41.48,
          "confidence": 0.208
        },
        {
          "text": "in",
          "start": 41.48,
          "end": 41.66,
          "confidence": 0.25
        },
        {
          "text": "the",
          "start": 41.66,
          "end": 41.8,
          "confidence": 0.189
        },
        {
          "text": "bag.",
          "start": 41.8,
          "end": 41.98,
          "confidence": 0.551
        }
      ]
    },
    {
      "id": 9,
      "seek": 2500,
      "start": 43.1,
      "end": 45.31,
      "text": " And I just, I don't know how to speak to you.",
      "tokens": [
        400,
        286,
        445,
        11,
        286,
        500,
        380,
        458,
        577,
        281,
        1710,
        281,
        291,
        13
      ],
      "temperature": 0.1,
      "avg_logprob": -0.6997398376464844,
      "compression_ratio": 1.7228260869565217,
      "no_speech_prob": 0.8235840797424316,
      "confidence": 0.481,
      "words": [
        {
          "text": "And",
          "start": 43.1,
          "end": 43.36,
          "confidence": 0.464
        },
        {
          "text": "I",
          "start": 43.36,
          "end": 44.0,
          "confidence": 0.456
        },
        {
          "text": "just,",
          "start": 44.0,
          "end": 44.18,
          "confidence": 0.269
        },
        {
          "text": "I",
          "start": 44.46,
          "end": 44.52,
          "confidence": 0.419
        },
        {
          "text": "don't",
          "start": 44.52,
          "end": 44.56,
          "confidence": 0.593
        },
        {
          "text": "know",
          "start": 44.56,
          "end": 44.62,
          "confidence": 0.886
        },
        {
          "text": "how",
          "start": 44.62,
          "end": 44.66,
          "confidence": 0.439
        },
        {
          "text": "to",
          "start": 44.66,
          "end": 44.82,
          "confidence": 0.767
        },
        {
          "text": "speak",
          "start": 44.82,
          "end": 44.96,
          "confidence": 0.213
        },
        {
          "text": "to",
          "start": 44.96,
          "end": 45.18,
          "confidence": 0.497
        },
        {
          "text": "you.",
          "start": 45.18,
          "end": 45.31,
          "confidence": 0.585
        }
      ]
    },
    {
      "id": 10,
      "seek": 2500,
      "start": 45.31,
      "end": 45.44,
      "text": " Yeah.",
      "tokens": [
        865,
        13
      ],
      "temperature": 0.1,
      "avg_logprob": -0.6997398376464844,
      "compression_ratio": 1.7228260869565217,
      "no_speech_prob": 0.8235840797424316,
      "confidence": 0.357,
      "words": [
        {
          "text": "Yeah.",
          "start": 45.31,
          "end": 45.44,
          "confidence": 0.357
        }
      ]
    },
    {
      "id": 11,
      "seek": 2500,
      "start": 46.18,
      "end": 47.38,
      "text": " I'm in the helmet bag.",
      "tokens": [
        286,
        478,
        294,
        264,
        15922,
        3411,
        13
      ],
      "temperature": 0.1,
      "avg_logprob": -0.6997398376464844,
      "compression_ratio": 1.7228260869565217,
      "no_speech_prob": 0.8235840797424316,
      "confidence": 0.522,
      "words": [
        {
          "text": "I'm",
          "start": 46.18,
          "end": 46.42,
          "confidence": 0.479
        },
        {
          "text": "in",
          "start": 46.42,
          "end": 46.6,
          "confidence": 0.909
        },
        {
          "text": "the",
          "start": 46.6,
          "end": 46.9,
          "confidence": 0.942
        },
        {
          "text": "helmet",
          "start": 46.9,
          "end": 47.06,
          "confidence": 0.134
        },
        {
          "text": "bag.",
          "start": 47.06,
          "end": 47.38,
          "confidence": 0.762
        }
      ]
    },
    {
      "id": 12,
      "seek": 2500,
      "start": 48.22,
      "end": 48.76,
      "text": " I'm in the leases.",
      "tokens": [
        286,
        478,
        294,
        264,
        476,
        1957,
        13
      ],
      "temperature": 0.1,
      "avg_logprob": -0.6997398376464844,
      "compression_ratio": 1.7228260869565217,
      "no_speech_prob": 0.8235840797424316,
      "confidence": 0.567,
      "words": [
        {
          "text": "I'm",
          "start": 48.22,
          "end": 48.36,
          "confidence": 0.514
        },
        {
          "text": "in",
          "start": 48.36,
          "end": 48.46,
          "confidence": 0.722
        },
        {
          "text": "the",
          "start": 48.46,
          "end": 48.52,
          "confidence": 0.963
        },
        {
          "text": "leases.",
          "start": 48.52,
          "end": 48.76,
          "confidence": 0.425
        }
      ]
    },
    {
      "id": 13,
      "seek": 2500,
      "start": 48.84,
      "end": 49.56,
      "text": " I'm in the bag.",
      "tokens": [
        286,
        478,
        294,
        264,
        3411,
        13
      ],
      "temperature": 0.1,
      "avg_logprob": -0.6997398376464844,
      "compression_ratio": 1.7228260869565217,
      "no_speech_prob": 0.8235840797424316,
      "confidence": 0.742,
      "words": [
        {
          "text": "I'm",
          "start": 48.84,
          "end": 49.1,
          "confidence": 0.821
        },
        {
          "text": "in",
          "start": 49.1,
          "end": 49.22,
          "confidence": 0.974
        },
        {
          "text": "the",
          "start": 49.22,
          "end": 49.3,
          "confidence": 0.979
        },
        {
          "text": "bag.",
          "start": 49.3,
          "end": 49.56,
          "confidence": 0.349
        }
      ]
    },
    {
      "id": 14,
      "seek": 2500,
      "start": 50.12,
      "end": 50.6,
      "text": " Right here.",
      "tokens": [
        1779,
        510,
        13
      ],
      "temperature": 0.1,
      "avg_logprob": -0.6997398376464844,
      "compression_ratio": 1.7228260869565217,
      "no_speech_prob": 0.8235840797424316,
      "confidence": 0.391,
      "words": [
        {
          "text": "Right",
          "start": 50.12,
          "end": 50.4,
          "confidence": 0.26
        },
        {
          "text": "here.",
          "start": 50.4,
          "end": 50.6,
          "confidence": 0.587
        }
      ]
    },
    {
      "id": 15,
      "seek": 2500,
      "start": 51.46,
      "end": 51.92,
      "text": " Right here.",
      "tokens": [
        1779,
        510,
        13
      ],
      "temperature": 0.1,
      "avg_logprob": -0.6997398376464844,
      "compression_ratio": 1.7228260869565217,
      "no_speech_prob": 0.8235840797424316,
      "confidence": 0.814,
      "words": [
        {
          "text": "Right",
          "start": 51.46,
          "end": 51.74,
          "confidence": 0.713
        },
        {
          "text": "here.",
          "start": 51.74,
          "end": 51.92,
          "confidence": 0.928
        }
      ]
    },
    {
      "id": 16,
      "seek": 2500,
      "start": 51.92,
      "end": 53.12,
      "text": " I'm thinking Nick and me ought to say,",
      "tokens": [
        286,
        478,
        1953,
        9449,
        293,
        385,
        13416,
        281,
        584,
        11
      ],
      "temperature": 0.1,
      "avg_logprob": -0.6997398376464844,
      "compression_ratio": 1.7228260869565217,
      "no_speech_prob": 0.8235840797424316,
      "confidence": 0.427,
      "words": [
        {
          "text": "I'm",
          "start": 51.92,
          "end": 52.04,
          "confidence": 0.522
        },
        {
          "text": "thinking",
          "start": 52.04,
          "end": 52.3,
          "confidence": 0.651
        },
        {
          "text": "Nick",
          "start": 52.3,
          "end": 52.52,
          "confidence": 0.201
        },
        {
          "text": "and",
          "start": 52.52,
          "end": 52.6,
          "confidence": 0.201
        },
        {
          "text": "me",
          "start": 52.6,
          "end": 52.74,
          "confidence": 0.465
        },
        {
          "text": "ought",
          "start": 52.74,
          "end": 52.9,
          "confidence": 0.563
        },
        {
          "text": "to",
          "start": 52.9,
          "end": 53.0,
          "confidence": 0.856
        },
        {
          "text": "say,",
          "start": 53.0,
          "end": 53.12,
          "confidence": 0.292
        }
      ]
    },
    {
      "id": 17,
      "seek": 5400,
      "start": 54.0,
      "end": 61.48,
      "text": " Okay, fine, we weren't sure of that, just a suggestion.",
      "tokens": [
        1033,
        11,
        2489,
        11,
        321,
        4999,
        380,
        988,
        295,
        300,
        11,
        445,
        257,
        16541,
        13
      ],
      "temperature": 0.1,
      "avg_logprob": -0.6361377022483132,
      "compression_ratio": 1.3941605839416058,
      "no_speech_prob": 0.6805596351623535,
      "confidence": 0.592,
      "words": [
        {
          "text": "Okay,",
          "start": 54.0,
          "end": 54.08,
          "confidence": 0.077
        },
        {
          "text": "fine,",
          "start": 54.12,
          "end": 55.2,
          "confidence": 0.183
        },
        {
          "text": "we",
          "start": 56.42,
          "end": 56.66,
          "confidence": 0.91
        },
        {
          "text": "weren't",
          "start": 56.66,
          "end": 57.18,
          "confidence": 0.973
        },
        {
          "text": "sure",
          "start": 57.18,
          "end": 59.86,
          "confidence": 0.9
        },
        {
          "text": "of",
          "start": 59.86,
          "end": 60.0,
          "confidence": 0.583
        },
        {
          "text": "that,",
          "start": 60.0,
          "end": 60.4,
          "confidence": 0.989
        },
        {
          "text": "just",
          "start": 60.48,
          "end": 60.66,
          "confidence": 0.634
        },
        {
          "text": "a",
          "start": 60.66,
          "end": 61.26,
          "confidence": 0.78
        },
        {
          "text": "suggestion.",
          "start": 61.26,
          "end": 61.48,
          "confidence": 0.996
        }
      ]
    },
    {
      "id": 18,
      "seek": 5400,
      "start": 61.48,
      "end": 64.02,
      "text": " We thought we'd, you could check it out.",
      "tokens": [
        492,
        1194,
        321,
        1116,
        11,
        291,
        727,
        1520,
        309,
        484,
        13
      ],
      "temperature": 0.1,
      "avg_logprob": -0.6361377022483132,
      "compression_ratio": 1.3941605839416058,
      "no_speech_prob": 0.6805596351623535,
      "confidence": 0.735,
      "words": [
        {
          "text": "We",
          "start": 61.48,
          "end": 62.82,
          "confidence": 0.624
        },
        {
          "text": "thought",
          "start": 62.82,
          "end": 62.84,
          "confidence": 0.965
        },
        {
          "text": "we'd,",
          "start": 62.84,
          "end": 62.86,
          "confidence": 0.65
        },
        {
          "text": "you",
          "start": 62.86,
          "end": 62.88,
          "confidence": 0.42
        },
        {
          "text": "could",
          "start": 62.88,
          "end": 63.5,
          "confidence": 0.775
        },
        {
          "text": "check",
          "start": 63.5,
          "end": 63.64,
          "confidence": 0.774
        },
        {
          "text": "it",
          "start": 63.64,
          "end": 63.86,
          "confidence": 0.986
        },
        {
          "text": "out.",
          "start": 63.86,
          "end": 64.02,
          "confidence": 0.995
        }
      ]
    },
    {
      "id": 19,
      "seek": 5400,
      "start": 66.48,
      "end": 72.4,
      "text": " I guess we're going to come up with it, let us know.",
      "tokens": [
        286,
        2041,
        321,
        434,
        516,
        281,
        808,
        493,
        365,
        309,
        11,
        718,
        505,
        458,
        13
      ],
      "temperature": 0.1,
      "avg_logprob": -0.6361377022483132,
      "compression_ratio": 1.3941605839416058,
      "no_speech_prob": 0.6805596351623535,
      "confidence": 0.613,
      "words": [
        {
          "text": "I",
          "start": 66.48,
          "end": 68.4,
          "confidence": 0.202
        },
        {
          "text": "guess",
          "start": 68.4,
          "end": 69.54,
          "confidence": 0.486
        },
        {
          "text": "we're",
          "start": 69.54,
          "end": 71.08,
          "confidence": 0.557
        },
        {
          "text": "going",
          "start": 71.08,
          "end": 71.2,
          "confidence": 0.415
        },
        {
          "text": "to",
          "start": 71.2,
          "end": 71.26,
          "confidence": 0.985
        },
        {
          "text": "come",
          "start": 71.26,
          "end": 71.42,
          "confidence": 0.939
        },
        {
          "text": "up",
          "start": 71.42,
          "end": 71.6,
          "confidence": 0.87
        },
        {
          "text": "with",
          "start": 71.6,
          "end": 71.76,
          "confidence": 0.96
        },
        {
          "text": "it,",
          "start": 71.76,
          "end": 71.9,
          "confidence": 0.266
        },
        {
          "text": "let",
          "start": 72.04,
          "end": 72.1,
          "confidence": 0.674
        },
        {
          "text": "us",
          "start": 72.1,
          "end": 72.24,
          "confidence": 0.994
        },
        {
          "text": "know.",
          "start": 72.24,
          "end": 72.4,
          "confidence": 0.996
        }
      ]
    },
    {
      "id": 20,
      "seek": 5400,
      "start": 72.4,
      "end": 72.46,
      "text": " Okay, no problem.",
      "tokens": [
        1033,
        11,
        572,
        1154,
        13
      ],
      "temperature": 0.1,
      "avg_logprob": -0.6361377022483132,
      "compression_ratio": 1.3941605839416058,
      "no_speech_prob": 0.6805596351623535,
      "confidence": 0.783,
      "words": [
        {
          "text": "Okay,",
          "start": 72.4,
          "end": 72.42,
          "confidence": 0.546
        },
        {
          "text": "no",
          "start": 72.42,
          "end": 72.44,
          "confidence": 0.913
        },
        {
          "text": "problem.",
          "start": 72.44,
          "end": 72.46,
          "confidence": 0.965
        }
      ]
    },
    {
      "id": 21,
      "seek": 5400,
      "start": 74.22,
      "end": 75.18,
      "text": " No problem.",
      "tokens": [
        883,
        1154,
        13
      ],
      "temperature": 0.1,
      "avg_logprob": -0.6361377022483132,
      "compression_ratio": 1.3941605839416058,
      "no_speech_prob": 0.6805596351623535,
      "confidence": 0.485,
      "words": [
        {
          "text": "No",
          "start": 74.22,
          "end": 74.3,
          "confidence": 0.25
        },
        {
          "text": "problem.",
          "start": 74.3,
          "end": 75.18,
          "confidence": 0.941
        }
      ]
    },
    {
      "id": 22,
      "seek": 5400,
      "start": 75.48,
      "end": 76.24,
      "text": " No problem.",
      "tokens": [
        883,
        1154,
        13
      ],
      "temperature": 0.1,
      "avg_logprob": -0.6361377022483132,
      "compression_ratio": 1.3941605839416058,
      "no_speech_prob": 0.6805596351623535,
      "confidence": 0.238,
      "words": [
        {
          "text": "No",
          "start": 75.48,
          "end": 76.18,
          "confidence": 0.296
        },
        {
          "text": "problem.",
          "start": 76.18,
          "end": 76.24,
          "confidence": 0.191
        }
      ]
    },
    {
      "id": 23,
      "seek": 7600,
      "start": 76.24,
      "end": 76.51,
      "text": " No problem.",
      "tokens": [
        883,
        1154,
        13
      ],
      "temperature": 0.1,
      "avg_logprob": -0.7239463329315186,
      "compression_ratio": 0.9393939393939394,
      "no_speech_prob": 0.3604348599910736,
      "confidence": 0.653,
      "words": [
        {
          "text": "No",
          "start": 76.24,
          "end": 76.26,
          "confidence": 0.463
        },
        {
          "text": "problem.",
          "start": 76.26,
          "end": 76.51,
          "confidence": 0.922
        }
      ]
    },
    {
      "id": 24,
      "seek": 7600,
      "start": 76.51,
      "end": 78.24,
      "text": " We'll let you know when the end of the night.",
      "tokens": [
        492,
        603,
        718,
        291,
        458,
        562,
        264,
        917,
        295,
        264,
        1818,
        13
      ],
      "temperature": 0.1,
      "avg_logprob": -0.7239463329315186,
      "compression_ratio": 0.9393939393939394,
      "no_speech_prob": 0.3604348599910736,
      "confidence": 0.568,
      "words": [
        {
          "text": "We'll",
          "start": 76.51,
          "end": 76.8,
          "confidence": 0.617
        },
        {
          "text": "let",
          "start": 76.8,
          "end": 76.92,
          "confidence": 0.825
        },
        {
          "text": "you",
          "start": 76.92,
          "end": 77.08,
          "confidence": 0.361
        },
        {
          "text": "know",
          "start": 77.08,
          "end": 77.2,
          "confidence": 0.993
        },
        {
          "text": "when",
          "start": 77.2,
          "end": 77.32,
          "confidence": 0.328
        },
        {
          "text": "the",
          "start": 77.32,
          "end": 77.4,
          "confidence": 0.944
        },
        {
          "text": "end",
          "start": 77.4,
          "end": 77.52,
          "confidence": 0.976
        },
        {
          "text": "of",
          "start": 77.52,
          "end": 77.64,
          "confidence": 0.978
        },
        {
          "text": "the",
          "start": 77.64,
          "end": 78.14,
          "confidence": 0.256
        },
        {
          "text": "night.",
          "start": 78.14,
          "end": 78.24,
          "confidence": 0.232
        }
      ]
    },
    {
      "id": 25,
      "seek": 7800,
      "start": 78.24,
      "end": 78.26,
      "text": " Bye.",
      "tokens": [
        50364,
        4621,
        13,
        50414
      ],
      "temperature": 0.1,
      "avg_logprob": -1.4602859497070313,
      "compression_ratio": 0.3333333333333333,
      "no_speech_prob": 0.4982070028781891,
      "confidence": 0.047,
      "words": [
        {
          "text": "Bye.",
          "start": 78.24,
          "end": 78.26,
          "confidence": 0.047
        }
      ]
    }
  ],
  "language": "English"
}