start	end	text
400	2620	Dis-moi, est-ce que l'avion vole?
