start	end	text
400	1360	Dis-moi,
1360	1520	est-ce
1520	1640	que
1640	2020	l'avion
2020	2620	vole?
