"Dis-moi,",0.4,1.36
est-ce,1.36,1.52
que,1.52,1.64
l'avion,1.64,2.02
vole?,2.02,2.34
