{
  "text": " Bonjour! Est-ce que vous allez bien? Bonjour! Est-ce que vous allez bien?",
  "segments": [
    {
      "id": 0,
      "seek": 0,
      "start": 1.2,
      "end": 3.8,
      "text": " Bonjour! Est-ce que vous allez bien?",
      "tokens": [
        50364,
        25431,
        2298,
        4410,
        12,
        384,
        631,
        2630,
        18146,
        3610,
        2506,
        50564
      ],
      "temperature": 0.0,
      "avg_logprob": -0.36167075083805966,
      "compression_ratio": 0.8181818181818182,
      "no_speech_prob": 0.07169149070978165,
      "confidence": 0.936,
      "words": [
        {
          "text": "Bonjour!",
          "start": 1.2,
          "end": 1.76,
          "confidence": 0.874
        },
        {
          "text": "Est-ce",
          "start": 1.76,
          "end": 2.18,
          "confidence": 0.885
        },
        {
          "text": "que",
          "start": 2.18,
          "end": 2.22,
          "confidence": 0.988
        },
        {
          "text": "vous",
          "start": 2.22,
          "end": 2.38,
          "confidence": 0.996
        },
        {
          "text": "allez",
          "start": 2.38,
          "end": 2.58,
          "confidence": 0.99
        },
        {
          "text": "bien?",
          "start": 2.58,
          "end": 3.8,
          "confidence": 0.999
        }
      ]
    },
    {
      "id": 1,
      "seek": 3000,
      "start": 33.0,
      "end": 35.48,
      "text": " Bonjour! Est-ce que vous allez bien?",
      "tokens": [
        50414,
        25431,
        2298,
        4410,
        12,
        384,
        631,
        2630,
        18146,
        3610,
        2506,
        50614
      ],
      "temperature": 0.0,
      "avg_logprob": -0.23355869146493766,
      "compression_ratio": 0.8181818181818182,
      "no_speech_prob": 0.3333144187927246,
      "confidence": 0.956,
      "words": [
        {
          "text": "Bonjour!",
          "start": 33.0,
          "end": 34.36,
          "confidence": 0.832
        },
        {
          "text": "Est-ce",
          "start": 34.36,
          "end": 34.74,
          "confidence": 0.944
        },
        {
          "text": "que",
          "start": 34.74,
          "end": 34.78,
          "confidence": 0.997
        },
        {
          "text": "vous",
          "start": 34.78,
          "end": 34.9,
          "confidence": 0.999
        },
        {
          "text": "allez",
          "start": 34.9,
          "end": 35.12,
          "confidence": 0.997
        },
        {
          "text": "bien?",
          "start": 35.12,
          "end": 35.48,
          "confidence": 0.999
        }
      ]
    }
  ],
  "language": "fr"
}