{
  "text": " Bonjour!",
  "segments": [
    {
      "id": 0,
      "seek": 0,
      "start": 0.16,
      "end": 0.78,
      "text": " Bonjour!",
      "tokens": [
        50364,
        25431,
        2298,
        50402
      ],
      "temperature": 0.0,
      "avg_logprob": -0.629585075378418,
      "compression_ratio": 0.5,
      "no_speech_prob": 0.10433679074048996,
      "confidence": 0.813,
      "words": [
        {
          "text": "Bonjour!",
          "start": 0.16,
          "end": 0.78,
          "confidence": 0.813
        }
      ]
    }
  ],
  "language": "fr"
}