{
  "text": " La réapparition du Messe-Bouche de 1962 en tant que missale pour la forme exceptionnelle du roi de la Réthos n'est pas encore la même chose que l'a voulu le Père de Benedict. La réapparition du Messe-Bouche de 1962 en tant que missale pour la forme exceptionnelle du roi de la Réthos",
  "segments": [
    {
      "id": 0,
      "seek": 0,
      "start": 0.0,
      "end": 11.84,
      "text": " La réapparition du Messe-Bouche de 1962 en tant que missale pour la forme exceptionnelle du roi de la Réthos n'est pas encore la même chose que l'a voulu le Père de Benedict.",
      "tokens": [
        2369,
        3960,
        1746,
        289,
        849,
        1581,
        376,
        7357,
        12,
        33,
        263,
        1876,
        368,
        39498,
        465,
        12095,
        631,
        1713,
        1220,
        2016,
        635,
        28670,
        11183,
        37365,
        1581,
        744,
        72,
        368,
        635,
        497,
        526,
        392,
        329,
        297,
        6,
        377,
        1736,
        10122,
        635,
        5698,
        5111,
        631,
        287,
        6,
        64,
        6008,
        2781,
        476,
        430,
        4212,
        368,
        47837,
        13
      ],
      "temperature": 0.0,
      "avg_logprob": -1.0266682808859307,
      "compression_ratio": 1.2275862068965517,
      "no_speech_prob": 0.5754758715629578,
      "confidence": 0.361,
      "words": [
        {
          "text": "La",
          "start": 0.0,
          "end": 1.08,
          "confidence": 0.159
        },
        {
          "text": "réapparition",
          "start": 1.08,
          "end": 1.86,
          "confidence": 0.267
        },
        {
          "text": "du",
          "start": 1.86,
          "end": 2.14,
          "confidence": 0.763
        },
        {
          "text": "Messe-Bouche",
          "start": 2.14,
          "end": 2.78,
          "confidence": 0.344
        },
        {
          "text": "de",
          "start": 2.78,
          "end": 3.26,
          "confidence": 0.664
        },
        {
          "text": "1962",
          "start": 3.26,
          "end": 4.92,
          "confidence": 0.962
        },
        {
          "text": "en",
          "start": 4.92,
          "end": 5.22,
          "confidence": 0.357
        },
        {
          "text": "tant",
          "start": 5.22,
          "end": 5.32,
          "confidence": 0.147
        },
        {
          "text": "que",
          "start": 5.32,
          "end": 5.34,
          "confidence": 0.829
        },
        {
          "text": "missale",
          "start": 5.34,
          "end": 5.76,
          "confidence": 0.301
        },
        {
          "text": "pour",
          "start": 5.76,
          "end": 5.96,
          "confidence": 0.503
        },
        {
          "text": "la",
          "start": 5.96,
          "end": 6.1,
          "confidence": 0.588
        },
        {
          "text": "forme",
          "start": 6.1,
          "end": 6.12,
          "confidence": 0.977
        },
        {
          "text": "exceptionnelle",
          "start": 6.12,
          "end": 7.34,
          "confidence": 0.692
        },
        {
          "text": "du",
          "start": 7.34,
          "end": 7.66,
          "confidence": 0.738
        },
        {
          "text": "roi",
          "start": 7.66,
          "end": 7.92,
          "confidence": 0.311
        },
        {
          "text": "de",
          "start": 7.92,
          "end": 8.02,
          "confidence": 0.138
        },
        {
          "text": "la",
          "start": 8.02,
          "end": 8.1,
          "confidence": 0.182
        },
        {
          "text": "Réthos",
          "start": 8.1,
          "end": 9.02,
          "confidence": 0.353
        },
        {
          "text": "n'est",
          "start": 9.02,
          "end": 9.66,
          "confidence": 0.602
        },
        {
          "text": "pas",
          "start": 9.66,
          "end": 10.0,
          "confidence": 0.781
        },
        {
          "text": "encore",
          "start": 10.0,
          "end": 10.22,
          "confidence": 0.055
        },
        {
          "text": "la",
          "start": 10.22,
          "end": 10.74,
          "confidence": 0.045
        },
        {
          "text": "même",
          "start": 10.74,
          "end": 10.76,
          "confidence": 0.041
        },
        {
          "text": "chose",
          "start": 10.76,
          "end": 10.78,
          "confidence": 0.117
        },
        {
          "text": "que",
          "start": 10.78,
          "end": 11.04,
          "confidence": 0.804
        },
        {
          "text": "l'a",
          "start": 11.04,
          "end": 11.14,
          "confidence": 0.58
        },
        {
          "text": "voulu",
          "start": 11.14,
          "end": 11.16,
          "confidence": 0.719
        },
        {
          "text": "le",
          "start": 11.16,
          "end": 11.28,
          "confidence": 0.285
        },
        {
          "text": "Père",
          "start": 11.28,
          "end": 11.48,
          "confidence": 0.409
        },
        {
          "text": "de",
          "start": 11.48,
          "end": 11.5,
          "confidence": 0.299
        },
        {
          "text": "Benedict.",
          "start": 11.5,
          "end": 11.84,
          "confidence": 0.392
        }
      ]
    },
    {
      "id": 1,
      "seek": 1300,
      "start": 13.98,
      "end": 15.2,
      "text": " La réapparition du Messe-Bouche de 1962 en tant que missale pour la forme exceptionnelle du roi de la Réthos",
      "tokens": [
        2369,
        3960,
        1746,
        289,
        849,
        1581,
        376,
        7357,
        12,
        33,
        263,
        1876,
        368,
        39498,
        465,
        12095,
        631,
        1713,
        1220,
        2016,
        635,
        28670,
        11183,
        37365,
        1581,
        744,
        72,
        368,
        635,
        497,
        526,
        392,
        329,
        297,
        6,
        377,
        1736,
        10122,
        635,
        5698,
        5111,
        631,
        287,
        6,
        64,
        6008,
        2781,
        476,
        430,
        4212,
        368,
        47837,
        13
      ],
      "temperature": 0.0,
      "avg_logprob": -0.11944083656583514,
      "compression_ratio": 1.2275862068965517,
      "no_speech_prob": 0.992529571056366,
      "confidence": 0.938,
      "words": [
        {
          "text": "La",
          "start": 13.98,
          "end": 14.24,
          "confidence": 0.417
        },
        {
          "text": "réapparition",
          "start": 14.24,
          "end": 14.46,
          "confidence": 0.98
        },
        {
          "text": "du",
          "start": 14.46,
          "end": 14.54,
          "confidence": 0.896
        },
        {
          "text": "Messe-Bouche",
          "start": 14.54,
          "end": 14.56,
          "confidence": 0.979
        },
        {
          "text": "de",
          "start": 14.56,
          "end": 14.58,
          "confidence": 0.978
        },
        {
          "text": "1962",
          "start": 14.58,
          "end": 14.6,
          "confidence": 0.334
        },
        {
          "text": "en",
          "start": 14.6,
          "end": 14.62,
          "confidence": 0.829
        },
        {
          "text": "tant",
          "start": 14.62,
          "end": 14.64,
          "confidence": 0.999
        },
        {
          "text": "que",
          "start": 14.64,
          "end": 14.66,
          "confidence": 0.995
        },
        {
          "text": "missale",
          "start": 14.66,
          "end": 14.68,
          "confidence": 0.909
        },
        {
          "text": "pour",
          "start": 14.68,
          "end": 14.7,
          "confidence": 0.969
        },
        {
          "text": "la",
          "start": 14.7,
          "end": 14.72,
          "confidence": 0.991
        },
        {
          "text": "forme",
          "start": 14.72,
          "end": 14.74,
          "confidence": 0.995
        },
        {
          "text": "exceptionnelle",
          "start": 14.74,
          "end": 14.76,
          "confidence": 0.979
        },
        {
          "text": "du",
          "start": 14.76,
          "end": 14.78,
          "confidence": 0.938
        },
        {
          "text": "roi",
          "start": 14.78,
          "end": 14.8,
          "confidence": 0.987
        },
        {
          "text": "de",
          "start": 14.8,
          "end": 14.82,
          "confidence": 0.993
        },
        {
          "text": "la",
          "start": 14.82,
          "end": 14.84,
          "confidence": 0.983
        },
        {
          "text": "Réthos",
          "start": 14.84,
          "end": 15.2,
          "confidence": 0.996
        }
      ]
    }
  ],
  "language": "fr"
}