{
  "text": "...",
  "segments": [
    {
      "id": 0,
      "seek": 0,
      "start": 0.0,
      "end": 15.06,
      "text": "...",
      "tokens": [
        1097
      ],
      "temperature": 0.0,
      "avg_logprob": -1.3470145463943481,
      "compression_ratio": 0.2727272727272727,
      "no_speech_prob": 0.32281985878944397,
      "confidence": 0.142,
      "words": [
        {
          "text": "...",
          "start": 0.0,
          "end": 15.06,
          "confidence": 0.142
        }
      ]
    }
  ],
  "language": "fr"
}