{
  "text": " Heu heu heu...",
  "segments": [
    {
      "id": 0,
      "seek": 0,
      "start": 0.22,
      "end": 0.68,
      "text": " Heu heu heu...",
      "tokens": [
        50364,
        634,
        84,
        415,
        84,
        415,
        84,
        485,
        50399
      ],
      "temperature": 0.0,
      "avg_logprob": -0.9955031394958496,
      "compression_ratio": 0.8235294117647058,
      "no_speech_prob": 0.4509737491607666,
      "confidence": 0.276,
      "words": [
        {
          "text": "Heu",
          "start": 0.22,
          "end": 0.42,
          "confidence": 0.073
        },
        {
          "text": "heu",
          "start": 0.42,
          "end": 0.6,
          "confidence": 0.378
        },
        {
          "text": "heu...",
          "start": 0.6,
          "end": 0.68,
          "confidence": 0.541
        }
      ]
    }
  ],
  "language": "fr"
}