Detecting language using up to the first 30 seconds. Use `--language` to specify the language
Detected language: Russian
[00:00.440 --> 00:00.780] Боже
[00:00.780 --> 00:02.460] улыл!
[00:02.480 --> 00:02.620] Размал
[00:02.620 --> 00:27.460] стекомпоз.
[00:27.480 --> 00:27.520] Ни
[00:27.520 --> 00:29.100] порезает
[00:29.100 --> 00:29.120] и
[00:29.120 --> 00:36.320] этоינок
[00:36.320 --> 00:36.400] тёбок
[00:36.400 --> 00:36.420] здоров
[00:36.420 --> 00:36.440] в
[00:36.440 --> 00:36.520] тихо.
