[00:00.460 --> 00:01.360] Bonjour!
[00:01.860 --> 00:02.140] Est-ce
[00:02.140 --> 00:02.180] que
[00:02.180 --> 00:02.340] vous
[00:02.340 --> 00:02.480] allez
[00:02.480 --> 00:03.080] bien?
[00:33.000 --> 00:33.640] Bonjour!
[00:34.920 --> 00:34.960] Bonjour!
[00:34.960 --> 00:35.000] Est-ce
[00:35.000 --> 00:35.040] que
[00:35.040 --> 00:35.080] vous
[00:35.080 --> 00:35.120] allez
[00:35.120 --> 00:35.580] bien?
